Component: ARM Compiler 5.06 update 1 (build 61) Tool: armlink [4d35a8]

==============================================================================

Section Cross References

    main.o(i.CPU_CACHE_Enable) refers to main.o(i.SCB_EnableDCache) for SCB_EnableDCache
    main.o(i.Error_Handler) refers to led_746g_discovery.o(i.LED_On) for LED_On
    main.o(i.Error_Handler) refers to rt_cmsis.o(i.osDelay) for osDelay
    main.o(i.Error_Handler) refers to led_746g_discovery.o(i.LED_Off) for LED_Off
    main.o(i.HAL_GetTick) refers to rt_time.o(.data) for os_time
    main.o(i.Hello_MSG) refers to gui_setcolor.o(i.GUI_SetColor) for GUI_SetColor
    main.o(i.Hello_MSG) refers to gui_setfont.o(i.GUI_SetFont) for GUI_SetFont
    main.o(i.Hello_MSG) refers to gui_dispstringhcenter.o(i.GUI_DispStringHCenterAt) for GUI_DispStringHCenterAt
    main.o(i.Hello_MSG) refers to rt_cmsis.o(i.osDelay) for osDelay
    main.o(i.Hello_MSG) refers to gui_core.o(i.GUI_Clear) for GUI_Clear
    main.o(i.Hello_MSG) refers to f16_1.o(.constdata) for GUI_Font16_1
    main.o(i.Hello_MSG) refers to f32_1.o(.constdata) for GUI_Font32_1
    main.o(i.MPU_Config) refers to stm32f7xx_hal_cortex.o(i.HAL_MPU_ConfigRegion) for HAL_MPU_ConfigRegion
    main.o(i.SystemClock_Config) refers to stm32f7xx_hal_rcc.o(i.HAL_RCC_OscConfig) for HAL_RCC_OscConfig
    main.o(i.SystemClock_Config) refers to main.o(i.Error_Handler) for Error_Handler
    main.o(i.SystemClock_Config) refers to stm32f7xx_hal_pwr_ex.o(i.HAL_PWREx_EnableOverDrive) for HAL_PWREx_EnableOverDrive
    main.o(i.SystemClock_Config) refers to stm32f7xx_hal_rcc.o(i.HAL_RCC_ClockConfig) for HAL_RCC_ClockConfig
    main.o(i.main) refers to main.o(i.MPU_Config) for MPU_Config
    main.o(i.main) refers to main.o(i.CPU_CACHE_Enable) for CPU_CACHE_Enable
    main.o(i.main) refers to rt_cmsis.o(i.osKernelInitialize) for osKernelInitialize
    main.o(i.main) refers to stm32f7xx_hal.o(i.HAL_Init) for HAL_Init
    main.o(i.main) refers to main.o(i.SystemClock_Config) for SystemClock_Config
    main.o(i.main) refers to stm32746g_discovery_sdram.o(i.BSP_SDRAM_Init) for BSP_SDRAM_Init
    main.o(i.main) refers to touch_746g_discovery.o(i.Touch_Initialize) for Touch_Initialize
    main.o(i.main) refers to thread1.o(i.Init_Thread1) for Init_Thread1
    main.o(i.main) refers to thread2.o(i.Init_Thread2) for Init_Thread2
    main.o(i.main) refers to rt_cmsis.o(i.osKernelStart) for osKernelStart
    main.o(i.main) refers to analyzer.o(i.Analyzer_Init) for Analyzer_Init
    main.o(i.main) refers to gui_core.o(i.GUI_Init) for GUI_Init
    main.o(i.main) refers to rt_cmsis.o(i.osMutexWait) for osMutexWait
    main.o(i.main) refers to main.o(i.Hello_MSG) for Hello_MSG
    main.o(i.main) refers to rt_cmsis.o(i.osMutexRelease) for osMutexRelease
    main.o(i.main) refers to rt_cmsis.o(i.osThreadGetId) for osThreadGetId
    main.o(i.main) refers to rt_cmsis.o(i.osThreadTerminate) for osThreadTerminate
    main.o(i.main) refers to thread1.o(.data) for mid_Thread_Mutex
    analyzer.o(i.Analyzer_Init) refers to stm32f7xx_hal_gpio.o(i.HAL_GPIO_Init) for HAL_GPIO_Init
    analyzer.o(i.Analyzer_Init) refers to stm32f7xx_hal_gpio.o(i.HAL_GPIO_WritePin) for HAL_GPIO_WritePin
    analyzer.o(i.Analyzer_Init) refers to stm32f7xx_hal_gpio.o(i.HAL_GPIO_TogglePin) for HAL_GPIO_TogglePin
    thread1.o(i.Init_Thread1) refers to rt_cmsis.o(i.osThreadCreate) for osThreadCreate
    thread1.o(i.Init_Thread1) refers to main.o(i.Error_Handler) for Error_Handler
    thread1.o(i.Init_Thread1) refers to thread1.o(.constdata) for os_thread_def_Thread1
    thread1.o(i.Init_Thread1) refers to thread1.o(.data) for tid_Thread1
    thread1.o(i.Thread1) refers to _printf_percent.o(.ARM.Collect$$_printf_percent$$00000000) for _printf_percent
    thread1.o(i.Thread1) refers to _printf_d.o(.ARM.Collect$$_printf_percent$$00000009) for _printf_d
    thread1.o(i.Thread1) refers to _printf_dec.o(.text) for _printf_int_dec
    thread1.o(i.Thread1) refers to stm32f7xx_hal_gpio.o(i.HAL_GPIO_WritePin) for HAL_GPIO_WritePin
    thread1.o(i.Thread1) refers to rt_cmsis.o(i.osDelay) for osDelay
    thread1.o(i.Thread1) refers to rt_cmsis.o(i.osMutexWait) for osMutexWait
    thread1.o(i.Thread1) refers to noretval__2sprintf.o(.text) for __2sprintf
    thread1.o(i.Thread1) refers to strcat.o(.text) for strcat
    thread1.o(i.Thread1) refers to gui_dispstringhcenter.o(i.GUI_DispStringHCenterAt) for GUI_DispStringHCenterAt
    thread1.o(i.Thread1) refers to rt_cmsis.o(i.osMutexRelease) for osMutexRelease
    thread1.o(i.Thread1) refers to rt_cmsis.o(i.osThreadYield) for osThreadYield
    thread1.o(i.Thread1) refers to thread1.o(.data) for mid_Thread_Mutex
    thread1.o(.constdata) refers to thread1.o(i.Thread1) for Thread1
    thread2.o(i.Init_Thread2) refers to rt_cmsis.o(i.osMutexCreate) for osMutexCreate
    thread2.o(i.Init_Thread2) refers to rt_cmsis.o(i.osThreadCreate) for osThreadCreate
[...]
    0x08008520   0x0000003a   Code   RO         4358    i._Color2Index_M4444I  GUI_CM4F_L.lib(guicc_m4444i.o)
    0x0800855a   0x00000002   PAD
    0x0800855c   0x0000002c   Code   RO         4665    i._Color2Index_M565  GUI_CM4F_L.lib(guicc_m565.o)
    0x08008588   0x00000014   Code   RO         4684    i._Color2Index_M888  GUI_CM4F_L.lib(guicc_m888.o)
    0x0800859c   0x0000001e   Code   RO         4378    i._Color2Index_M8888I  GUI_CM4F_L.lib(guicc_m8888i.o)
    0x080085ba   0x00000050   Code   RO         5127    i._CopyBuffer       GUI_CM4F_L.lib(guidrv_lin_24.o)
    0x0800860a   0x00000002   PAD
    0x0800860c   0x00000054   Code   RO         3235    i._DMA_AlphaBlending  lcdconf.o
    0x08008660   0x00000040   Code   RO         3236    i._DMA_AlphaBlendingBulk  lcdconf.o
    0x080086a0   0x00000034   Code   RO         3237    i._DMA_Color2IndexBulk  lcdconf.o
    0x080086d4   0x00000040   Code   RO         3238    i._DMA_ConvertColor  lcdconf.o
    0x08008714   0x0000004c   Code   RO         3239    i._DMA_Copy         lcdconf.o
    0x08008760   0x00000044   Code   RO         3240    i._DMA_DrawBitmapL8  lcdconf.o
    0x080087a4   0x00000024   Code   RO         3241    i._DMA_ExecOperation  lcdconf.o
    0x080087c8   0x00000048   Code   RO         3242    i._DMA_Fill         lcdconf.o
    0x08008810   0x00000034   Code   RO         3243    i._DMA_Index2ColorBulk  lcdconf.o
    0x08008844   0x00000024   Code   RO         3244    i._DMA_LoadLUT      lcdconf.o
    0x08008868   0x0000009c   Code   RO         3245    i._DMA_MixColors    lcdconf.o
    0x08008904   0x00000054   Code   RO         3246    i._DMA_MixColorsBulk  lcdconf.o
    0x08008958   0x00000020   Code   RO         6203    i._DesktopHandle2Index  GUI_CM4F_L.lib(wm.o)
    0x08008978   0x00000074   Code   RO         6711    i._DispLine         GUI_CM4F_L.lib(gui_charline.o)
    0x080089ec   0x00000624   Code   RO         5128    i._DrawBitLine1BPP  GUI_CM4F_L.lib(guidrv_lin_24.o)
    0x08009010   0x0000011c   Code   RO         6122    i._DrawBitLine1BPP  GUI_CM4F_L.lib(guidev_32.o)
    0x0800912c   0x00000114   Code   RO         5129    i._DrawBitLine2BPP  GUI_CM4F_L.lib(guidrv_lin_24.o)
    0x08009240   0x000000e0   Code   RO         6123    i._DrawBitLine2BPP  GUI_CM4F_L.lib(guidev_32.o)
    0x08009320   0x00000152   Code   RO         5130    i._DrawBitLine32BPP  GUI_CM4F_L.lib(guidrv_lin_24.o)
    0x08009472   0x000000a0   Code   RO         6124    i._DrawBitLine32BPP_DDB  GUI_CM4F_L.lib(guidev_32.o)
    0x08009512   0x00000002   PAD
    0x08009514   0x00000114   Code   RO         5131    i._DrawBitLine4BPP  GUI_CM4F_L.lib(guidrv_lin_24.o)
    0x08009628   0x00000158   Code   RO         6125    i._DrawBitLine4BPP  GUI_CM4F_L.lib(guidev_32.o)
    0x08009780   0x0000009c   Code   RO         5132    i._DrawBitLine8BPP  GUI_CM4F_L.lib(guidrv_lin_24.o)
    0x0800981c   0x00000148   Code   RO         5133    i._DrawBitmap       GUI_CM4F_L.lib(guidrv_lin_24.o)
    0x08009964   0x000002a4   Code   RO         6126    i._DrawBitmap       GUI_CM4F_L.lib(guidev_32.o)
    0x08009c08   0x0000000a   Code   RO         5134    i._DrawHLine        GUI_CM4F_L.lib(guidrv_lin_24.o)
    0x08009c12   0x0000000a   Code   RO         6127    i._DrawHLine        GUI_CM4F_L.lib(guidev_32.o)
    0x08009c1c   0x0000000c   Code   RO         5135    i._DrawVLine        GUI_CM4F_L.lib(guidrv_lin_24.o)
    0x08009c28   0x000000ac   Code   RO         6128    i._DrawVLine        GUI_CM4F_L.lib(guidev_32.o)
    0x08009cd4   0x00000006   Code   RO         5819    i._Encode           GUI_CM4F_L.lib(gui_uc_encodenone.o)
    0x08009cda   0x00000002   PAD
    0x08009cdc   0x00000098   Code   RO         4448    i._EnlargeBlocks    GUI_CM4F_L.lib(gui_alloc.o)
    0x08009d74   0x00000028   Code   RO         5136    i._FillRect         GUI_CM4F_L.lib(guidrv_lin_24.o)
    0x08009d9c   0x000000a4   Code   RO         6129    i._FillRect         GUI_CM4F_L.lib(guidev_32.o)
    0x08009e40   0x00000334   Code   RO         5137    i._FillRectOpt24    GUI_CM4F_L.lib(guidrv_lin_24.o)
    0x0800a174   0x00000148   Code   RO         6206    i._FindNext_IVR     GUI_CM4F_L.lib(wm.o)
    0x0800a2bc   0x0000007c   Code   RO         6207    i._Findx0           GUI_CM4F_L.lib(wm.o)
    0x0800a338   0x00000072   Code   RO         6208    i._Findx1           GUI_CM4F_L.lib(wm.o)
    0x0800a3aa   0x000000a6   Code   RO         6209    i._Findy1           GUI_CM4F_L.lib(wm.o)
    0x0800a450   0x00000028   Code   RO         3247    i._GetBufferSize    lcdconf.o
    0x0800a478   0x00000004   Code   RO         5820    i._GetCharCode      GUI_CM4F_L.lib(gui_uc_encodenone.o)
    0x0800a47c   0x00000004   Code   RO         5821    i._GetCharSize      GUI_CM4F_L.lib(gui_uc_encodenone.o)
    0x0800a480   0x00000010   Code   RO         5138    i._GetDevData       GUI_CM4F_L.lib(guidrv_lin_24.o)
    0x0800a490   0x00000010   Code   RO         6130    i._GetDevData       GUI_CM4F_L.lib(guidev_32.o)
    0x0800a4a0   0x000000d4   Code   RO         5139    i._GetDevFunc       GUI_CM4F_L.lib(guidrv_lin_24.o)
    0x0800a574   0x00000010   Code   RO         6131    i._GetDevFunc       GUI_CM4F_L.lib(guidev_32.o)
    0x0800a584   0x0000001e   Code   RO         4802    i._GetDevProp       GUI_CM4F_L.lib(lcd_getex.o)
    0x0800a5a2   0x0000003c   Code   RO         5140    i._GetDevProp       GUI_CM4F_L.lib(guidrv_lin_24.o)
    0x0800a5de   0x0000000c   Code   RO         6132    i._GetDevProp       GUI_CM4F_L.lib(guidev_32.o)
    0x0800a5ea   0x00000052   Code   RO         5837    i._GetIndexMask_0   GUI_CM4F_L.lib(guicc_0.o)
    0x0800a63c   0x00000004   Code   RO         5642    i._GetIndexMask_16  GUI_CM4F_L.lib(guicc_16.o)
    0x0800a640   0x00000004   Code   RO         4290    i._GetIndexMask_1616I  GUI_CM4F_L.lib(guicc_1616i.o)
    0x0800a644   0x00000004   Code   RO         4307    i._GetIndexMask_8666  GUI_CM4F_L.lib(guicc_8666.o)
    0x0800a648   0x00000006   Code   RO         4321    i._GetIndexMask_88666I  GUI_CM4F_L.lib(guicc_88666i.o)
    0x0800a64e   0x00000006   Code   RO         4339    i._GetIndexMask_M1555I  GUI_CM4F_L.lib(guicc_m1555i.o)
    0x0800a654   0x00000006   Code   RO         4359    i._GetIndexMask_M4444I  GUI_CM4F_L.lib(guicc_m4444i.o)
    0x0800a65a   0x00000006   Code   RO         4666    i._GetIndexMask_M565  GUI_CM4F_L.lib(guicc_m565.o)
    0x0800a660   0x00000006   Code   RO         4685    i._GetIndexMask_M888  GUI_CM4F_L.lib(guicc_m888.o)
    0x0800a666   0x00000006   Code   RO         4379    i._GetIndexMask_M8888I  GUI_CM4F_L.lib(guicc_m8888i.o)
    0x0800a66c   0x0000001e   Code   RO         4803    i._GetMaxValue      GUI_CM4F_L.lib(lcd_getex.o)
    0x0800a68a   0x00000002   PAD
    0x0800a68c   0x0000001c   Code   RO         4449    i._GetMinIndex      GUI_CM4F_L.lib(gui_alloc.o)
    0x0800a6a8   0x00000058   Code   RO         5141    i._GetPixelIndex    GUI_CM4F_L.lib(guidrv_lin_24.o)
    0x0800a700   0x0000000e   Code   RO         6133    i._GetPixelIndex    GUI_CM4F_L.lib(guidev_32.o)
    0x0800a70e   0x00000002   PAD
    0x0800a710   0x00000088   Code   RO         3248    i._GetPixelformat   lcdconf.o
    0x0800a798   0x0000001c   Code   RO         5142    i._GetPos           GUI_CM4F_L.lib(guidrv_lin_24.o)
    0x0800a7b4   0x00000016   Code   RO         5143    i._GetRect          GUI_CM4F_L.lib(guidrv_lin_24.o)
    0x0800a7ca   0x00000030   Code   RO         6134    i._GetRect          GUI_CM4F_L.lib(guidev_32.o)
    0x0800a7fa   0x00000002   PAD
    0x0800a7fc   0x0000003c   Code   RO         5799    i._GetTaskNo        GUI_CM4F_L.lib(gui_task.o)
    0x0800a838   0x00000010   Code   RO         5755    i._GotoX            GUI_CM4F_L.lib(gui_goto.o)
    0x0800a848   0x00000010   Code   RO         5756    i._GotoY            GUI_CM4F_L.lib(gui_goto.o)
    0x0800a858   0x00000058   Code   RO         4667    i._Index2ColorBulk  GUI_CM4F_L.lib(guicc_m565.o)
    0x0800a8b0   0x00000034   Code   RO         4686    i._Index2ColorBulk  GUI_CM4F_L.lib(guicc_m888.o)
    0x0800a8e4   0x0000004c   Code   RO         4291    i._Index2ColorBulk_1616I  GUI_CM4F_L.lib(guicc_1616i.o)
    0x0800a930   0x00000044   Code   RO         4322    i._Index2ColorBulk_88666I  GUI_CM4F_L.lib(guicc_88666i.o)
    0x0800a974   0x0000005c   Code   RO         4340    i._Index2ColorBulk_M1555I  GUI_CM4F_L.lib(guicc_m1555i.o)
    0x0800a9d0   0x0000001c   Code   RO         3249    i._Index2ColorBulk_M1555I_DMA2D  lcdconf.o
    0x0800a9ec   0x0000005c   Code   RO         4360    i._Index2ColorBulk_M4444I  GUI_CM4F_L.lib(guicc_m4444i.o)
    0x0800aa48   0x0000001c   Code   RO         3250    i._Index2ColorBulk_M4444I_DMA2D  lcdconf.o
    0x0800aa64   0x00000044   Code   RO         4380    i._Index2ColorBulk_M8888I  GUI_CM4F_L.lib(guicc_m8888i.o)
    0x0800aaa8   0x0000001c   Code   RO         3251    i._Index2ColorBulk_M8888I_DMA2D  lcdconf.o
    0x0800aac4   0x0000001c   Code   RO         3252    i._Index2ColorBulk_M888_DMA2D  lcdconf.o
    0x0800aae0   0x00000020   Code   RO         5838    i._Index2Color_0    GUI_CM4F_L.lib(guicc_0.o)
    0x0800ab00   0x00000036   Code   RO         5643    i._Index2Color_16   GUI_CM4F_L.lib(guicc_16.o)
    0x0800ab36   0x00000002   PAD
    0x0800ab38   0x00000028   Code   RO         4292    i._Index2Color_1616I  GUI_CM4F_L.lib(guicc_1616i.o)
    0x0800ab60   0x00000020   Code   RO         4323    i._Index2Color_88666I  GUI_CM4F_L.lib(guicc_88666i.o)
    0x0800ab80   0x00000030   Code   RO         4341    i._Index2Color_M1555I  GUI_CM4F_L.lib(guicc_m1555i.o)
    0x0800abb0   0x00000030   Code   RO         4361    i._Index2Color_M4444I  GUI_CM4F_L.lib(guicc_m4444i.o)
    0x0800abe0   0x00000018   Code   RO         5144    i._Init             GUI_CM4F_L.lib(guidrv_lin_24.o)
    0x0800abf8   0x00000070   Code   RO         4511    i._InitContext      GUI_CM4F_L.lib(gui_core.o)
    0x0800ac68   0x000000a8   Code   RO         4450    i._InitOnce         GUI_CM4F_L.lib(gui_alloc.o)
    0x0800ad10   0x00000024   Code   RO         5145    i._InitOnce         GUI_CM4F_L.lib(guidrv_lin_24.o)
    0x0800ad34   0x00000080   Code   RO         6210    i._Invalidate1Abs   GUI_CM4F_L.lib(wm.o)
    0x0800adb4   0x00000014   Code   RO         3253    i._InvertAlpha      lcdconf.o
    0x0800adc8   0x0000002c   Code   RO         3254    i._InvertAlpha_SwapRB  lcdconf.o
    0x0800adf4   0x00000060   Code   RO         3255    i._LCD_CopyBuffer   lcdconf.o
    0x0800ae54   0x0000009c   Code   RO         3256    i._LCD_CopyRect     lcdconf.o
    0x0800aef0   0x0000001c   Code   RO         3257    i._LCD_DisplayOff   lcdconf.o
    0x0800af0c   0x0000001c   Code   RO         3258    i._LCD_DisplayOn    lcdconf.o
    0x0800af28   0x00000084   Code   RO         3259    i._LCD_DrawBitmap16bpp  lcdconf.o
    0x0800afac   0x00000084   Code   RO         3260    i._LCD_DrawBitmap8bpp  lcdconf.o
    0x0800b030   0x000000a8   Code   RO         3261    i._LCD_FillRect     lcdconf.o
    0x0800b0d8   0x00000070   Code   RO         3262    i._LCD_GetpPalConvTable  lcdconf.o
    0x0800b148   0x000001cc   Code   RO         3263    i._LCD_InitController  lcdconf.o
    0x0800b314   0x00000084   Code   RO         3264    i._LCD_MixColorsBulk  lcdconf.o
    0x0800b398   0x0000002c   Code   RO         3265    i._LCD_SetChroma    lcdconf.o
    0x0800b3c4   0x00000020   Code   RO         3266    i._LCD_SetChromaMode  lcdconf.o
    0x0800b3e4   0x00000034   Code   RO         3267    i._LCD_SetLUTEntry  lcdconf.o
    0x0800b418   0x00000018   Code   RO         3268    i._LCD_SetLayerAlpha  lcdconf.o
    0x0800b430   0x0000001c   Code   RO         3269    i._LCD_SetLayerPos  lcdconf.o
    0x0800b44c   0x0000001c   Code   RO         3270    i._LCD_SetLayerSize  lcdconf.o
    0x0800b468   0x00000044   Code   RO         3271    i._LCD_SetOrg       lcdconf.o
    0x0800b4ac   0x0000004c   Code   RO         3272    i._LCD_SetVis       lcdconf.o
    0x0800b4f8   0x00000002   Code   RO         6712    i._Log2VisBuffered  GUI_CM4F_L.lib(gui_charline.o)
    0x0800b4fa   0x0000000a   Code   RO         5146    i._Off              GUI_CM4F_L.lib(guidrv_lin_24.o)
    0x0800b504   0x0000000a   Code   RO         5147    i._On               GUI_CM4F_L.lib(guidrv_lin_24.o)
    0x0800b50e   0x00000002   PAD
    0x0800b510   0x00000028   Code   RO         4403    i._OnExit           GUI_CM4F_L.lib(gui__alpha.o)
    0x0800b538   0x00000034   Code   RO         4451    i._OnExit           GUI_CM4F_L.lib(gui_alloc.o)
    0x0800b56c   0x0000002c   Code   RO         4512    i._OnExit           GUI_CM4F_L.lib(gui_core.o)
    0x0800b598   0x00000014   Code   RO         4750    i._OnExit           GUI_CM4F_L.lib(lcd_color.o)
    0x0800b5ac   0x00000014   Code   RO         5800    i._OnExit           GUI_CM4F_L.lib(gui_task.o)
    0x0800b5c0   0x00000034   Code   RO         6211    i._OnExit           GUI_CM4F_L.lib(wm.o)
    0x0800b5f4   0x00000040   Code   RO         4452    i._PopFreeBlock     GUI_CM4F_L.lib(gui_alloc.o)
    0x0800b634   0x00000028   Code   RO         4453    i._PushFreeBlock    GUI_CM4F_L.lib(gui_alloc.o)
    0x0800b65c   0x00000034   Code   RO         4454    i._RemoveFreeBlock  GUI_CM4F_L.lib(gui_alloc.o)
    0x0800b690   0x000000a0   Code   RO         4455    i._RemoveHoles      GUI_CM4F_L.lib(gui_alloc.o)
    0x0800b730   0x00000026   Code   RO         5148    i._SetAlpha         GUI_CM4F_L.lib(guidrv_lin_24.o)
    0x0800b756   0x00000010   Code   RO         5149    i._SetAlphaMode     GUI_CM4F_L.lib(guidrv_lin_24.o)
    0x0800b766   0x00000002   PAD
    0x0800b768   0x00000020   Code   RO         4715    i._SetBkColor       GUI_CM4F_L.lib(lcd.o)
    0x0800b788   0x00000012   Code   RO         5150    i._SetChroma        GUI_CM4F_L.lib(guidrv_lin_24.o)
    0x0800b79a   0x00000010   Code   RO         5151    i._SetChromaMode    GUI_CM4F_L.lib(guidrv_lin_24.o)
    0x0800b7aa   0x00000002   PAD
    0x0800b7ac   0x0000004c   Code   RO         6215    i._SetClipRectUserIntersect  GUI_CM4F_L.lib(wm.o)
    0x0800b7f8   0x00000020   Code   RO         4716    i._SetColor         GUI_CM4F_L.lib(lcd.o)
    0x0800b818   0x0000003c   Code   RO         5152    i._SetDevFunc       GUI_CM4F_L.lib(guidrv_lin_24.o)
    0x0800b854   0x0000002c   Code   RO         4717    i._SetDrawMode      GUI_CM4F_L.lib(lcd.o)
    0x0800b880   0x000000a4   Code   RO         5153    i._SetOrg           GUI_CM4F_L.lib(guidrv_lin_24.o)
    0x0800b924   0x00000008   Code   RO         6135    i._SetOrg           GUI_CM4F_L.lib(guidev_32.o)
    0x0800b92c   0x00000082   Code   RO         5154    i._SetPixelIndex    GUI_CM4F_L.lib(guidrv_lin_24.o)
    0x0800b9ae   0x00000002   PAD
    0x0800b9b0   0x00000048   Code   RO         6136    i._SetPixelIndex    GUI_CM4F_L.lib(guidev_32.o)
    0x0800b9f8   0x0000002e   Code   RO         5155    i._SetPos           GUI_CM4F_L.lib(guidrv_lin_24.o)
    0x0800ba26   0x00000044   Code   RO         5156    i._SetSize          GUI_CM4F_L.lib(guidrv_lin_24.o)
    0x0800ba6a   0x00000028   Code   RO         5157    i._SetVRAMAddr      GUI_CM4F_L.lib(guidrv_lin_24.o)
    0x0800ba92   0x0000002a   Code   RO         5158    i._SetVSize         GUI_CM4F_L.lib(guidrv_lin_24.o)
    0x0800babc   0x00000026   Code   RO         5159    i._SetVis           GUI_CM4F_L.lib(guidrv_lin_24.o)
    0x0800bae2   0x00000024   Code   RO         5160    i._ShowBuffer       GUI_CM4F_L.lib(guidrv_lin_24.o)
    0x0800bb06   0x00000002   PAD
    0x0800bb08   0x000000ea   Code   RO         4456    i._TestRAM          GUI_CM4F_L.lib(gui_alloc.o)
    0x0800bbf2   0x00000002   PAD
    0x0800bbf4   0x00000030   Code   RO         4554    i._UnlinkDevice     GUI_CM4F_L.lib(gui_device.o)
    0x0800bc24   0x0000000e   Code   RO         4457    i._WriteTagData     GUI_CM4F_L.lib(gui_alloc.o)
    0x0800bc32   0x00000002   PAD
    0x0800bc34   0x0000003c   Code   RO         6137    i._XY2PTR           GUI_CM4F_L.lib(guidev_32.o)
    0x0800bc70   0x00000028   Code   RO         5161    i._XorPixel         GUI_CM4F_L.lib(guidrv_lin_24.o)
    0x0800bc98   0x00000058   Code   RO         6138    i._XorPixel         GUI_CM4F_L.lib(guidev_32.o)
    0x0800bcf0   0x00000050   Code   RO         6216    i._cbBackWin        GUI_CM4F_L.lib(wm.o)
    0x0800bd40   0x00000046   Code   RO         5525    i._init_box         RTX_CM4.lib(rt_membox.o)
    0x0800bd86   0x00000002   PAD
    0x0800bd88   0x00000020   Code   RO          958    i._mutex_acquire    rtx_conf_cm.o
    0x0800bda8   0x0000001c   Code   RO          960    i._mutex_release    rtx_conf_cm.o
    0x0800bdc4   0x00000030   Code   RO         5578    i.dbg_init          RTX_CM4.lib(hal_cm.o)
    0x0800bdf4   0x00000020   Code   RO         5579    i.dbg_task_notify   RTX_CM4.lib(hal_cm.o)
    0x0800be14   0x00000010   Code   RO         5580    i.dbg_task_switch   RTX_CM4.lib(hal_cm.o)
    0x0800be24   0x0000000c   Code   RO          331    i.ft5336_Get_I2C_InitializedStatus  ft5336.o
    0x0800be30   0x00000018   Code   RO          332    i.ft5336_I2C_InitializeIfRequired  ft5336.o
    0x0800be48   0x00000010   Code   RO          333    i.ft5336_Init       ft5336.o
    0x0800be58   0x0000003a   Code   RO          334    i.ft5336_ReadID     ft5336.o
    0x0800be92   0x00000002   Code   RO          335    i.ft5336_Reset      ft5336.o
    0x0800be94   0x00000002   Code   RO          336    i.ft5336_TS_ClearIT  ft5336.o
    0x0800be96   0x00000006   Code   RO          337    i.ft5336_TS_Configure  ft5336.o
    0x0800be9c   0x00000040   Code   RO          338    i.ft5336_TS_DetectTouch  ft5336.o
    0x0800bedc   0x00000014   Code   RO          339    i.ft5336_TS_DisableIT  ft5336.o
    0x0800bef0   0x00000014   Code   RO          340    i.ft5336_TS_EnableIT  ft5336.o
    0x0800bf04   0x00000164   Code   RO          343    i.ft5336_TS_GetXY   ft5336.o
    0x0800c068   0x00000006   Code   RO          344    i.ft5336_TS_ITStatus  ft5336.o
    0x0800c06e   0x00000016   Code   RO          345    i.ft5336_TS_Start   ft5336.o
    0x0800c084   0x0000002a   Code   RO         3512    i.isrMessageGet     RTX_CM4.lib(rt_cmsis.o)
    0x0800c0ae   0x0000002c   Code   RO         3513    i.isrMessagePut     RTX_CM4.lib(rt_cmsis.o)
    0x0800c0da   0x00000002   PAD
    0x0800c0dc   0x00000052   Code   RO         5413    i.isr_mbx_receive   RTX_CM4.lib(rt_mailbox.o)
    0x0800c12e   0x0000000e   Code   RO         5414    i.isr_mbx_send      RTX_CM4.lib(rt_mailbox.o)
    0x0800c13c   0x0000005c   Code   RO           11    i.main              main.o
    0x0800c198   0x00000018   Code   RO         3516    i.osDelay           RTX_CM4.lib(rt_cmsis.o)
    0x0800c1b0   0x00000024   Code   RO         3517    i.osKernelInitialize  RTX_CM4.lib(rt_cmsis.o)
    0x0800c1d4   0x0000006c   Code   RO         3519    i.osKernelStart     RTX_CM4.lib(rt_cmsis.o)
    0x0800c240   0x00000018   Code   RO         3528    i.osMessageGet      RTX_CM4.lib(rt_cmsis.o)
    0x0800c258   0x00000030   Code   RO         3530    i.osMutexCreate     RTX_CM4.lib(rt_cmsis.o)
    0x0800c288   0x00000018   Code   RO         3532    i.osMutexRelease    RTX_CM4.lib(rt_cmsis.o)
    0x0800c2a0   0x00000018   Code   RO         3533    i.osMutexWait       RTX_CM4.lib(rt_cmsis.o)
    0x0800c2b8   0x00000030   Code   RO         3545    i.osThreadCreate    RTX_CM4.lib(rt_cmsis.o)
    0x0800c2e8   0x00000018   Code   RO         3546    i.osThreadExit      RTX_CM4.lib(rt_cmsis.o)
    0x0800c300   0x00000018   Code   RO         3547    i.osThreadGetId     RTX_CM4.lib(rt_cmsis.o)
    0x0800c318   0x00000018   Code   RO         3550    i.osThreadTerminate  RTX_CM4.lib(rt_cmsis.o)
    0x0800c330   0x00000018   Code   RO         3551    i.osThreadYield     RTX_CM4.lib(rt_cmsis.o)
    0x0800c348   0x0000000c   Code   RO         3552    i.osTimerCall       RTX_CM4.lib(rt_cmsis.o)
    0x0800c354   0x00000034   Code   RO         3553    i.osTimerCreate     RTX_CM4.lib(rt_cmsis.o)
    0x0800c388   0x00000018   Code   RO         3555    i.osTimerStart      RTX_CM4.lib(rt_cmsis.o)
    0x0800c3a0   0x0000002c   Code   RO         3557    i.osTimerThread     RTX_CM4.lib(rt_cmsis.o)
    0x0800c3cc   0x00000022   Code   RO          961    i.os_error          rtx_conf_cm.o
    0x0800c3ee   0x00000004   Code   RO          962    i.os_idle_demon     rtx_conf_cm.o
    0x0800c3f2   0x00000002   PAD
    0x0800c3f4   0x00000028   Code   RO         5205    i.os_tick_init      RTX_CM4.lib(rt_system.o)
    0x0800c41c   0x00000002   Code   RO         5206    i.os_tick_irqack    RTX_CM4.lib(rt_system.o)
    0x0800c41e   0x0000001a   Code   RO         5526    i.rt_alloc_box      RTX_CM4.lib(rt_membox.o)
    0x0800c438   0x0000003e   Code   RO         5554    i.rt_alloc_mem      RTX_CM4.lib(rt_memory.o)
    0x0800c476   0x00000002   PAD
    0x0800c478   0x00000038   Code   RO         4137    i.rt_block          RTX_CM4.lib(rt_task.o)
    0x0800c4b0   0x00000048   Code   RO         5503    i.rt_chk_robin      RTX_CM4.lib(rt_robin.o)
    0x0800c4f8   0x00000070   Code   RO         5337    i.rt_dec_dly        RTX_CM4.lib(rt_list.o)
    0x0800c568   0x00000044   Code   RO         4138    i.rt_dispatch       RTX_CM4.lib(rt_task.o)
    0x0800c5ac   0x00000006   Code   RO         4221    i.rt_dly_wait       RTX_CM4.lib(rt_time.o)
    0x0800c5b2   0x00000002   PAD
    0x0800c5b4   0x00000050   Code   RO         5298    i.rt_evt_psh        RTX_CM4.lib(rt_event.o)
    0x0800c604   0x0000002c   Code   RO         5527    i.rt_free_box       RTX_CM4.lib(rt_membox.o)
    0x0800c630   0x00000028   Code   RO         5555    i.rt_free_mem       RTX_CM4.lib(rt_memory.o)
    0x0800c658   0x00000028   Code   RO         5338    i.rt_get_first      RTX_CM4.lib(rt_list.o)
    0x0800c680   0x00000024   Code   RO         5339    i.rt_get_same_rdy_prio  RTX_CM4.lib(rt_list.o)
    0x0800c6a4   0x00000008   Code   RO         3562    i.rt_id2obj         RTX_CM4.lib(rt_cmsis.o)
    0x0800c6ac   0x00000048   Code   RO         4139    i.rt_init_context   RTX_CM4.lib(rt_task.o)
    0x0800c6f4   0x0000001a   Code   RO         5556    i.rt_init_mem       RTX_CM4.lib(rt_memory.o)
    0x0800c70e   0x00000002   PAD
    0x0800c710   0x00000018   Code   RO         5504    i.rt_init_robin     RTX_CM4.lib(rt_robin.o)
    0x0800c728   0x00000080   Code   RO         5581    i.rt_init_stack     RTX_CM4.lib(hal_cm.o)
    0x0800c7a8   0x00000008   Code   RO         5415    i.rt_mbx_check      RTX_CM4.lib(rt_mailbox.o)
    0x0800c7b0   0x0000001a   Code   RO         5416    i.rt_mbx_init       RTX_CM4.lib(rt_mailbox.o)
    0x0800c7ca   0x00000002   PAD
    0x0800c7cc   0x000000f0   Code   RO         5417    i.rt_mbx_psh        RTX_CM4.lib(rt_mailbox.o)
    0x0800c8bc   0x000000b4   Code   RO         5419    i.rt_mbx_wait       RTX_CM4.lib(rt_mailbox.o)
    0x0800c970   0x00000044   Code   RO         3563    i.rt_ms2tick        RTX_CM4.lib(rt_cmsis.o)
    0x0800c9b4   0x00000010   Code   RO         4255    i.rt_mut_init       RTX_CM4.lib(rt_mutex.o)
    0x0800c9c4   0x000000d8   Code   RO         4256    i.rt_mut_release    RTX_CM4.lib(rt_mutex.o)
    0x0800ca9c   0x00000068   Code   RO         4257    i.rt_mut_wait       RTX_CM4.lib(rt_mutex.o)
    0x0800cb04   0x0000007c   Code   RO         5209    i.rt_pop_req        RTX_CM4.lib(rt_system.o)
    0x0800cb80   0x00000020   Code   RO         5210    i.rt_psh_req        RTX_CM4.lib(rt_system.o)
    0x0800cba0   0x0000005c   Code   RO         5340    i.rt_psq_enq        RTX_CM4.lib(rt_list.o)
    0x0800cbfc   0x00000048   Code   RO         5341    i.rt_put_dly        RTX_CM4.lib(rt_list.o)
    0x0800cc44   0x00000036   Code   RO         5342    i.rt_put_prio       RTX_CM4.lib(rt_list.o)
    0x0800cc7a   0x00000002   PAD
    0x0800cc7c   0x00000014   Code   RO         5343    i.rt_put_rdy_first  RTX_CM4.lib(rt_list.o)
    0x0800cc90   0x00000034   Code   RO         5344    i.rt_resort_prio    RTX_CM4.lib(rt_list.o)
    0x0800ccc4   0x00000010   Code   RO         5582    i.rt_ret_regs       RTX_CM4.lib(hal_cm.o)
    0x0800ccd4   0x0000000c   Code   RO         5583    i.rt_ret_val        RTX_CM4.lib(hal_cm.o)
    0x0800cce0   0x00000010   Code   RO         5584    i.rt_ret_val2       RTX_CM4.lib(hal_cm.o)
    0x0800ccf0   0x00000028   Code   RO         5345    i.rt_rmv_dly        RTX_CM4.lib(rt_list.o)
    0x0800cd18   0x00000030   Code   RO         5346    i.rt_rmv_list       RTX_CM4.lib(rt_list.o)
    0x0800cd48   0x00000034   Code   RO         5464    i.rt_sem_psh        RTX_CM4.lib(rt_semaphore.o)
    0x0800cd7c   0x00000024   Code   RO         5212    i.rt_stk_check      RTX_CM4.lib(rt_system.o)
    0x0800cda0   0x00000028   Code   RO         4140    i.rt_switch_req     RTX_CM4.lib(rt_task.o)
    0x0800cdc8   0x000000cc   Code   RO         4141    i.rt_sys_init       RTX_CM4.lib(rt_task.o)
    0x0800ce94   0x00000078   Code   RO         4142    i.rt_sys_start      RTX_CM4.lib(rt_task.o)
    0x0800cf0c   0x00000040   Code   RO         5214    i.rt_systick        RTX_CM4.lib(rt_system.o)
    0x0800cf4c   0x00000012   Code   RO         3564    i.rt_tid2ptcb       RTX_CM4.lib(rt_cmsis.o)
    0x0800cf5e   0x00000002   PAD
    0x0800cf60   0x00000034   Code   RO         3565    i.rt_timer_insert   RTX_CM4.lib(rt_cmsis.o)
    0x0800cf94   0x0000003c   Code   RO         3566    i.rt_timer_remove   RTX_CM4.lib(rt_cmsis.o)
    0x0800cfd0   0x00000088   Code   RO         4143    i.rt_tsk_create     RTX_CM4.lib(rt_task.o)
    0x0800d058   0x0000017c   Code   RO         4144    i.rt_tsk_delete     RTX_CM4.lib(rt_task.o)
    0x0800d1d4   0x00000030   Code   RO         4145    i.rt_tsk_pass       RTX_CM4.lib(rt_task.o)
    0x0800d204   0x0000007c   Code   RO         4146    i.rt_tsk_prio       RTX_CM4.lib(rt_task.o)
    0x0800d280   0x00000010   Code   RO         4147    i.rt_tsk_self       RTX_CM4.lib(rt_task.o)
    0x0800d290   0x00000012   Code   RO         3567    i.svcDelay          RTX_CM4.lib(rt_cmsis.o)
    0x0800d2a2   0x00000002   PAD
    0x0800d2a4   0x00000070   Code   RO         3568    i.svcKernelInitialize  RTX_CM4.lib(rt_cmsis.o)
    0x0800d314   0x00000048   Code   RO         3570    i.svcKernelStart    RTX_CM4.lib(rt_cmsis.o)
    0x0800d35c   0x00000024   Code   RO         3573    i.svcMessageCreate  RTX_CM4.lib(rt_cmsis.o)
    0x0800d380   0x0000003a   Code   RO         3574    i.svcMessageGet     RTX_CM4.lib(rt_cmsis.o)
    0x0800d3ba   0x0000001c   Code   RO         3576    i.svcMutexCreate    RTX_CM4.lib(rt_cmsis.o)
    0x0800d3d6   0x00000022   Code   RO         3578    i.svcMutexRelease   RTX_CM4.lib(rt_cmsis.o)
    0x0800d3f8   0x00000036   Code   RO         3579    i.svcMutexWait      RTX_CM4.lib(rt_cmsis.o)
    0x0800d42e   0x00000002   PAD
    0x0800d430   0x00000070   Code   RO         3588    i.svcThreadCreate   RTX_CM4.lib(rt_cmsis.o)
    0x0800d4a0   0x0000001c   Code   RO         3589    i.svcThreadGetId    RTX_CM4.lib(rt_cmsis.o)
    0x0800d4bc   0x00000038   Code   RO         3592    i.svcThreadTerminate  RTX_CM4.lib(rt_cmsis.o)
    0x0800d4f4   0x0000000a   Code   RO         3593    i.svcThreadYield    RTX_CM4.lib(rt_cmsis.o)
    0x0800d4fe   0x00000018   Code   RO         3594    i.svcTimerCall      RTX_CM4.lib(rt_cmsis.o)
    0x0800d516   0x00000002   PAD
    0x0800d518   0x00000038   Code   RO         3595    i.svcTimerCreate    RTX_CM4.lib(rt_cmsis.o)
    0x0800d550   0x00000064   Code   RO         3597    i.svcTimerStart     RTX_CM4.lib(rt_cmsis.o)
    0x0800d5b4   0x0000005c   Code   RO         3603    i.sysTimerTick      RTX_CM4.lib(rt_cmsis.o)
    0x0800d610   0x0000000a   Code   RO         7697    x$fpl$fpinit        fz_wm.l(fpinit.o)
    0x0800d61a   0x00000002   PAD
    0x0800d61c   0x00000010   Data   RO          266    .constdata          thread1.o
    0x0800d62c   0x00000014   Data   RO          301    .constdata          thread2.o
    0x0800d640   0x00000008   Data   RO          786    .constdata          led_746g_discovery.o
    0x0800d648   0x00000056   Data   RO          964    .constdata          rtx_conf_cm.o
    0x0800d69e   0x00000010   Data   RO         2374    .constdata          stm32f7xx_hal_rcc.o
    0x0800d6ae   0x00000002   PAD
    0x0800d6b0   0x0000000c   Data   RO         3126    .constdata          gui_x_rte.o
    0x0800d6bc   0x00000008   Data   RO         3276    .constdata          lcdconf.o
    0x0800d6c4   0x00000018   Data   RO         4293    .constdata          GUI_CM4F_L.lib(guicc_1616i.o)
    0x0800d6dc   0x00000018   Data   RO         4308    .constdata          GUI_CM4F_L.lib(guicc_8666.o)
    0x0800d6f4   0x00000018   Data   RO         4324    .constdata          GUI_CM4F_L.lib(guicc_88666i.o)
    0x0800d70c   0x00000018   Data   RO         4342    .constdata          GUI_CM4F_L.lib(guicc_m1555i.o)
    0x0800d724   0x00000018   Data   RO         4362    .constdata          GUI_CM4F_L.lib(guicc_m4444i.o)
    0x0800d73c   0x00000018   Data   RO         4381    .constdata          GUI_CM4F_L.lib(guicc_m8888i.o)
    0x0800d754   0x00000008   Data   RO         4514    .constdata          GUI_CM4F_L.lib(gui_core.o)
    0x0800d75c   0x00000008   Data   RO         4555    .constdata          GUI_CM4F_L.lib(gui_device.o)
    0x0800d764   0x00000018   Data   RO         4668    .constdata          GUI_CM4F_L.lib(guicc_m565.o)
    0x0800d77c   0x00000018   Data   RO         4687    .constdata          GUI_CM4F_L.lib(guicc_m888.o)
    0x0800d794   0x0000000c   Data   RO         4718    .constdata          GUI_CM4F_L.lib(lcd.o)
    0x0800d7a0   0x00000518   Data   RO         4905    .constdata          GUI_CM4F_L.lib(f6x8.o)
    0x0800dcb8   0x000001c0   Data   RO         4906    .constdata          GUI_CM4F_L.lib(f6x8.o)
    0x0800de78   0x00000008   Data   RO         4907    .constdata          GUI_CM4F_L.lib(f6x8.o)
    0x0800de80   0x00000014   Data   RO         4908    .constdata          GUI_CM4F_L.lib(f6x8.o)
    0x0800de94   0x00000024   Data   RO         4909    .constdata          GUI_CM4F_L.lib(f6x8.o)
    0x0800deb8   0x00000010   Data   RO         4917    .constdata          GUI_CM4F_L.lib(f16_1.o)
    0x0800dec8   0x00000010   Data   RO         4918    .constdata          GUI_CM4F_L.lib(f16_1.o)
    0x0800ded8   0x00000010   Data   RO         4919    .constdata          GUI_CM4F_L.lib(f16_1.o)
    0x0800dee8   0x00000010   Data   RO         4920    .constdata          GUI_CM4F_L.lib(f16_1.o)
    0x0800def8   0x00000010   Data   RO         4921    .constdata          GUI_CM4F_L.lib(f16_1.o)
    0x0800df08   0x00000010   Data   RO         4922    .constdata          GUI_CM4F_L.lib(f16_1.o)
    0x0800df18   0x00000010   Data   RO         4923    .constdata          GUI_CM4F_L.lib(f16_1.o)
    0x0800df28   0x00000010   Data   RO         4924    .constdata          GUI_CM4F_L.lib(f16_1.o)
    0x0800df38   0x00000010   Data   RO         4925    .constdata          GUI_CM4F_L.lib(f16_1.o)
    0x0800df48   0x00000020   Data   RO         4926    .constdata          GUI_CM4F_L.lib(f16_1.o)
    0x0800df68   0x00000010   Data   RO         4927    .constdata          GUI_CM4F_L.lib(f16_1.o)
    0x0800df78   0x00000010   Data   RO         4928    .constdata          GUI_CM4F_L.lib(f16_1.o)
    0x0800df88   0x00000010   Data   RO         4929    .constdata          GUI_CM4F_L.lib(f16_1.o)
    0x0800df98   0x00000010   Data   RO         4930    .constdata          GUI_CM4F_L.lib(f16_1.o)
    0x0800dfa8   0x00000020   Data   RO         4931    .constdata          GUI_CM4F_L.lib(f16_1.o)
    0x0800dfc8   0x00000010   Data   RO         4932    .constdata          GUI_CM4F_L.lib(f16_1.o)
    0x0800dfd8   0x00000010   Data   RO         4933    .constdata          GUI_CM4F_L.lib(f16_1.o)
    0x0800dfe8   0x00000010   Data   RO         4934    .constdata          GUI_CM4F_L.lib(f16_1.o)
    0x0800dff8   0x00000010   Data   RO         4935    .constdata          GUI_CM4F_L.lib(f16_1.o)
    0x0800e008   0x00000010   Data   RO         4936    .constdata          GUI_CM4F_L.lib(f16_1.o)
    0x0800e018   0x00000010   Data   RO         4937    .constdata          GUI_CM4F_L.lib(f16_1.o)
    0x0800e028   0x00000010   Data   RO         4938    .constdata          GUI_CM4F_L.lib(f16_1.o)
    0x0800e038   0x00000010   Data   RO         4939    .constdata          GUI_CM4F_L.lib(f16_1.o)
    0x0800e048   0x00000010   Data   RO         4940    .constdata          GUI_CM4F_L.lib(f16_1.o)
    0x0800e058   0x00000010   Data   RO         4941    .constdata          GUI_CM4F_L.lib(f16_1.o)
    0x0800e068   0x00000010   Data   RO         4942    .constdata          GUI_CM4F_L.lib(f16_1.o)
    0x0800e078   0x00000010   Data   RO         4943    .constdata          GUI_CM4F_L.lib(f16_1.o)
    0x0800e088   0x00000010   Data   RO         4944    .constdata          GUI_CM4F_L.lib(f16_1.o)
    0x0800e098   0x00000020   Data   RO         4945    .constdata          GUI_CM4F_L.lib(f16_1.o)
    0x0800e0b8   0x00000020   Data   RO         4946    .constdata          GUI_CM4F_L.lib(f16_1.o)
    0x0800e0d8   0x00000020   Data   RO         4947    .constdata          GUI_CM4F_L.lib(f16_1.o)
    0x0800e0f8   0x00000010   Data   RO         4948    .constdata          GUI_CM4F_L.lib(f16_1.o)
    0x0800e108   0x00000020   Data   RO         4949    .constdata          GUI_CM4F_L.lib(f16_1.o)
    0x0800e128   0x00000020   Data   RO         4950    .constdata          GUI_CM4F_L.lib(f16_1.o)
    0x0800e148   0x00000020   Data   RO         4951    .constdata          GUI_CM4F_L.lib(f16_1.o)
    0x0800e168   0x00000020   Data   RO         4952    .constdata          GUI_CM4F_L.lib(f16_1.o)
    0x0800e188   0x00000020   Data   RO         4953    .constdata          GUI_CM4F_L.lib(f16_1.o)
    0x0800e1a8   0x00000020   Data   RO         4954    .constdata          GUI_CM4F_L.lib(f16_1.o)
    0x0800e1c8   0x00000020   Data   RO         4955    .constdata          GUI_CM4F_L.lib(f16_1.o)
    0x0800e1e8   0x00000020   Data   RO         4956    .constdata          GUI_CM4F_L.lib(f16_1.o)
    0x0800e208   0x00000020   Data   RO         4957    .constdata          GUI_CM4F_L.lib(f16_1.o)
    0x0800e228   0x00000020   Data   RO         4958    .constdata          GUI_CM4F_L.lib(f16_1.o)
    0x0800e248   0x00000020   Data   RO         4959    .constdata          GUI_CM4F_L.lib(f16_1.o)
    0x0800e268   0x00000020   Data   RO         4960    .constdata          GUI_CM4F_L.lib(f16_1.o)
    0x0800e288   0x00000010   Data   RO         4961    .constdata          GUI_CM4F_L.lib(f16_1.o)
    0x0800e298   0x00000010   Data   RO         4962    .constdata          GUI_CM4F_L.lib(f16_1.o)
    0x0800e2a8   0x00000010   Data   RO         4963    .constdata          GUI_CM4F_L.lib(f16_1.o)
    0x0800e2b8   0x00000010   Data   RO         4964    .constdata          GUI_CM4F_L.lib(f16_1.o)
    0x0800e2c8   0x00000020   Data   RO         4965    .constdata          GUI_CM4F_L.lib(f16_1.o)
    0x0800e2e8   0x00000020   Data   RO         4966    .constdata          GUI_CM4F_L.lib(f16_1.o)
    0x0800e308   0x00000020   Data   RO         4967    .constdata          GUI_CM4F_L.lib(f16_1.o)
    0x0800e328   0x00000020   Data   RO         4968    .constdata          GUI_CM4F_L.lib(f16_1.o)
    0x0800e348   0x00000020   Data   RO         4969    .constdata          GUI_CM4F_L.lib(f16_1.o)
    0x0800e368   0x00000020   Data   RO         4970    .constdata          GUI_CM4F_L.lib(f16_1.o)
    0x0800e388   0x00000020   Data   RO         4971    .constdata          GUI_CM4F_L.lib(f16_1.o)
    0x0800e3a8   0x00000010   Data   RO         4972    .constdata          GUI_CM4F_L.lib(f16_1.o)
    0x0800e3b8   0x00000020   Data   RO         4973    .constdata          GUI_CM4F_L.lib(f16_1.o)
    0x0800e3d8   0x00000020   Data   RO         4974    .constdata          GUI_CM4F_L.lib(f16_1.o)
    0x0800e3f8   0x00000020   Data   RO         4975    .constdata          GUI_CM4F_L.lib(f16_1.o)
    0x0800e418   0x00000020   Data   RO         4976    .constdata          GUI_CM4F_L.lib(f16_1.o)
    0x0800e438   0x00000020   Data   RO         4977    .constdata          GUI_CM4F_L.lib(f16_1.o)
    0x0800e458   0x00000020   Data   RO         4978    .constdata          GUI_CM4F_L.lib(f16_1.o)
    0x0800e478   0x00000020   Data   RO         4979    .constdata          GUI_CM4F_L.lib(f16_1.o)
    0x0800e498   0x00000020   Data   RO         4980    .constdata          GUI_CM4F_L.lib(f16_1.o)
    0x0800e4b8   0x00000010   Data   RO         4981    .constdata          GUI_CM4F_L.lib(f16_1.o)
    0x0800e4c8   0x00000010   Data   RO         4982    .constdata          GUI_CM4F_L.lib(f16_1.o)
    0x0800e4d8   0x00000010   Data   RO         4983    .constdata          GUI_CM4F_L.lib(f16_1.o)
    0x0800e4e8   0x00000010   Data   RO         4984    .constdata          GUI_CM4F_L.lib(f16_1.o)
    0x0800e4f8   0x00000010   Data   RO         4985    .constdata          GUI_CM4F_L.lib(f16_1.o)
    0x0800e508   0x00000010   Data   RO         4986    .constdata          GUI_CM4F_L.lib(f16_1.o)
    0x0800e518   0x00000020   Data   RO         4987    .constdata          GUI_CM4F_L.lib(f16_1.o)
    0x0800e538   0x00000010   Data   RO         4988    .constdata          GUI_CM4F_L.lib(f16_1.o)
    0x0800e548   0x00000010   Data   RO         4989    .constdata          GUI_CM4F_L.lib(f16_1.o)
    0x0800e558   0x00000010   Data   RO         4990    .constdata          GUI_CM4F_L.lib(f16_1.o)
    0x0800e568   0x00000010   Data   RO         4991    .constdata          GUI_CM4F_L.lib(f16_1.o)
    0x0800e578   0x00000010   Data   RO         4992    .constdata          GUI_CM4F_L.lib(f16_1.o)
    0x0800e588   0x00000010   Data   RO         4993    .constdata          GUI_CM4F_L.lib(f16_1.o)
    0x0800e598   0x00000010   Data   RO         4994    .constdata          GUI_CM4F_L.lib(f16_1.o)
    0x0800e5a8   0x00000010   Data   RO         4995    .constdata          GUI_CM4F_L.lib(f16_1.o)
    0x0800e5b8   0x00000010   Data   RO         4996    .constdata          GUI_CM4F_L.lib(f16_1.o)
    0x0800e5c8   0x00000010   Data   RO         4997    .constdata          GUI_CM4F_L.lib(f16_1.o)
    0x0800e5d8   0x00000010   Data   RO         4998    .constdata          GUI_CM4F_L.lib(f16_1.o)
    0x0800e5e8   0x00000010   Data   RO         4999    .constdata          GUI_CM4F_L.lib(f16_1.o)
    0x0800e5f8   0x00000010   Data   RO         5000    .constdata          GUI_CM4F_L.lib(f16_1.o)
    0x0800e608   0x00000010   Data   RO         5001    .constdata          GUI_CM4F_L.lib(f16_1.o)
    0x0800e618   0x00000010   Data   RO         5002    .constdata          GUI_CM4F_L.lib(f16_1.o)
    0x0800e628   0x00000010   Data   RO         5003    .constdata          GUI_CM4F_L.lib(f16_1.o)
    0x0800e638   0x00000010   Data   RO         5004    .constdata          GUI_CM4F_L.lib(f16_1.o)
    0x0800e648   0x00000010   Data   RO         5005    .constdata          GUI_CM4F_L.lib(f16_1.o)
    0x0800e658   0x00000010   Data   RO         5006    .constdata          GUI_CM4F_L.lib(f16_1.o)
    0x0800e668   0x00000010   Data   RO         5007    .constdata          GUI_CM4F_L.lib(f16_1.o)
    0x0800e678   0x00000010   Data   RO         5008    .constdata          GUI_CM4F_L.lib(f16_1.o)
    0x0800e688   0x00000010   Data   RO         5009    .constdata          GUI_CM4F_L.lib(f16_1.o)
    0x0800e698   0x00000010   Data   RO         5010    .constdata          GUI_CM4F_L.lib(f16_1.o)
    0x0800e6a8   0x00000010   Data   RO         5011    .constdata          GUI_CM4F_L.lib(f16_1.o)
    0x0800e6b8   0x00000010   Data   RO         5012    .constdata          GUI_CM4F_L.lib(f16_1.o)
    0x0800e6c8   0x00000300   Data   RO         5013    .constdata          GUI_CM4F_L.lib(f16_1.o)
    0x0800e9c8   0x0000000c   Data   RO         5014    .constdata          GUI_CM4F_L.lib(f16_1.o)
    0x0800e9d4   0x00000024   Data   RO         5015    .constdata          GUI_CM4F_L.lib(f16_1.o)
    0x0800e9f8   0x00000020   Data   RO         5022    .constdata          GUI_CM4F_L.lib(f32_1.o)
    0x0800ea18   0x00000020   Data   RO         5023    .constdata          GUI_CM4F_L.lib(f32_1.o)
    0x0800ea38   0x00000040   Data   RO         5024    .constdata          GUI_CM4F_L.lib(f32_1.o)
    0x0800ea78   0x00000040   Data   RO         5025    .constdata          GUI_CM4F_L.lib(f32_1.o)
    0x0800eab8   0x00000040   Data   RO         5026    .constdata          GUI_CM4F_L.lib(f32_1.o)
    0x0800eaf8   0x00000040   Data   RO         5027    .constdata          GUI_CM4F_L.lib(f32_1.o)
    0x0800eb38   0x00000020   Data   RO         5028    .constdata          GUI_CM4F_L.lib(f32_1.o)
    0x0800eb58   0x00000040   Data   RO         5029    .constdata          GUI_CM4F_L.lib(f32_1.o)
    0x0800eb98   0x00000040   Data   RO         5030    .constdata          GUI_CM4F_L.lib(f32_1.o)
    0x0800ebd8   0x00000060   Data   RO         5031    .constdata          GUI_CM4F_L.lib(f32_1.o)
    0x0800ec38   0x00000040   Data   RO         5032    .constdata          GUI_CM4F_L.lib(f32_1.o)
    0x0800ec78   0x00000040   Data   RO         5033    .constdata          GUI_CM4F_L.lib(f32_1.o)
    0x0800ecb8   0x00000040   Data   RO         5034    .constdata          GUI_CM4F_L.lib(f32_1.o)
    0x0800ecf8   0x00000040   Data   RO         5035    .constdata          GUI_CM4F_L.lib(f32_1.o)
    0x0800ed38   0x00000060   Data   RO         5036    .constdata          GUI_CM4F_L.lib(f32_1.o)
    0x0800ed98   0x00000040   Data   RO         5037    .constdata          GUI_CM4F_L.lib(f32_1.o)
    0x0800edd8   0x00000040   Data   RO         5038    .constdata          GUI_CM4F_L.lib(f32_1.o)
    0x0800ee18   0x00000040   Data   RO         5039    .constdata          GUI_CM4F_L.lib(f32_1.o)
    0x0800ee58   0x00000040   Data   RO         5040    .constdata          GUI_CM4F_L.lib(f32_1.o)
    0x0800ee98   0x00000040   Data   RO         5041    .constdata          GUI_CM4F_L.lib(f32_1.o)
    0x0800eed8   0x00000040   Data   RO         5042    .constdata          GUI_CM4F_L.lib(f32_1.o)
    0x0800ef18   0x00000040   Data   RO         5043    .constdata          GUI_CM4F_L.lib(f32_1.o)
    0x0800ef58   0x00000040   Data   RO         5044    .constdata          GUI_CM4F_L.lib(f32_1.o)
    0x0800ef98   0x00000020   Data   RO         5045    .constdata          GUI_CM4F_L.lib(f32_1.o)
    0x0800efb8   0x00000040   Data   RO         5046    .constdata          GUI_CM4F_L.lib(f32_1.o)
    0x0800eff8   0x00000040   Data   RO         5047    .constdata          GUI_CM4F_L.lib(f32_1.o)
    0x0800f038   0x00000040   Data   RO         5048    .constdata          GUI_CM4F_L.lib(f32_1.o)
    0x0800f078   0x00000040   Data   RO         5049    .constdata          GUI_CM4F_L.lib(f32_1.o)
    0x0800f0b8   0x00000060   Data   RO         5050    .constdata          GUI_CM4F_L.lib(f32_1.o)
    0x0800f118   0x00000060   Data   RO         5051    .constdata          GUI_CM4F_L.lib(f32_1.o)
    0x0800f178   0x00000060   Data   RO         5052    .constdata          GUI_CM4F_L.lib(f32_1.o)
    0x0800f1d8   0x00000060   Data   RO         5053    .constdata          GUI_CM4F_L.lib(f32_1.o)
    0x0800f238   0x00000060   Data   RO         5054    .constdata          GUI_CM4F_L.lib(f32_1.o)
    0x0800f298   0x00000060   Data   RO         5055    .constdata          GUI_CM4F_L.lib(f32_1.o)
    0x0800f2f8   0x00000060   Data   RO         5056    .constdata          GUI_CM4F_L.lib(f32_1.o)
    0x0800f358   0x00000060   Data   RO         5057    .constdata          GUI_CM4F_L.lib(f32_1.o)
    0x0800f3b8   0x00000060   Data   RO         5058    .constdata          GUI_CM4F_L.lib(f32_1.o)
    0x0800f418   0x00000060   Data   RO         5059    .constdata          GUI_CM4F_L.lib(f32_1.o)
    0x0800f478   0x00000080   Data   RO         5060    .constdata          GUI_CM4F_L.lib(f32_1.o)
    0x0800f4f8   0x00000060   Data   RO         5061    .constdata          GUI_CM4F_L.lib(f32_1.o)
    0x0800f558   0x00000060   Data   RO         5062    .constdata          GUI_CM4F_L.lib(f32_1.o)
    0x0800f5b8   0x00000060   Data   RO         5063    .constdata          GUI_CM4F_L.lib(f32_1.o)
    0x0800f618   0x00000060   Data   RO         5064    .constdata          GUI_CM4F_L.lib(f32_1.o)
    0x0800f678   0x00000060   Data   RO         5065    .constdata          GUI_CM4F_L.lib(f32_1.o)
    0x0800f6d8   0x00000020   Data   RO         5066    .constdata          GUI_CM4F_L.lib(f32_1.o)
    0x0800f6f8   0x00000020   Data   RO         5067    .constdata          GUI_CM4F_L.lib(f32_1.o)
    0x0800f718   0x00000020   Data   RO         5068    .constdata          GUI_CM4F_L.lib(f32_1.o)
    0x0800f738   0x00000020   Data   RO         5069    .constdata          GUI_CM4F_L.lib(f32_1.o)
    0x0800f758   0x00000060   Data   RO         5070    .constdata          GUI_CM4F_L.lib(f32_1.o)
    0x0800f7b8   0x00000060   Data   RO         5071    .constdata          GUI_CM4F_L.lib(f32_1.o)
    0x0800f818   0x00000060   Data   RO         5072    .constdata          GUI_CM4F_L.lib(f32_1.o)
    0x0800f878   0x00000060   Data   RO         5073    .constdata          GUI_CM4F_L.lib(f32_1.o)
    0x0800f8d8   0x00000060   Data   RO         5074    .constdata          GUI_CM4F_L.lib(f32_1.o)
    0x0800f938   0x00000060   Data   RO         5075    .constdata          GUI_CM4F_L.lib(f32_1.o)
    0x0800f998   0x00000060   Data   RO         5076    .constdata          GUI_CM4F_L.lib(f32_1.o)
    0x0800f9f8   0x00000040   Data   RO         5077    .constdata          GUI_CM4F_L.lib(f32_1.o)
    0x0800fa38   0x00000060   Data   RO         5078    .constdata          GUI_CM4F_L.lib(f32_1.o)
    0x0800fa98   0x00000060   Data   RO         5079    .constdata          GUI_CM4F_L.lib(f32_1.o)
    0x0800faf8   0x00000060   Data   RO         5080    .constdata          GUI_CM4F_L.lib(f32_1.o)
    0x0800fb58   0x00000060   Data   RO         5081    .constdata          GUI_CM4F_L.lib(f32_1.o)
    0x0800fbb8   0x00000060   Data   RO         5082    .constdata          GUI_CM4F_L.lib(f32_1.o)
    0x0800fc18   0x00000060   Data   RO         5083    .constdata          GUI_CM4F_L.lib(f32_1.o)
    0x0800fc78   0x00000060   Data   RO         5084    .constdata          GUI_CM4F_L.lib(f32_1.o)
    0x0800fcd8   0x00000060   Data   RO         5085    .constdata          GUI_CM4F_L.lib(f32_1.o)
    0x0800fd38   0x00000040   Data   RO         5086    .constdata          GUI_CM4F_L.lib(f32_1.o)
    0x0800fd78   0x00000040   Data   RO         5087    .constdata          GUI_CM4F_L.lib(f32_1.o)
    0x0800fdb8   0x00000040   Data   RO         5088    .constdata          GUI_CM4F_L.lib(f32_1.o)
    0x0800fdf8   0x00000040   Data   RO         5089    .constdata          GUI_CM4F_L.lib(f32_1.o)
    0x0800fe38   0x00000040   Data   RO         5090    .constdata          GUI_CM4F_L.lib(f32_1.o)
    0x0800fe78   0x00000040   Data   RO         5091    .constdata          GUI_CM4F_L.lib(f32_1.o)
    0x0800feb8   0x00000060   Data   RO         5092    .constdata          GUI_CM4F_L.lib(f32_1.o)
    0x0800ff18   0x00000040   Data   RO         5093    .constdata          GUI_CM4F_L.lib(f32_1.o)
    0x0800ff58   0x00000040   Data   RO         5094    .constdata          GUI_CM4F_L.lib(f32_1.o)
    0x0800ff98   0x00000040   Data   RO         5095    .constdata          GUI_CM4F_L.lib(f32_1.o)
    0x0800ffd8   0x00000040   Data   RO         5096    .constdata          GUI_CM4F_L.lib(f32_1.o)
    0x08010018   0x00000040   Data   RO         5097    .constdata          GUI_CM4F_L.lib(f32_1.o)
    0x08010058   0x00000020   Data   RO         5098    .constdata          GUI_CM4F_L.lib(f32_1.o)
    0x08010078   0x00000020   Data   RO         5099    .constdata          GUI_CM4F_L.lib(f32_1.o)
    0x08010098   0x00000020   Data   RO         5100    .constdata          GUI_CM4F_L.lib(f32_1.o)
    0x080100b8   0x00000020   Data   RO         5101    .constdata          GUI_CM4F_L.lib(f32_1.o)
    0x080100d8   0x00000040   Data   RO         5102    .constdata          GUI_CM4F_L.lib(f32_1.o)
    0x08010118   0x00000040   Data   RO         5103    .constdata          GUI_CM4F_L.lib(f32_1.o)
    0x08010158   0x00000040   Data   RO         5104    .constdata          GUI_CM4F_L.lib(f32_1.o)
    0x08010198   0x00000040   Data   RO         5105    .constdata          GUI_CM4F_L.lib(f32_1.o)
    0x080101d8   0x00000040   Data   RO         5106    .constdata          GUI_CM4F_L.lib(f32_1.o)
    0x08010218   0x00000040   Data   RO         5107    .constdata          GUI_CM4F_L.lib(f32_1.o)
    0x08010258   0x00000040   Data   RO         5108    .constdata          GUI_CM4F_L.lib(f32_1.o)
    0x08010298   0x00000040   Data   RO         5109    .constdata          GUI_CM4F_L.lib(f32_1.o)
    0x080102d8   0x00000060   Data   RO         5110    .constdata          GUI_CM4F_L.lib(f32_1.o)
    0x08010338   0x00000040   Data   RO         5111    .constdata          GUI_CM4F_L.lib(f32_1.o)
    0x08010378   0x00000040   Data   RO         5112    .constdata          GUI_CM4F_L.lib(f32_1.o)
    0x080103b8   0x00000040   Data   RO         5113    .constdata          GUI_CM4F_L.lib(f32_1.o)
    0x080103f8   0x00000040   Data   RO         5114    .constdata          GUI_CM4F_L.lib(f32_1.o)
    0x08010438   0x00000040   Data   RO         5115    .constdata          GUI_CM4F_L.lib(f32_1.o)
    0x08010478   0x00000040   Data   RO         5116    .constdata          GUI_CM4F_L.lib(f32_1.o)
    0x080104b8   0x00000040   Data   RO         5117    .constdata          GUI_CM4F_L.lib(f32_1.o)
    0x080104f8   0x00000300   Data   RO         5118    .constdata          GUI_CM4F_L.lib(f32_1.o)
    0x080107f8   0x0000000c   Data   RO         5119    .constdata          GUI_CM4F_L.lib(f32_1.o)
    0x08010804   0x00000024   Data   RO         5120    .constdata          GUI_CM4F_L.lib(f32_1.o)
    0x08010828   0x00000034   Data   RO         5162    .constdata          GUI_CM4F_L.lib(guidrv_lin_24.o)
    0x0801085c   0x00000018   Data   RO         5644    .constdata          GUI_CM4F_L.lib(guicc_16.o)
    0x08010874   0x00000010   Data   RO         5654    .constdata          GUI_CM4F_L.lib(gui__divtbl_15_255.o)
    0x08010884   0x00000100   Data   RO         5661    .constdata          GUI_CM4F_L.lib(gui__divtbl_255_15.o)
    0x08010984   0x00000100   Data   RO         5668    .constdata          GUI_CM4F_L.lib(gui__divtbl_255_31.o)
    0x08010a84   0x00000100   Data   RO         5675    .constdata          GUI_CM4F_L.lib(gui__divtbl_255_63.o)
    0x08010b84   0x00000020   Data   RO         5682    .constdata          GUI_CM4F_L.lib(gui__divtbl_31_255.o)
    0x08010ba4   0x00000040   Data   RO         5689    .constdata          GUI_CM4F_L.lib(gui__divtbl_63_255.o)
    0x08010be4   0x00000010   Data   RO         5822    .constdata          GUI_CM4F_L.lib(gui_uc_encodenone.o)
    0x08010bf4   0x00000018   Data   RO         5839    .constdata          GUI_CM4F_L.lib(guicc_0.o)
    0x08010c0c   0x00000100   Data   RO         5891    .constdata          GUI_CM4F_L.lib(lcd_mirror.o)
    0x08010d0c   0x00000010   Data   RO         5914    .constdata          GUI_CM4F_L.lib(f16_ascii.o)
    0x08010d1c   0x00000010   Data   RO         5915    .constdata          GUI_CM4F_L.lib(f16_ascii.o)
    0x08010d2c   0x00000010   Data   RO         5916    .constdata          GUI_CM4F_L.lib(f16_ascii.o)
    0x08010d3c   0x00000010   Data   RO         5917    .constdata          GUI_CM4F_L.lib(f16_ascii.o)
    0x08010d4c   0x00000010   Data   RO         5918    .constdata          GUI_CM4F_L.lib(f16_ascii.o)
    0x08010d5c   0x00000020   Data   RO         5919    .constdata          GUI_CM4F_L.lib(f16_ascii.o)
    0x08010d7c   0x00000020   Data   RO         5920    .constdata          GUI_CM4F_L.lib(f16_ascii.o)
    0x08010d9c   0x00000010   Data   RO         5921    .constdata          GUI_CM4F_L.lib(f16_ascii.o)
    0x08010dac   0x00000010   Data   RO         5922    .constdata          GUI_CM4F_L.lib(f16_ascii.o)
    0x08010dbc   0x00000010   Data   RO         5923    .constdata          GUI_CM4F_L.lib(f16_ascii.o)
    0x08010dcc   0x00000010   Data   RO         5924    .constdata          GUI_CM4F_L.lib(f16_ascii.o)
    0x08010ddc   0x00000010   Data   RO         5925    .constdata          GUI_CM4F_L.lib(f16_ascii.o)
    0x08010dec   0x00000010   Data   RO         5926    .constdata          GUI_CM4F_L.lib(f16_ascii.o)
    0x08010dfc   0x00000010   Data   RO         5927    .constdata          GUI_CM4F_L.lib(f16_ascii.o)
    0x08010e0c   0x00000010   Data   RO         5928    .constdata          GUI_CM4F_L.lib(f16_ascii.o)
    0x08010e1c   0x00000010   Data   RO         5929    .constdata          GUI_CM4F_L.lib(f16_ascii.o)
    0x08010e2c   0x00000010   Data   RO         5930    .constdata          GUI_CM4F_L.lib(f16_ascii.o)
    0x08010e3c   0x00000010   Data   RO         5931    .constdata          GUI_CM4F_L.lib(f16_ascii.o)
    0x08010e4c   0x00000010   Data   RO         5932    .constdata          GUI_CM4F_L.lib(f16_ascii.o)
    0x08010e5c   0x00000010   Data   RO         5933    .constdata          GUI_CM4F_L.lib(f16_ascii.o)
    0x08010e6c   0x00000010   Data   RO         5934    .constdata          GUI_CM4F_L.lib(f16_ascii.o)
    0x08010e7c   0x00000010   Data   RO         5935    .constdata          GUI_CM4F_L.lib(f16_ascii.o)
    0x08010e8c   0x00000010   Data   RO         5936    .constdata          GUI_CM4F_L.lib(f16_ascii.o)
    0x08010e9c   0x00000010   Data   RO         5937    .constdata          GUI_CM4F_L.lib(f16_ascii.o)
    0x08010eac   0x00000010   Data   RO         5938    .constdata          GUI_CM4F_L.lib(f16_ascii.o)
    0x08010ebc   0x00000010   Data   RO         5939    .constdata          GUI_CM4F_L.lib(f16_ascii.o)
    0x08010ecc   0x00000010   Data   RO         5940    .constdata          GUI_CM4F_L.lib(f16_ascii.o)
    0x08010edc   0x00000010   Data   RO         5941    .constdata          GUI_CM4F_L.lib(f16_ascii.o)
    0x08010eec   0x00000010   Data   RO         5942    .constdata          GUI_CM4F_L.lib(f16_ascii.o)
    0x08010efc   0x00000010   Data   RO         5943    .constdata          GUI_CM4F_L.lib(f16_ascii.o)
    0x08010f0c   0x00000010   Data   RO         5944    .constdata          GUI_CM4F_L.lib(f16_ascii.o)
    0x08010f1c   0x00000010   Data   RO         5945    .constdata          GUI_CM4F_L.lib(f16_ascii.o)
    0x08010f2c   0x00000020   Data   RO         5946    .constdata          GUI_CM4F_L.lib(f16_ascii.o)
    0x08010f4c   0x00000020   Data   RO         5947    .constdata          GUI_CM4F_L.lib(f16_ascii.o)
    0x08010f6c   0x00000020   Data   RO         5948    .constdata          GUI_CM4F_L.lib(f16_ascii.o)
    0x08010f8c   0x00000020   Data   RO         5949    .constdata          GUI_CM4F_L.lib(f16_ascii.o)
    0x08010fac   0x00000020   Data   RO         5950    .constdata          GUI_CM4F_L.lib(f16_ascii.o)
    0x08010fcc   0x00000020   Data   RO         5951    .constdata          GUI_CM4F_L.lib(f16_ascii.o)
    0x08010fec   0x00000010   Data   RO         5952    .constdata          GUI_CM4F_L.lib(f16_ascii.o)
    0x08010ffc   0x00000020   Data   RO         5953    .constdata          GUI_CM4F_L.lib(f16_ascii.o)
    0x0801101c   0x00000020   Data   RO         5954    .constdata          GUI_CM4F_L.lib(f16_ascii.o)
    0x0801103c   0x00000010   Data   RO         5955    .constdata          GUI_CM4F_L.lib(f16_ascii.o)
    0x0801104c   0x00000010   Data   RO         5956    .constdata          GUI_CM4F_L.lib(f16_ascii.o)
    0x0801105c   0x00000020   Data   RO         5957    .constdata          GUI_CM4F_L.lib(f16_ascii.o)
    0x0801107c   0x00000010   Data   RO         5958    .constdata          GUI_CM4F_L.lib(f16_ascii.o)
    0x0801108c   0x00000020   Data   RO         5959    .constdata          GUI_CM4F_L.lib(f16_ascii.o)
    0x080110ac   0x00000020   Data   RO         5960    .constdata          GUI_CM4F_L.lib(f16_ascii.o)
    0x080110cc   0x00000020   Data   RO         5961    .constdata          GUI_CM4F_L.lib(f16_ascii.o)
    0x080110ec   0x00000020   Data   RO         5962    .constdata          GUI_CM4F_L.lib(f16_ascii.o)
    0x0801110c   0x00000020   Data   RO         5963    .constdata          GUI_CM4F_L.lib(f16_ascii.o)
    0x0801112c   0x00000020   Data   RO         5964    .constdata          GUI_CM4F_L.lib(f16_ascii.o)
    0x0801114c   0x00000020   Data   RO         5965    .constdata          GUI_CM4F_L.lib(f16_ascii.o)
    0x0801116c   0x00000010   Data   RO         5966    .constdata          GUI_CM4F_L.lib(f16_ascii.o)
    0x0801117c   0x00000020   Data   RO         5967    .constdata          GUI_CM4F_L.lib(f16_ascii.o)
    0x0801119c   0x00000020   Data   RO         5968    .constdata          GUI_CM4F_L.lib(f16_ascii.o)
    0x080111bc   0x00000020   Data   RO         5969    .constdata          GUI_CM4F_L.lib(f16_ascii.o)
    0x080111dc   0x00000010   Data   RO         5970    .constdata          GUI_CM4F_L.lib(f16_ascii.o)
    0x080111ec   0x00000020   Data   RO         5971    .constdata          GUI_CM4F_L.lib(f16_ascii.o)
    0x0801120c   0x00000010   Data   RO         5972    .constdata          GUI_CM4F_L.lib(f16_ascii.o)
    0x0801121c   0x00000010   Data   RO         5973    .constdata          GUI_CM4F_L.lib(f16_ascii.o)
    0x0801122c   0x00000010   Data   RO         5974    .constdata          GUI_CM4F_L.lib(f16_ascii.o)
    0x0801123c   0x00000010   Data   RO         5975    .constdata          GUI_CM4F_L.lib(f16_ascii.o)
    0x0801124c   0x00000010   Data   RO         5976    .constdata          GUI_CM4F_L.lib(f16_ascii.o)
    0x0801125c   0x00000010   Data   RO         5977    .constdata          GUI_CM4F_L.lib(f16_ascii.o)
    0x0801126c   0x00000010   Data   RO         5978    .constdata          GUI_CM4F_L.lib(f16_ascii.o)
    0x0801127c   0x00000010   Data   RO         5979    .constdata          GUI_CM4F_L.lib(f16_ascii.o)
    0x0801128c   0x00000010   Data   RO         5980    .constdata          GUI_CM4F_L.lib(f16_ascii.o)
    0x0801129c   0x00000010   Data   RO         5981    .constdata          GUI_CM4F_L.lib(f16_ascii.o)
    0x080112ac   0x00000010   Data   RO         5982    .constdata          GUI_CM4F_L.lib(f16_ascii.o)
    0x080112bc   0x00000010   Data   RO         5983    .constdata          GUI_CM4F_L.lib(f16_ascii.o)
    0x080112cc   0x00000010   Data   RO         5984    .constdata          GUI_CM4F_L.lib(f16_ascii.o)
    0x080112dc   0x00000010   Data   RO         5985    .constdata          GUI_CM4F_L.lib(f16_ascii.o)
    0x080112ec   0x00000010   Data   RO         5986    .constdata          GUI_CM4F_L.lib(f16_ascii.o)
    0x080112fc   0x00000010   Data   RO         5987    .constdata          GUI_CM4F_L.lib(f16_ascii.o)
    0x0801130c   0x00000010   Data   RO         5988    .constdata          GUI_CM4F_L.lib(f16_ascii.o)
    0x0801131c   0x00000010   Data   RO         5989    .constdata          GUI_CM4F_L.lib(f16_ascii.o)
    0x0801132c   0x00000010   Data   RO         5990    .constdata          GUI_CM4F_L.lib(f16_ascii.o)
    0x0801133c   0x00000020   Data   RO         5991    .constdata          GUI_CM4F_L.lib(f16_ascii.o)
    0x0801135c   0x00000010   Data   RO         5992    .constdata          GUI_CM4F_L.lib(f16_ascii.o)
    0x0801136c   0x00000010   Data   RO         5993    .constdata          GUI_CM4F_L.lib(f16_ascii.o)
    0x0801137c   0x00000010   Data   RO         5994    .constdata          GUI_CM4F_L.lib(f16_ascii.o)
    0x0801138c   0x00000010   Data   RO         5995    .constdata          GUI_CM4F_L.lib(f16_ascii.o)
    0x0801139c   0x00000010   Data   RO         5996    .constdata          GUI_CM4F_L.lib(f16_ascii.o)
    0x080113ac   0x00000010   Data   RO         5997    .constdata          GUI_CM4F_L.lib(f16_ascii.o)
    0x080113bc   0x00000010   Data   RO         5998    .constdata          GUI_CM4F_L.lib(f16_ascii.o)
    0x080113cc   0x00000010   Data   RO         5999    .constdata          GUI_CM4F_L.lib(f16_ascii.o)
    0x080113dc   0x00000010   Data   RO         6000    .constdata          GUI_CM4F_L.lib(f16_ascii.o)
    0x080113ec   0x00000020   Data   RO         6001    .constdata          GUI_CM4F_L.lib(f16_ascii.o)
    0x0801140c   0x00000010   Data   RO         6002    .constdata          GUI_CM4F_L.lib(f16_ascii.o)
    0x0801141c   0x00000010   Data   RO         6003    .constdata          GUI_CM4F_L.lib(f16_ascii.o)
    0x0801142c   0x00000010   Data   RO         6004    .constdata          GUI_CM4F_L.lib(f16_ascii.o)
    0x0801143c   0x00000010   Data   RO         6005    .constdata          GUI_CM4F_L.lib(f16_ascii.o)
    0x0801144c   0x00000010   Data   RO         6006    .constdata          GUI_CM4F_L.lib(f16_ascii.o)
    0x0801145c   0x00000010   Data   RO         6007    .constdata          GUI_CM4F_L.lib(f16_ascii.o)
    0x0801146c   0x00000010   Data   RO         6008    .constdata          GUI_CM4F_L.lib(f16_ascii.o)
    0x0801147c   0x00000300   Data   RO         6009    .constdata          GUI_CM4F_L.lib(f16_ascii.o)
    0x0801177c   0x0000000c   Data   RO         6010    .constdata          GUI_CM4F_L.lib(f16_ascii.o)
    0x08011788   0x00000020   Data   RO         6018    .constdata          GUI_CM4F_L.lib(f32_ascii.o)
    0x080117a8   0x00000020   Data   RO         6019    .constdata          GUI_CM4F_L.lib(f32_ascii.o)
    0x080117c8   0x00000040   Data   RO         6020    .constdata          GUI_CM4F_L.lib(f32_ascii.o)
    0x08011808   0x00000040   Data   RO         6021    .constdata          GUI_CM4F_L.lib(f32_ascii.o)
    0x08011848   0x00000040   Data   RO         6022    .constdata          GUI_CM4F_L.lib(f32_ascii.o)
    0x08011888   0x00000060   Data   RO         6023    .constdata          GUI_CM4F_L.lib(f32_ascii.o)
    0x080118e8   0x00000060   Data   RO         6024    .constdata          GUI_CM4F_L.lib(f32_ascii.o)
    0x08011948   0x00000020   Data   RO         6025    .constdata          GUI_CM4F_L.lib(f32_ascii.o)
    0x08011968   0x00000040   Data   RO         6026    .constdata          GUI_CM4F_L.lib(f32_ascii.o)
    0x080119a8   0x00000040   Data   RO         6027    .constdata          GUI_CM4F_L.lib(f32_ascii.o)
    0x080119e8   0x00000040   Data   RO         6028    .constdata          GUI_CM4F_L.lib(f32_ascii.o)
    0x08011a28   0x00000040   Data   RO         6029    .constdata          GUI_CM4F_L.lib(f32_ascii.o)
    0x08011a68   0x00000020   Data   RO         6030    .constdata          GUI_CM4F_L.lib(f32_ascii.o)
    0x08011a88   0x00000040   Data   RO         6031    .constdata          GUI_CM4F_L.lib(f32_ascii.o)
    0x08011ac8   0x00000020   Data   RO         6032    .constdata          GUI_CM4F_L.lib(f32_ascii.o)
    0x08011ae8   0x00000020   Data   RO         6033    .constdata          GUI_CM4F_L.lib(f32_ascii.o)
    0x08011b08   0x00000040   Data   RO         6034    .constdata          GUI_CM4F_L.lib(f32_ascii.o)
    0x08011b48   0x00000040   Data   RO         6035    .constdata          GUI_CM4F_L.lib(f32_ascii.o)
    0x08011b88   0x00000040   Data   RO         6036    .constdata          GUI_CM4F_L.lib(f32_ascii.o)
    0x08011bc8   0x00000040   Data   RO         6037    .constdata          GUI_CM4F_L.lib(f32_ascii.o)
    0x08011c08   0x00000040   Data   RO         6038    .constdata          GUI_CM4F_L.lib(f32_ascii.o)
    0x08011c48   0x00000040   Data   RO         6039    .constdata          GUI_CM4F_L.lib(f32_ascii.o)
    0x08011c88   0x00000040   Data   RO         6040    .constdata          GUI_CM4F_L.lib(f32_ascii.o)
    0x08011cc8   0x00000040   Data   RO         6041    .constdata          GUI_CM4F_L.lib(f32_ascii.o)
    0x08011d08   0x00000040   Data   RO         6042    .constdata          GUI_CM4F_L.lib(f32_ascii.o)
    0x08011d48   0x00000040   Data   RO         6043    .constdata          GUI_CM4F_L.lib(f32_ascii.o)
    0x08011d88   0x00000020   Data   RO         6044    .constdata          GUI_CM4F_L.lib(f32_ascii.o)
    0x08011da8   0x00000020   Data   RO         6045    .constdata          GUI_CM4F_L.lib(f32_ascii.o)
    0x08011dc8   0x00000040   Data   RO         6046    .constdata          GUI_CM4F_L.lib(f32_ascii.o)
    0x08011e08   0x00000040   Data   RO         6047    .constdata          GUI_CM4F_L.lib(f32_ascii.o)
    0x08011e48   0x00000040   Data   RO         6048    .constdata          GUI_CM4F_L.lib(f32_ascii.o)
    0x08011e88   0x00000040   Data   RO         6049    .constdata          GUI_CM4F_L.lib(f32_ascii.o)
    0x08011ec8   0x00000080   Data   RO         6050    .constdata          GUI_CM4F_L.lib(f32_ascii.o)
    0x08011f48   0x00000060   Data   RO         6051    .constdata          GUI_CM4F_L.lib(f32_ascii.o)
    0x08011fa8   0x00000060   Data   RO         6052    .constdata          GUI_CM4F_L.lib(f32_ascii.o)
    0x08012008   0x00000060   Data   RO         6053    .constdata          GUI_CM4F_L.lib(f32_ascii.o)
    0x08012068   0x00000060   Data   RO         6054    .constdata          GUI_CM4F_L.lib(f32_ascii.o)
    0x080120c8   0x00000060   Data   RO         6055    .constdata          GUI_CM4F_L.lib(f32_ascii.o)
    0x08012128   0x00000060   Data   RO         6056    .constdata          GUI_CM4F_L.lib(f32_ascii.o)
    0x08012188   0x00000060   Data   RO         6057    .constdata          GUI_CM4F_L.lib(f32_ascii.o)
    0x080121e8   0x00000060   Data   RO         6058    .constdata          GUI_CM4F_L.lib(f32_ascii.o)
    0x08012248   0x00000020   Data   RO         6059    .constdata          GUI_CM4F_L.lib(f32_ascii.o)
    0x08012268   0x00000040   Data   RO         6060    .constdata          GUI_CM4F_L.lib(f32_ascii.o)
    0x080122a8   0x00000060   Data   RO         6061    .constdata          GUI_CM4F_L.lib(f32_ascii.o)
    0x08012308   0x00000040   Data   RO         6062    .constdata          GUI_CM4F_L.lib(f32_ascii.o)
    0x08012348   0x00000060   Data   RO         6063    .constdata          GUI_CM4F_L.lib(f32_ascii.o)
    0x080123a8   0x00000060   Data   RO         6064    .constdata          GUI_CM4F_L.lib(f32_ascii.o)
    0x08012408   0x00000060   Data   RO         6065    .constdata          GUI_CM4F_L.lib(f32_ascii.o)
    0x08012468   0x00000060   Data   RO         6066    .constdata          GUI_CM4F_L.lib(f32_ascii.o)
    0x080124c8   0x00000060   Data   RO         6067    .constdata          GUI_CM4F_L.lib(f32_ascii.o)
    0x08012528   0x00000060   Data   RO         6068    .constdata          GUI_CM4F_L.lib(f32_ascii.o)
    0x08012588   0x00000060   Data   RO         6069    .constdata          GUI_CM4F_L.lib(f32_ascii.o)
    0x080125e8   0x00000040   Data   RO         6070    .constdata          GUI_CM4F_L.lib(f32_ascii.o)
    0x08012628   0x00000060   Data   RO         6071    .constdata          GUI_CM4F_L.lib(f32_ascii.o)
    0x08012688   0x00000060   Data   RO         6072    .constdata          GUI_CM4F_L.lib(f32_ascii.o)
    0x080126e8   0x00000080   Data   RO         6073    .constdata          GUI_CM4F_L.lib(f32_ascii.o)
    0x08012768   0x00000060   Data   RO         6074    .constdata          GUI_CM4F_L.lib(f32_ascii.o)
    0x080127c8   0x00000060   Data   RO         6075    .constdata          GUI_CM4F_L.lib(f32_ascii.o)
    0x08012828   0x00000060   Data   RO         6076    .constdata          GUI_CM4F_L.lib(f32_ascii.o)
    0x08012888   0x00000020   Data   RO         6077    .constdata          GUI_CM4F_L.lib(f32_ascii.o)
    0x080128a8   0x00000020   Data   RO         6078    .constdata          GUI_CM4F_L.lib(f32_ascii.o)
    0x080128c8   0x00000020   Data   RO         6079    .constdata          GUI_CM4F_L.lib(f32_ascii.o)
    0x080128e8   0x00000040   Data   RO         6080    .constdata          GUI_CM4F_L.lib(f32_ascii.o)
    0x08012928   0x00000040   Data   RO         6081    .constdata          GUI_CM4F_L.lib(f32_ascii.o)
    0x08012968   0x00000040   Data   RO         6082    .constdata          GUI_CM4F_L.lib(f32_ascii.o)
    0x080129a8   0x00000040   Data   RO         6083    .constdata          GUI_CM4F_L.lib(f32_ascii.o)
    0x080129e8   0x00000040   Data   RO         6084    .constdata          GUI_CM4F_L.lib(f32_ascii.o)
    0x08012a28   0x00000040   Data   RO         6085    .constdata          GUI_CM4F_L.lib(f32_ascii.o)
    0x08012a68   0x00000040   Data   RO         6086    .constdata          GUI_CM4F_L.lib(f32_ascii.o)
    0x08012aa8   0x00000040   Data   RO         6087    .constdata          GUI_CM4F_L.lib(f32_ascii.o)
    0x08012ae8   0x00000020   Data   RO         6088    .constdata          GUI_CM4F_L.lib(f32_ascii.o)
    0x08012b08   0x00000040   Data   RO         6089    .constdata          GUI_CM4F_L.lib(f32_ascii.o)
    0x08012b48   0x00000040   Data   RO         6090    .constdata          GUI_CM4F_L.lib(f32_ascii.o)
    0x08012b88   0x00000020   Data   RO         6091    .constdata          GUI_CM4F_L.lib(f32_ascii.o)
    0x08012ba8   0x00000020   Data   RO         6092    .constdata          GUI_CM4F_L.lib(f32_ascii.o)
    0x08012bc8   0x00000040   Data   RO         6093    .constdata          GUI_CM4F_L.lib(f32_ascii.o)
    0x08012c08   0x00000020   Data   RO         6094    .constdata          GUI_CM4F_L.lib(f32_ascii.o)
    0x08012c28   0x00000060   Data   RO         6095    .constdata          GUI_CM4F_L.lib(f32_ascii.o)
    0x08012c88   0x00000040   Data   RO         6096    .constdata          GUI_CM4F_L.lib(f32_ascii.o)
    0x08012cc8   0x00000040   Data   RO         6097    .constdata          GUI_CM4F_L.lib(f32_ascii.o)
    0x08012d08   0x00000040   Data   RO         6098    .constdata          GUI_CM4F_L.lib(f32_ascii.o)
    0x08012d48   0x00000040   Data   RO         6099    .constdata          GUI_CM4F_L.lib(f32_ascii.o)
    0x08012d88   0x00000040   Data   RO         6100    .constdata          GUI_CM4F_L.lib(f32_ascii.o)
    0x08012dc8   0x00000040   Data   RO         6101    .constdata          GUI_CM4F_L.lib(f32_ascii.o)
    0x08012e08   0x00000020   Data   RO         6102    .constdata          GUI_CM4F_L.lib(f32_ascii.o)
    0x08012e28   0x00000040   Data   RO         6103    .constdata          GUI_CM4F_L.lib(f32_ascii.o)
    0x08012e68   0x00000040   Data   RO         6104    .constdata          GUI_CM4F_L.lib(f32_ascii.o)
    0x08012ea8   0x00000060   Data   RO         6105    .constdata          GUI_CM4F_L.lib(f32_ascii.o)
    0x08012f08   0x00000040   Data   RO         6106    .constdata          GUI_CM4F_L.lib(f32_ascii.o)
    0x08012f48   0x00000040   Data   RO         6107    .constdata          GUI_CM4F_L.lib(f32_ascii.o)
    0x08012f88   0x00000040   Data   RO         6108    .constdata          GUI_CM4F_L.lib(f32_ascii.o)
    0x08012fc8   0x00000040   Data   RO         6109    .constdata          GUI_CM4F_L.lib(f32_ascii.o)
    0x08013008   0x00000020   Data   RO         6110    .constdata          GUI_CM4F_L.lib(f32_ascii.o)
    0x08013028   0x00000040   Data   RO         6111    .constdata          GUI_CM4F_L.lib(f32_ascii.o)
    0x08013068   0x00000040   Data   RO         6112    .constdata          GUI_CM4F_L.lib(f32_ascii.o)
    0x080130a8   0x000002f8   Data   RO         6113    .constdata          GUI_CM4F_L.lib(f32_ascii.o)
    0x080133a0   0x0000000c   Data   RO         6114    .constdata          GUI_CM4F_L.lib(f32_ascii.o)
    0x080133ac   0x00000074   Data   RO         6139    .constdata          GUI_CM4F_L.lib(guidev_32.o)
    0x08013420   0x00000020   Data   RO         7731    Region$$Table       anon$$obj.o


    Execution Region RW_IRAM1 (Base: 0x20010000, Size: 0x00003b48, Max: 0x00040000, ABSOLUTE, COMPRESSED[0x00000080])

    Base Addr    Size         Type   Attr      Idx    E Section Name        Object

    0x20010000   0x0000000a   Data   RW          267    .data               thread1.o
    0x2001000a   0x00000002   PAD
    0x2001000c   0x00000006   Data   RW          302    .data               thread2.o
    0x20010012   0x00000002   PAD
    0x20010014   0x0000002e   Data   RW          346    .data               ft5336.o
    0x20010042   0x00000002   PAD
    0x20010044   0x0000000a   Data   RW          673    .data               stm32746g_discovery_ts.o
    0x2001004e   0x00000002   Data   RW          884    .data               stm32746g_discovery_sdram.o
    0x20010050   0x00000024   Data   RW          965    .data               rtx_conf_cm.o
    0x20010074   0x00000004   Data   RW         2773    .data               system_stm32f7xx.o
    0x20010078   0x00000010   Data   RW         3127    .data               gui_x_rte.o
    0x20010088   0x0000002c   Data   RW         3277    .data               lcdconf.o
    0x200100b4   0x00000008   Data   RW         3606    .data               RTX_CM4.lib(rt_cmsis.o)
    0x200100bc   0x00000008   Data   RW         4149    .data               RTX_CM4.lib(rt_task.o)
    0x200100c4   0x00000004   Data   RW         4225    .data               RTX_CM4.lib(rt_time.o)
    0x200100c8   0x00000008   Data   RW         4343    .data               GUI_CM4F_L.lib(guicc_m1555i.o)
    0x200100d0   0x00000008   Data   RW         4363    .data               GUI_CM4F_L.lib(guicc_m4444i.o)
    0x200100d8   0x00000008   Data   RW         4382    .data               GUI_CM4F_L.lib(guicc_m8888i.o)
    0x200100e0   0x00000028   Data   RW         4404    .data               GUI_CM4F_L.lib(gui__alpha.o)
    0x20010108   0x00000008   Data   RW         4459    .data               GUI_CM4F_L.lib(gui_alloc.o)
    0x20010110   0x0000002c   Data   RW         4515    .data               GUI_CM4F_L.lib(gui_core.o)
    0x2001013c   0x00000004   Data   RW         4520    .data               GUI_CM4F_L.lib(gui_core.o)
    0x20010140   0x00000004   Data   RW         4521    .data               GUI_CM4F_L.lib(gui_core.o)
    0x20010144   0x00000004   Data   RW         4525    .data               GUI_CM4F_L.lib(gui_core.o)
    0x20010148   0x00000002   Data   RW         4526    .data               GUI_CM4F_L.lib(gui_core.o)
    0x2001014a   0x00000002   Data   RW         4527    .data               GUI_CM4F_L.lib(gui_core.o)
    0x2001014c   0x00000024   Data   RW         4601    .data               GUI_CM4F_L.lib(gui_multibuf.o)
    0x20010170   0x00000008   Data   RW         4669    .data               GUI_CM4F_L.lib(guicc_m565.o)
    0x20010178   0x00000008   Data   RW         4688    .data               GUI_CM4F_L.lib(guicc_m888.o)
    0x20010180   0x00000004   Data   RW         4719    .data               GUI_CM4F_L.lib(lcd.o)
    0x20010184   0x00000010   Data   RW         4751    .data               GUI_CM4F_L.lib(lcd_color.o)
    0x20010194   0x00000008   Data   RW         5217    .data               RTX_CM4.lib(rt_system.o)
    0x2001019c   0x00000008   Data   RW         5505    .data               RTX_CM4.lib(rt_robin.o)
    0x200101a4   0x00000001   Data   RW         5585    .data               RTX_CM4.lib(hal_cm.o)
    0x200101a5   0x00000003   PAD
    0x200101a8   0x0000001c   Data   RW         5801    .data               GUI_CM4F_L.lib(gui_task.o)
    0x200101c4   0x00000064   Data   RW         6220    .data               GUI_CM4F_L.lib(wm.o)
    0x20010228   0x00000014   Data   RW         6314    .data               GUI_CM4F_L.lib(gui__managecache.o)
    0x2001023c   0x00000010   Data   RW         6390    .data               GUI_CM4F_L.lib(gui_onkey.o)
    0x2001024c   0x0000000c   Data   RW         6441    .data               GUI_CM4F_L.lib(gui_waitevent.o)
    0x20010258   0x00000004   Data   RW         6567    .data               GUI_CM4F_L.lib(wm__sendmessage.o)
    0x2001025c   0x00000004   Data   RW         6713    .data               GUI_CM4F_L.lib(gui_charline.o)
    0x20010260   0x00000010   Zero   RW          300    .bss                thread2.o
    0x20010270   0x00000078   Zero   RW          470    .bss                stm32746g_discovery.o
    0x200102e8   0x00000100   Zero   RW          883    .bss                stm32746g_discovery_sdram.o
    0x200103e8   0x00002998   Zero   RW          963    .bss                rtx_conf_cm.o
    0x20012d80   0x00000028   Zero   RW         3125    .bss                gui_x_rte.o
    0x20012da8   0x000004e8   Zero   RW         3275    .bss                lcdconf.o
    0x20013290   0x00000034   Zero   RW         4148    .bss                RTX_CM4.lib(rt_task.o)
    0x200132c4   0x000000cc   Zero   RW         4458    .bss                GUI_CM4F_L.lib(gui_alloc.o)
    0x20013390   0x00000070   Zero   RW         4513    .bss                GUI_CM4F_L.lib(gui_core.o)
    0x20013400   0x00000030   Zero   RW         5347    .bss                RTX_CM4.lib(rt_list.o)
    0x20013430   0x00000018   Zero   RW         6218    .bss                GUI_CM4F_L.lib(wm.o)
    0x20013448   0x00000058   Zero   RW         6389    .bss                GUI_CM4F_L.lib(gui_onkey.o)
    0x200134a0   0x00000048   Zero   RW         6662    .bss                GUI_CM4F_L.lib(wm_touch.o)
    0x200134e8   0x00000060   Zero   RW         7509    .bss                c_w.l(libspace.o)
    0x20013548   0x00000200   Zero   RW         2761    HEAP                startup_stm32f746xx.o
    0x20013748   0x00000400   Zero   RW         2760    STACK               startup_stm32f746xx.o



  Load Region LR$$.ARM.__AT_0x20000000 (Base: 0x20000000, Size: 0x00000000, Max: 0x00005a00, ABSOLUTE)

    Execution Region ER$$.ARM.__AT_0x20000000 (Base: 0x20000000, Size: 0x00005a00, Max: 0x00005a00, ABSOLUTE, UNINIT)

    Base Addr    Size         Type   Attr      Idx    E Section Name        Object

    0x20000000   0x00005a00   Zero   RW         3273    .ARM.__AT_0x20000000  lcdconf.o



  Load Region LR$$.ARM.__AT_0xC0000000 (Base: 0xc0000000, Size: 0x00000000, Max: 0x0005fa00, ABSOLUTE)

    Execution Region ER$$.ARM.__AT_0xC0000000 (Base: 0xc0000000, Size: 0x0005fa00, Max: 0x0005fa00, ABSOLUTE, UNINIT)

    Base Addr    Size         Type   Attr      Idx    E Section Name        Object

    0xc0000000   0x0005fa00   Zero   RW         3274    .ARM.__AT_0xC0000000  lcdconf.o



  Load Region LR$$.ARM.__AT_0xC0200000 (Base: 0xc0200000, Size: 0x00000000, Max: 0x00200000, ABSOLUTE)

    Execution Region ER$$.ARM.__AT_0xC0200000 (Base: 0xc0200000, Size: 0x00200000, Max: 0x00200000, ABSOLUTE, UNINIT)

    Base Addr    Size         Type   Attr      Idx    E Section Name        Object

    0xc0200000   0x00200000   Zero   RW         3211    .ARM.__AT_0xC0200000  guiconf.o


==============================================================================

Image component sizes


      Code (inc. data)   RO Data    RW Data    ZI Data      Debug   Object Name

       492         28          0          0          0       7708   analyzer.o
       608         36          0         46          0      15957   ft5336.o
       130         30         12         16         40       5086   gui_x_rte.o
        28          8          0          0    2097152        583   guiconf.o
       368         42          0          0          0       2646   lcd_x.o
      3876        522          8         44     415976      40335   lcdconf.o
        64          8          8          0          0       2195   led_746g_discovery.o
       948        174          0          0          0     556714   main.o
       126         26         86         36      10648       9567   rtx_conf_cm.o
        64         26        456          0       1536        916   startup_stm32f746xx.o
       676         48          0          0        120       8344   stm32746g_discovery.o
       748         66          0          2        256       4710   stm32746g_discovery_sdram.o
       100         26          0         10          0       3797   stm32746g_discovery_ts.o
       104          6          0          0          0       3236   stm32f7xx_hal.o
       390         26          0          0          0      37318   stm32f7xx_hal_cortex.o
      4064         46          0          0          0       4088   stm32f7xx_hal_dma.o
       556         52          0          0          0       3213   stm32f7xx_hal_gpio.o
      1824         26          0          0          0      12684   stm32f7xx_hal_i2c.o
      2116         12          0          0          0      13573   stm32f7xx_hal_ltdc.o
       144          8          0          0          0       1392   stm32f7xx_hal_pwr_ex.o
      2216         46         16          0          0       5001   stm32f7xx_hal_rcc.o
      1948         16          0          0          0       2340   stm32f7xx_hal_rcc_ex.o
       164          0          0          0          0       3516   stm32f7xx_hal_sdram.o
       368          0          0          0          0       3748   stm32f7xx_ll_fmc.o
       100         18          0          4          0       1453   system_stm32f7xx.o
       228         50         16         10          0       2054   thread1.o
       236         54         20          6         16       2215   thread2.o
        28          0          0          0          0        703   touch_746g_discovery.o

    ----------------------------------------------------------------------
     22732       1400        656        180    2525744     755092   Object Totals
         0          0         32          0          0          0   (incl. Generated)
        18          0          2          6          0          0   (incl. Padding)

    ----------------------------------------------------------------------

      Code (inc. data)   RO Data    RW Data    ZI Data      Debug   Library Member Name

         0          0       2880          0          0          0   f16_1.o
         0          0       2684          0          0          0   f16_ascii.o
         0          0       7728          0          0          0   f32_1.o
         0          0       7204          0          0          0   f32_ascii.o
         0          0       1816          0          0          0   f6x8.o
       898         56          0         40          0       1148   gui__alpha.o
       372          0          0          0          0        260   gui__compactpixelindices.o
         0          0         16          0          0          0   gui__divtbl_15_255.o
         0          0        256          0          0          0   gui__divtbl_255_15.o
         0          0        256          0          0          0   gui__divtbl_255_31.o
         0          0        256          0          0          0   gui__divtbl_255_63.o
         0          0         32          0          0          0   gui__divtbl_31_255.o
         0          0         64          0          0          0   gui__divtbl_63_255.o
       322          0          0          0          0        156   gui__expandpixelindices.o
        58          0          0          0          0        116   gui__intersectrect.o
        82          0          0          0          0        128   gui__intersectrects.o
       216          8          0         20          0        252   gui__managecache.o
        76          0          0          0          0        124   gui__memset.o
      1698         90          0          8        204       2512   gui_alloc.o
        46          0          0          0          0        128   gui_alloc_alloczero.o
        60          0          0          0          0        124   gui_calccolordist.o
       164         20          0          0          0        500   gui_char.o
       458         36          0          4          0        760   gui_charline.o
       394         12          0          0          0        492   gui_charm.o
       316         10          0          0          0        624   gui_charp.o
       440         66          8         60        112       1120   gui_core.o
       434         34          8          0          0       1108   gui_device.o
       264          4          0          0          0        136   gui_dispstring.o
        40          6          0          0          0        136   gui_dispstringat.o
        52          4          0          0          0        140   gui_dispstringhcenter.o
        48          0          0          0          0        248   gui_getcolor.o
        24          4          0          0          0        124   gui_getdrawmode.o
        66         12          0          0          0        360   gui_goto.o
        88          0          0          0          0        124   gui_mergerect.o
        30          0          0          0          0        116   gui_moverect.o
        44          6          0         36          0        116   gui_multibuf.o
        16          4          0         16         88        116   gui_onkey.o
        56          0          0          0          0        116   gui_rectsintersect.o
        94         10          0          0          0        264   gui_selectlayer.o
        26          0          0          0          0        128   gui_selectlcd.o
        44          0          0          0          0        256   gui_setcolor.o
        32          6          0          0          0        128   gui_setfont.o
        64         16          0          0          0        136   gui_setorg.o
        32          6          0          0          0        128   gui_settextalign.o
       364         42          0         28          0        768   gui_task.o
        84         10          0          0          0        264   gui_uc.o
        18          0         16          0          0        464   gui_uc_encodenone.o
        16          4          0         12          0        116   gui_waitevent.o
       198          0         24          0          0        388   guicc_0.o
       172          0         24          0          0        376   guicc_16.o
       228         36         24          0          0        636   guicc_1616i.o
       190          0         24          0          0        356   guicc_8666.o
       194         18         24          0          0        636   guicc_88666i.o
         2          0          0          0          0        116   guicc_8888_index2color.o
         2          0          0          0          0        116   guicc_888_index2color.o
       290         32         24          8          0        768   guicc_m1555i.o
       312         22         24          8          0        768   guicc_m4444i.o
       258         46         24          8          0        652   guicc_m565.o
       142         16         24          8          0        636   guicc_m888.o
       184         12         24          8          0        644   guicc_m8888i.o
        30          0          0          0          0        124   guicc_m8888i_index2color.o
        20          0          0          0          0        116   guicc_m888_index2color.o
        72          6          0          0          0        128   guidev.o
      2368         62        116          0          0       2256   guidev_32.o
        40          0          0          0          0        128   guidev_getdataptr.o
        84          0          0          0          0        260   guidev_usage.o
       400         14          0          0          0        144   guidev_writetoactivealpha.o
      5166        178         52          0          0       4516   guidrv_lin_24.o
      1210         98         12          4          0       2016   lcd.o
       276         30          0         16          0        748   lcd_color.o
        32         12          0          0          0        232   lcd_getcolorindex.o
       224         26          0          0          0       1896   lcd_getex.o
        26          0          0          0          0        128   lcd_getnumdisplays.o
         0          0        256          0          0          0   lcd_mirror.o
       504         18          0          0          0        280   lcd_readrect.o
        64          8          0          0          0        128   lcd_selectlcd.o
       260          0          0          0          0        788   lcd_set.o
        48         10          0          0          0        128   lcd_setcliprectex.o
        36          4          0          0          0        128   lcd_updatecolorindices.o
      2992        132          0        100         24       4096   wm.o
        18          0          0          0          0        124   wm__getfirstsibling.o
        36          0          0          0          0        128   wm__getprevsibling.o
        60          6          0          4          0        136   wm__sendmessage.o
       136          0          0          0          0        140   wm_bringtobottom.o
        16          6          0          0          0        116   wm_criticalhandle.o
        32          0          0          0          0        128   wm_getclientrect.o
        24         10          0          0          0        116   wm_getdesktopwindow.o
        26          0          0          0          0        124   wm_getfirstchild.o
        26          0          0          0          0        124   wm_getparent.o
        38          0          0          0          0        140   wm_sendtoparent.o
         0          0          0          0         72          0   wm_touch.o
       268         24          0          1          0       4452   hal_cm.o
       408         34          0          0          0        816   hal_cm4.o
      1746        212          0          8          0      45283   rt_cmsis.o
        80          4          0          0          0        701   rt_event.o
       566         44          0          0         48       9176   rt_list.o
       550         10          0          0          0       4185   rt_mailbox.o
       140          0          0          0          0       2045   rt_membox.o
       128          0          0          0          0       2419   rt_memory.o
       336         12          0          0          0       2201   rt_mutex.o
        96         22          0          8          0       1230   rt_robin.o
        52          4          0          0          0        613   rt_semaphore.o
       298         52          0          8          0       6439   rt_system.o
      1264        184          0          8         52      10563   rt_task.o
         6          0          0          4          0        684   rt_time.o
         4          4          0          0          0        200   svc_table.o
        90          0          0          0          0          0   __dczerorl2.o
         8          0          0          0          0         68   __main.o
       104          0          0          0          0         84   __printf.o
         0          0          0          0          0          0   __rtentry.o
        20          0          0          0          0          0   __rtentry2.o
         6          0          0          0          0          0   __rtentry4.o
        52          8          0          0          0          0   __scatter.o
        28          0          0          0          0          0   __scatter_zi.o
        48          6          0          0          0         96   _printf_char_common.o
         6          0          0          0          0          0   _printf_d.o
       120         16          0          0          0         92   _printf_dec.o
       178          0          0          0          0         88   _printf_intcommon.o
         0          0          0          0          0          0   _printf_percent.o
         4          0          0          0          0          0   _printf_percent_end.o
        10          0          0          0          0         68   _sputc.o
        18          0          0          0          0         80   exit.o
         6          0          0          0          0        152   heapauxi.o
         0          0          0          0          0          0   indicate_semi.o
         2          0          0          0          0          0   libinit.o
         6          0          0          0          0          0   libinit2.o
         2          0          0          0          0          0   libshutdown.o
         2          0          0          0          0          0   libshutdown2.o
         8          4          0          0         96         68   libspace.o
       238          0          0          0          0        100   lludivv7m.o
        40          6          0          0          0         84   noretval__2sprintf.o
       138          0          0          0          0         68   rt_memcpy_v6.o
       100          0          0          0          0         80   rt_memcpy_w.o
       132          0          0          0          0         68   rt_memmove_v6.o
       122          0          0          0          0         80   rt_memmove_w.o
         2          0          0          0          0          0   rtexit.o
        10          0          0          0          0          0   rtexit2.o
        24          0          0          0          0         68   strcat.o
        12          4          0          0          0         68   sys_exit.o
        74          0          0          0          0         80   sys_stackheap_outer.o
         2          0          0          0          0         68   use_no_semi.o
        10          0          0          0          0        116   fpinit.o

    ----------------------------------------------------------------------
     31624       1918      23900        428        696     132227   Library Totals
        88          0          0          3          0          0   (incl. Padding)

    ----------------------------------------------------------------------

      Code (inc. data)   RO Data    RW Data    ZI Data      Debug   Library Name

     23972       1268      23900        388        500      39544   GUI_CM4F_L.lib
      5942        606          0         37        100      91007   RTX_CM4.lib
      1612         44          0          0         96       1560   c_w.l
        10          0          0          0          0        116   fz_wm.l

    ----------------------------------------------------------------------
     31624       1918      23900        428        696     132227   Library Totals

    ----------------------------------------------------------------------

==============================================================================


      Code (inc. data)   RO Data    RW Data    ZI Data      Debug   

     54356       3318      24556        608    2526440     830339   Grand Totals
     54356       3318      24556        128    2526440     830339   ELF Image Totals (compressed)
     54356       3318      24556        128          0          0   ROM Totals

==============================================================================

    Total RO  Size (Code + RO Data)                78912 (  77.06kB)
    Total RW  Size (RW Data + ZI Data)           2527048 (2467.82kB)
    Total ROM Size (Code + RO Data + RW Data)      79040 (  77.19kB)

==============================================================================

