Component: ARM Compiler 5.06 update 1 (build 61) Tool: armlink [4d35a8]

==============================================================================

Section Cross References

    main.o(i.CPU_CACHE_Enable) refers to main.o(i.SCB_EnableDCache) for SCB_EnableDCache
    main.o(i.Error_Handler) refers to led_746g_discovery.o(i.LED_On) for LED_On
    main.o(i.Error_Handler) refers to rt_cmsis.o(i.osDelay) for osDelay
    main.o(i.Error_Handler) refers to led_746g_discovery.o(i.LED_Off) for LED_Off
    main.o(i.HAL_GetTick) refers to rt_time.o(.data) for os_time
    main.o(i.MPU_Config) refers to stm32f7xx_hal_cortex.o(i.HAL_MPU_ConfigRegion) for HAL_MPU_ConfigRegion
    main.o(i.SystemClock_Config) refers to stm32f7xx_hal_rcc.o(i.HAL_RCC_OscConfig) for HAL_RCC_OscConfig
    main.o(i.SystemClock_Config) refers to main.o(i.Error_Handler) for Error_Handler
    main.o(i.SystemClock_Config) refers to stm32f7xx_hal_pwr_ex.o(i.HAL_PWREx_EnableOverDrive) for HAL_PWREx_EnableOverDrive
    main.o(i.SystemClock_Config) refers to stm32f7xx_hal_rcc.o(i.HAL_RCC_ClockConfig) for HAL_RCC_ClockConfig
    main.o(i.main) refers to main.o(i.MPU_Config) for MPU_Config
    main.o(i.main) refers to main.o(i.CPU_CACHE_Enable) for CPU_CACHE_Enable
    main.o(i.main) refers to rt_cmsis.o(i.osKernelInitialize) for osKernelInitialize
    main.o(i.main) refers to stm32f7xx_hal.o(i.HAL_Init) for HAL_Init
    main.o(i.main) refers to adc config.o(i.ConfigureDMA) for ConfigureDMA
    main.o(i.main) refers to main.o(i.Error_Handler) for Error_Handler
    main.o(i.main) refers to adc config.o(i.ADC_INIT) for ADC_INIT
    main.o(i.main) refers to main.o(i.SystemClock_Config) for SystemClock_Config
    main.o(i.main) refers to stm32746g_discovery_sdram.o(i.BSP_SDRAM_Init) for BSP_SDRAM_Init
    main.o(i.main) refers to touch_746g_discovery.o(i.Touch_Initialize) for Touch_Initialize
    main.o(i.main) refers to rtos_utils.o(i.Init_RTOS_Utils) for Init_RTOS_Utils
    main.o(i.main) refers to th_gui.o(i.Init_th_GUI) for Init_th_GUI
    main.o(i.main) refers to th_touch.o(i.Init_th_Touch) for Init_th_Touch
    main.o(i.main) refers to rt_cmsis.o(i.osKernelStart) for osKernelStart
    main.o(i.main) refers to analyzer.o(i.Analyzer_Init) for Analyzer_Init
    main.o(i.main) refers to gui_curs1.o(i.GUI_CURSOR_GetState) for GUI_CURSOR_GetState
    main.o(i.main) refers to gui_curs1.o(i.GUI_CURSOR_Select) for GUI_CURSOR_Select
    main.o(i.main) refers to gui_curs1.o(i.GUI_CURSOR_Show) for GUI_CURSOR_Show
    main.o(i.main) refers to stm32f7xx_hal_adc.o(i.HAL_ADC_Start_DMA) for HAL_ADC_Start_DMA
    main.o(i.main) refers to rt_cmsis.o(i.osThreadGetId) for osThreadGetId
    main.o(i.main) refers to rt_cmsis.o(i.osThreadTerminate) for osThreadTerminate
    main.o(i.main) refers to main.o(.bss) for g_AdcHandle
    main.o(i.main) refers to gui_cursorcrossm.o(.constdata) for GUI_CursorCrossM
    main.o(i.main) refers to main.o(.ARM.__AT_0xC0400000) for values
    analyzer.o(i.Analyzer_Init) refers to stm32f7xx_hal_gpio.o(i.HAL_GPIO_Init) for HAL_GPIO_Init
    analyzer.o(i.Analyzer_Init) refers to stm32f7xx_hal_gpio.o(i.HAL_GPIO_WritePin) for HAL_GPIO_WritePin
    analyzer.o(i.Analyzer_Init) refers to stm32f7xx_hal_gpio.o(i.HAL_GPIO_TogglePin) for HAL_GPIO_TogglePin
    th_gui.o(i.Hello_MSG) refers to gui_setcolor.o(i.GUI_SetColor) for GUI_SetColor
    th_gui.o(i.Hello_MSG) refers to gui_setfont.o(i.GUI_SetFont) for GUI_SetFont
    th_gui.o(i.Hello_MSG) refers to gui_dispstringhcenter.o(i.GUI_DispStringHCenterAt) for GUI_DispStringHCenterAt
    th_gui.o(i.Hello_MSG) refers to rt_cmsis.o(i.osDelay) for osDelay
    th_gui.o(i.Hello_MSG) refers to gui_core.o(i.GUI_Clear) for GUI_Clear
    th_gui.o(i.Hello_MSG) refers to f16_1.o(.constdata) for GUI_Font16_1
    th_gui.o(i.Hello_MSG) refers to f32_1.o(.constdata) for GUI_Font32_1
    th_gui.o(i.Init_th_GUI) refers to rt_cmsis.o(i.osThreadCreate) for osThreadCreate
    th_gui.o(i.Init_th_GUI) refers to main.o(i.Error_Handler) for Error_Handler
    th_gui.o(i.Init_th_GUI) refers to th_gui.o(.constdata) for os_thread_def_th_GUI
    th_gui.o(i.Init_th_GUI) refers to th_gui.o(.data) for tid_th_GUI
    th_gui.o(i.th_GUI) refers to _printf_percent.o(.ARM.Collect$$_printf_percent$$00000000) for _printf_percent
    th_gui.o(i.th_GUI) refers to _printf_d.o(.ARM.Collect$$_printf_percent$$00000009) for _printf_d
    th_gui.o(i.th_GUI) refers to _printf_dec.o(.text) for _printf_int_dec
    th_gui.o(i.th_GUI) refers to gui_core.o(i.GUI_Init) for GUI_Init
    th_gui.o(i.th_GUI) refers to rt_cmsis.o(i.osMutexWait) for osMutexWait
    th_gui.o(i.th_GUI) refers to th_gui.o(i.Hello_MSG) for Hello_MSG
    th_gui.o(i.th_GUI) refers to gui_core.o(i.GUI_Clear) for GUI_Clear
    th_gui.o(i.th_GUI) refers to gui_selectlayer.o(i.GUI_SelectLayer) for GUI_SelectLayer
    th_gui.o(i.th_GUI) refers to guidev.o(i.GUI_MEMDEV_Create) for GUI_MEMDEV_Create
    th_gui.o(i.th_GUI) refers to guidev.o(i.GUI_MEMDEV_Select) for GUI_MEMDEV_Select
[...]
    0x0801027c   0x00000020   Code   RO         6607    i._Index2Color_0    GUI_CM4F_L.lib(guicc_0.o)
    0x0801029c   0x00000036   Code   RO         6228    i._Index2Color_16   GUI_CM4F_L.lib(guicc_16.o)
    0x080102d2   0x00000002   PAD
    0x080102d4   0x00000028   Code   RO         4718    i._Index2Color_1616I  GUI_CM4F_L.lib(guicc_1616i.o)
    0x080102fc   0x00000020   Code   RO         4749    i._Index2Color_88666I  GUI_CM4F_L.lib(guicc_88666i.o)
    0x0801031c   0x00000030   Code   RO         4767    i._Index2Color_M1555I  GUI_CM4F_L.lib(guicc_m1555i.o)
    0x0801034c   0x00000030   Code   RO         4787    i._Index2Color_M4444I  GUI_CM4F_L.lib(guicc_m4444i.o)
    0x0801037c   0x00000018   Code   RO         5695    i._Init             GUI_CM4F_L.lib(guidrv_lin_24.o)
    0x08010394   0x00000070   Code   RO         4951    i._InitContext      GUI_CM4F_L.lib(gui_core.o)
    0x08010404   0x000000a8   Code   RO         4890    i._InitOnce         GUI_CM4F_L.lib(gui_alloc.o)
    0x080104ac   0x00000024   Code   RO         5696    i._InitOnce         GUI_CM4F_L.lib(guidrv_lin_24.o)
    0x080104d0   0x00000080   Code   RO         7050    i._Invalidate1Abs   GUI_CM4F_L.lib(wm.o)
    0x08010550   0x00000014   Code   RO         3679    i._InvertAlpha      lcdconf.o
    0x08010564   0x0000002c   Code   RO         3680    i._InvertAlpha_SwapRB  lcdconf.o
    0x08010590   0x00000060   Code   RO         3681    i._LCD_CopyBuffer   lcdconf.o
    0x080105f0   0x0000009c   Code   RO         3682    i._LCD_CopyRect     lcdconf.o
    0x0801068c   0x0000001c   Code   RO         3683    i._LCD_DisplayOff   lcdconf.o
    0x080106a8   0x0000001c   Code   RO         3684    i._LCD_DisplayOn    lcdconf.o
    0x080106c4   0x00000084   Code   RO         3685    i._LCD_DrawBitmap16bpp  lcdconf.o
    0x08010748   0x00000084   Code   RO         3686    i._LCD_DrawBitmap8bpp  lcdconf.o
    0x080107cc   0x000000a8   Code   RO         3687    i._LCD_FillRect     lcdconf.o
    0x08010874   0x00000070   Code   RO         3688    i._LCD_GetpPalConvTable  lcdconf.o
    0x080108e4   0x000001cc   Code   RO         3689    i._LCD_InitController  lcdconf.o
    0x08010ab0   0x00000084   Code   RO         3690    i._LCD_MixColorsBulk  lcdconf.o
    0x08010b34   0x0000002c   Code   RO         3691    i._LCD_SetChroma    lcdconf.o
    0x08010b60   0x00000020   Code   RO         3692    i._LCD_SetChromaMode  lcdconf.o
    0x08010b80   0x00000034   Code   RO         3693    i._LCD_SetLUTEntry  lcdconf.o
    0x08010bb4   0x00000018   Code   RO         3694    i._LCD_SetLayerAlpha  lcdconf.o
    0x08010bcc   0x0000001c   Code   RO         3695    i._LCD_SetLayerPos  lcdconf.o
    0x08010be8   0x0000001c   Code   RO         3696    i._LCD_SetLayerSize  lcdconf.o
    0x08010c04   0x00000044   Code   RO         3697    i._LCD_SetOrg       lcdconf.o
    0x08010c48   0x0000004c   Code   RO         3698    i._LCD_SetVis       lcdconf.o
    0x08010c94   0x00000016   Code   RO         6497    i._Link             GUI_CM4F_L.lib(gui_sprite.o)
    0x08010caa   0x00000002   Code   RO         7568    i._Log2VisBuffered  GUI_CM4F_L.lib(gui_charline.o)
    0x08010cac   0x0000000a   Code   RO         5697    i._Off              GUI_CM4F_L.lib(guidrv_lin_24.o)
    0x08010cb6   0x0000000a   Code   RO         5698    i._On               GUI_CM4F_L.lib(guidrv_lin_24.o)
    0x08010cc0   0x00000028   Code   RO         4829    i._OnExit           GUI_CM4F_L.lib(gui__alpha.o)
    0x08010ce8   0x00000034   Code   RO         4891    i._OnExit           GUI_CM4F_L.lib(gui_alloc.o)
    0x08010d1c   0x0000002c   Code   RO         4952    i._OnExit           GUI_CM4F_L.lib(gui_core.o)
    0x08010d48   0x00000018   Code   RO         4999    i._OnExit           GUI_CM4F_L.lib(gui_curs1.o)
    0x08010d60   0x00000014   Code   RO         5301    i._OnExit           GUI_CM4F_L.lib(lcd_color.o)
    0x08010d74   0x00000014   Code   RO         6569    i._OnExit           GUI_CM4F_L.lib(gui_task.o)
    0x08010d88   0x00000034   Code   RO         7051    i._OnExit           GUI_CM4F_L.lib(wm.o)
    0x08010dbc   0x0000004a   Code   RO         6498    i._PixelExists      GUI_CM4F_L.lib(gui_sprite.o)
    0x08010e06   0x00000002   PAD
    0x08010e08   0x00000040   Code   RO         4892    i._PopFreeBlock     GUI_CM4F_L.lib(gui_alloc.o)
    0x08010e48   0x00000028   Code   RO         4893    i._PushFreeBlock    GUI_CM4F_L.lib(gui_alloc.o)
    0x08010e70   0x0000001c   Code   RO         6499    i._ReleaseBuffer    GUI_CM4F_L.lib(gui_sprite.o)
    0x08010e8c   0x00000034   Code   RO         4894    i._RemoveFreeBlock  GUI_CM4F_L.lib(gui_alloc.o)
    0x08010ec0   0x000000a0   Code   RO         4895    i._RemoveHoles      GUI_CM4F_L.lib(gui_alloc.o)
    0x08010f60   0x00000026   Code   RO         5699    i._SetAlpha         GUI_CM4F_L.lib(guidrv_lin_24.o)
    0x08010f86   0x00000010   Code   RO         5700    i._SetAlphaMode     GUI_CM4F_L.lib(guidrv_lin_24.o)
    0x08010f96   0x00000002   PAD
    0x08010f98   0x00000020   Code   RO         5266    i._SetBkColor       GUI_CM4F_L.lib(lcd.o)
    0x08010fb8   0x0000004a   Code   RO         6502    i._SetBkIndexBuffered  GUI_CM4F_L.lib(gui_sprite.o)
    0x08011002   0x00000012   Code   RO         5701    i._SetChroma        GUI_CM4F_L.lib(guidrv_lin_24.o)
    0x08011014   0x00000010   Code   RO         5702    i._SetChromaMode    GUI_CM4F_L.lib(guidrv_lin_24.o)
    0x08011024   0x0000004c   Code   RO         7055    i._SetClipRectUserIntersect  GUI_CM4F_L.lib(wm.o)
    0x08011070   0x00000020   Code   RO         5267    i._SetColor         GUI_CM4F_L.lib(lcd.o)
    0x08011090   0x0000003c   Code   RO         5703    i._SetDevFunc       GUI_CM4F_L.lib(guidrv_lin_24.o)
    0x080110cc   0x0000002c   Code   RO         5268    i._SetDrawMode      GUI_CM4F_L.lib(lcd.o)
    0x080110f8   0x00000078   Code   RO         5081    i._SetLineColor     GUI_CM4F_L.lib(gui_drawline.o)
    0x08011170   0x000000a4   Code   RO         5704    i._SetOrg           GUI_CM4F_L.lib(guidrv_lin_24.o)
    0x08011214   0x0000000e   Code   RO         6503    i._SetOrg           GUI_CM4F_L.lib(gui_sprite.o)
    0x08011222   0x00000008   Code   RO         6927    i._SetOrg           GUI_CM4F_L.lib(guidev_32.o)
    0x0801122a   0x00000082   Code   RO         5705    i._SetPixelIndex    GUI_CM4F_L.lib(guidrv_lin_24.o)
    0x080112ac   0x000000bc   Code   RO         6504    i._SetPixelIndex    GUI_CM4F_L.lib(gui_sprite.o)
    0x08011368   0x00000048   Code   RO         6928    i._SetPixelIndex    GUI_CM4F_L.lib(guidev_32.o)
    0x080113b0   0x0000002e   Code   RO         5706    i._SetPos           GUI_CM4F_L.lib(guidrv_lin_24.o)
    0x080113de   0x00000002   PAD
    0x080113e0   0x0000045c   Code   RO         6505    i._SetPosition      GUI_CM4F_L.lib(gui_sprite.o)
    0x0801183c   0x00000044   Code   RO         5707    i._SetSize          GUI_CM4F_L.lib(guidrv_lin_24.o)
    0x08011880   0x00000028   Code   RO         5708    i._SetVRAMAddr      GUI_CM4F_L.lib(guidrv_lin_24.o)
    0x080118a8   0x0000002a   Code   RO         5709    i._SetVSize         GUI_CM4F_L.lib(guidrv_lin_24.o)
    0x080118d2   0x00000026   Code   RO         5710    i._SetVis           GUI_CM4F_L.lib(guidrv_lin_24.o)
    0x080118f8   0x00000038   Code   RO         5000    i._Show             GUI_CM4F_L.lib(gui_curs1.o)
    0x08011930   0x00000024   Code   RO         5711    i._ShowBuffer       GUI_CM4F_L.lib(guidrv_lin_24.o)
    0x08011954   0x000001ec   Code   RO         6506    i._SpriteDraw       GUI_CM4F_L.lib(gui_sprite.o)
    0x08011b40   0x000000ea   Code   RO         4896    i._TestRAM          GUI_CM4F_L.lib(gui_alloc.o)
    0x08011c2a   0x00000002   PAD
    0x08011c2c   0x000000ec   Code   RO         6507    i._Undraw           GUI_CM4F_L.lib(gui_sprite.o)
    0x08011d18   0x00000016   Code   RO         6508    i._Unlink           GUI_CM4F_L.lib(gui_sprite.o)
    0x08011d2e   0x00000002   PAD
    0x08011d30   0x00000030   Code   RO         5042    i._UnlinkDevice     GUI_CM4F_L.lib(gui_device.o)
    0x08011d60   0x0000000e   Code   RO         4897    i._WriteTagData     GUI_CM4F_L.lib(gui_alloc.o)
    0x08011d6e   0x00000002   PAD
    0x08011d70   0x00000340   Code   RO         6989    i._WriteToActiveOpaque_8  GUI_CM4F_L.lib(guidev_writetoactiveopaque.o)
    0x080120b0   0x00000344   Code   RO         6990    i._WriteToActiveOpaque_HT  GUI_CM4F_L.lib(guidev_writetoactiveopaque.o)
    0x080123f4   0x0000003c   Code   RO         6929    i._XY2PTR           GUI_CM4F_L.lib(guidev_32.o)
    0x08012430   0x00000028   Code   RO         5712    i._XorPixel         GUI_CM4F_L.lib(guidrv_lin_24.o)
    0x08012458   0x000000dc   Code   RO         6509    i._XorPixel         GUI_CM4F_L.lib(gui_sprite.o)
    0x08012534   0x00000058   Code   RO         6930    i._XorPixel         GUI_CM4F_L.lib(guidev_32.o)
    0x0801258c   0x00000084   Code   RO         5082    i._atan2            GUI_CM4F_L.lib(gui_drawline.o)
    0x08012610   0x00000050   Code   RO         7056    i._cbBackWin        GUI_CM4F_L.lib(wm.o)
    0x08012660   0x00000046   Code   RO         6110    i._init_box         RTX_CM4.lib(rt_membox.o)
    0x080126a6   0x00000002   PAD
    0x080126a8   0x00000020   Code   RO         1109    i._mutex_acquire    rtx_conf_cm.o
    0x080126c8   0x0000001c   Code   RO         1111    i._mutex_release    rtx_conf_cm.o
    0x080126e4   0x00000030   Code   RO         6163    i.dbg_init          RTX_CM4.lib(hal_cm.o)
    0x08012714   0x00000020   Code   RO         6164    i.dbg_task_notify   RTX_CM4.lib(hal_cm.o)
    0x08012734   0x00000010   Code   RO         6165    i.dbg_task_switch   RTX_CM4.lib(hal_cm.o)
    0x08012744   0x0000000c   Code   RO          482    i.ft5336_Get_I2C_InitializedStatus  ft5336.o
    0x08012750   0x00000018   Code   RO          483    i.ft5336_I2C_InitializeIfRequired  ft5336.o
    0x08012768   0x00000010   Code   RO          484    i.ft5336_Init       ft5336.o
    0x08012778   0x0000003a   Code   RO          485    i.ft5336_ReadID     ft5336.o
    0x080127b2   0x00000002   Code   RO          486    i.ft5336_Reset      ft5336.o
    0x080127b4   0x00000002   Code   RO          487    i.ft5336_TS_ClearIT  ft5336.o
    0x080127b6   0x00000006   Code   RO          488    i.ft5336_TS_Configure  ft5336.o
    0x080127bc   0x00000040   Code   RO          489    i.ft5336_TS_DetectTouch  ft5336.o
    0x080127fc   0x00000014   Code   RO          490    i.ft5336_TS_DisableIT  ft5336.o
    0x08012810   0x00000014   Code   RO          491    i.ft5336_TS_EnableIT  ft5336.o
    0x08012824   0x0000001c   Code   RO          492    i.ft5336_TS_GetGestureID  ft5336.o
    0x08012840   0x00000108   Code   RO          493    i.ft5336_TS_GetTouchInfo  ft5336.o
    0x08012948   0x00000164   Code   RO          494    i.ft5336_TS_GetXY   ft5336.o
    0x08012aac   0x00000006   Code   RO          495    i.ft5336_TS_ITStatus  ft5336.o
    0x08012ab2   0x00000016   Code   RO          496    i.ft5336_TS_Start   ft5336.o
    0x08012ac8   0x0000002a   Code   RO         3938    i.isrMessageGet     RTX_CM4.lib(rt_cmsis.o)
    0x08012af2   0x0000002c   Code   RO         3939    i.isrMessagePut     RTX_CM4.lib(rt_cmsis.o)
    0x08012b1e   0x00000024   Code   RO         3941    i.isrSignalSet      RTX_CM4.lib(rt_cmsis.o)
    0x08012b42   0x00000002   PAD
    0x08012b44   0x00000028   Code   RO         5880    i.isr_evt_set       RTX_CM4.lib(rt_event.o)
    0x08012b6c   0x00000052   Code   RO         5998    i.isr_mbx_receive   RTX_CM4.lib(rt_mailbox.o)
    0x08012bbe   0x0000000e   Code   RO         5999    i.isr_mbx_send      RTX_CM4.lib(rt_mailbox.o)
    0x08012bcc   0x00000088   Code   RO           10    i.main              main.o
    0x08012c54   0x00000018   Code   RO         3942    i.osDelay           RTX_CM4.lib(rt_cmsis.o)
    0x08012c6c   0x00000024   Code   RO         3943    i.osKernelInitialize  RTX_CM4.lib(rt_cmsis.o)
    0x08012c90   0x0000006c   Code   RO         3945    i.osKernelStart     RTX_CM4.lib(rt_cmsis.o)
    0x08012cfc   0x00000018   Code   RO         3954    i.osMessageGet      RTX_CM4.lib(rt_cmsis.o)
    0x08012d14   0x00000030   Code   RO         3956    i.osMutexCreate     RTX_CM4.lib(rt_cmsis.o)
    0x08012d44   0x00000018   Code   RO         3958    i.osMutexRelease    RTX_CM4.lib(rt_cmsis.o)
    0x08012d5c   0x00000018   Code   RO         3959    i.osMutexWait       RTX_CM4.lib(rt_cmsis.o)
    0x08012d74   0x00000018   Code   RO         3969    i.osSignalSet       RTX_CM4.lib(rt_cmsis.o)
    0x08012d8c   0x00000030   Code   RO         3971    i.osThreadCreate    RTX_CM4.lib(rt_cmsis.o)
    0x08012dbc   0x00000018   Code   RO         3972    i.osThreadExit      RTX_CM4.lib(rt_cmsis.o)
    0x08012dd4   0x00000018   Code   RO         3973    i.osThreadGetId     RTX_CM4.lib(rt_cmsis.o)
    0x08012dec   0x00000018   Code   RO         3976    i.osThreadTerminate  RTX_CM4.lib(rt_cmsis.o)
    0x08012e04   0x00000018   Code   RO         3977    i.osThreadYield     RTX_CM4.lib(rt_cmsis.o)
    0x08012e1c   0x0000000c   Code   RO         3978    i.osTimerCall       RTX_CM4.lib(rt_cmsis.o)
    0x08012e28   0x00000034   Code   RO         3979    i.osTimerCreate     RTX_CM4.lib(rt_cmsis.o)
    0x08012e5c   0x00000018   Code   RO         3981    i.osTimerStart      RTX_CM4.lib(rt_cmsis.o)
    0x08012e74   0x0000002c   Code   RO         3983    i.osTimerThread     RTX_CM4.lib(rt_cmsis.o)
    0x08012ea0   0x0000002a   Code   RO         1112    i.os_error          rtx_conf_cm.o
    0x08012eca   0x00000006   Code   RO         1113    i.os_idle_demon     rtx_conf_cm.o
    0x08012ed0   0x00000028   Code   RO         5790    i.os_tick_init      RTX_CM4.lib(rt_system.o)
    0x08012ef8   0x00000002   Code   RO         5791    i.os_tick_irqack    RTX_CM4.lib(rt_system.o)
    0x08012efa   0x0000001a   Code   RO         6111    i.rt_alloc_box      RTX_CM4.lib(rt_membox.o)
    0x08012f14   0x0000003e   Code   RO         6139    i.rt_alloc_mem      RTX_CM4.lib(rt_memory.o)
    0x08012f52   0x00000002   PAD
    0x08012f54   0x00000038   Code   RO         4563    i.rt_block          RTX_CM4.lib(rt_task.o)
    0x08012f8c   0x00000048   Code   RO         6088    i.rt_chk_robin      RTX_CM4.lib(rt_robin.o)
    0x08012fd4   0x00000070   Code   RO         5922    i.rt_dec_dly        RTX_CM4.lib(rt_list.o)
    0x08013044   0x00000044   Code   RO         4564    i.rt_dispatch       RTX_CM4.lib(rt_task.o)
    0x08013088   0x00000006   Code   RO         4647    i.rt_dly_wait       RTX_CM4.lib(rt_time.o)
    0x0801308e   0x00000002   PAD
    0x08013090   0x00000050   Code   RO         5883    i.rt_evt_psh        RTX_CM4.lib(rt_event.o)
    0x080130e0   0x0000005c   Code   RO         5884    i.rt_evt_set        RTX_CM4.lib(rt_event.o)
    0x0801313c   0x0000002c   Code   RO         6112    i.rt_free_box       RTX_CM4.lib(rt_membox.o)
    0x08013168   0x00000028   Code   RO         6140    i.rt_free_mem       RTX_CM4.lib(rt_memory.o)
    0x08013190   0x00000028   Code   RO         5923    i.rt_get_first      RTX_CM4.lib(rt_list.o)
    0x080131b8   0x00000024   Code   RO         5924    i.rt_get_same_rdy_prio  RTX_CM4.lib(rt_list.o)
    0x080131dc   0x00000008   Code   RO         3988    i.rt_id2obj         RTX_CM4.lib(rt_cmsis.o)
    0x080131e4   0x00000048   Code   RO         4565    i.rt_init_context   RTX_CM4.lib(rt_task.o)
    0x0801322c   0x0000001a   Code   RO         6141    i.rt_init_mem       RTX_CM4.lib(rt_memory.o)
    0x08013246   0x00000002   PAD
    0x08013248   0x00000018   Code   RO         6089    i.rt_init_robin     RTX_CM4.lib(rt_robin.o)
    0x08013260   0x00000080   Code   RO         6166    i.rt_init_stack     RTX_CM4.lib(hal_cm.o)
    0x080132e0   0x00000008   Code   RO         6000    i.rt_mbx_check      RTX_CM4.lib(rt_mailbox.o)
    0x080132e8   0x0000001a   Code   RO         6001    i.rt_mbx_init       RTX_CM4.lib(rt_mailbox.o)
    0x08013302   0x00000002   PAD
    0x08013304   0x000000f0   Code   RO         6002    i.rt_mbx_psh        RTX_CM4.lib(rt_mailbox.o)
    0x080133f4   0x000000b4   Code   RO         6004    i.rt_mbx_wait       RTX_CM4.lib(rt_mailbox.o)
    0x080134a8   0x00000044   Code   RO         3989    i.rt_ms2tick        RTX_CM4.lib(rt_cmsis.o)
    0x080134ec   0x00000010   Code   RO         4681    i.rt_mut_init       RTX_CM4.lib(rt_mutex.o)
    0x080134fc   0x000000d8   Code   RO         4682    i.rt_mut_release    RTX_CM4.lib(rt_mutex.o)
    0x080135d4   0x00000068   Code   RO         4683    i.rt_mut_wait       RTX_CM4.lib(rt_mutex.o)
    0x0801363c   0x0000007c   Code   RO         5794    i.rt_pop_req        RTX_CM4.lib(rt_system.o)
    0x080136b8   0x00000020   Code   RO         5795    i.rt_psh_req        RTX_CM4.lib(rt_system.o)
    0x080136d8   0x0000005c   Code   RO         5925    i.rt_psq_enq        RTX_CM4.lib(rt_list.o)
    0x08013734   0x00000048   Code   RO         5926    i.rt_put_dly        RTX_CM4.lib(rt_list.o)
    0x0801377c   0x00000036   Code   RO         5927    i.rt_put_prio       RTX_CM4.lib(rt_list.o)
    0x080137b2   0x00000002   PAD
    0x080137b4   0x00000014   Code   RO         5928    i.rt_put_rdy_first  RTX_CM4.lib(rt_list.o)
    0x080137c8   0x00000034   Code   RO         5929    i.rt_resort_prio    RTX_CM4.lib(rt_list.o)
    0x080137fc   0x00000010   Code   RO         6167    i.rt_ret_regs       RTX_CM4.lib(hal_cm.o)
    0x0801380c   0x0000000c   Code   RO         6168    i.rt_ret_val        RTX_CM4.lib(hal_cm.o)
    0x08013818   0x00000010   Code   RO         6169    i.rt_ret_val2       RTX_CM4.lib(hal_cm.o)
    0x08013828   0x00000028   Code   RO         5930    i.rt_rmv_dly        RTX_CM4.lib(rt_list.o)
    0x08013850   0x00000030   Code   RO         5931    i.rt_rmv_list       RTX_CM4.lib(rt_list.o)
    0x08013880   0x00000034   Code   RO         6049    i.rt_sem_psh        RTX_CM4.lib(rt_semaphore.o)
    0x080138b4   0x00000024   Code   RO         5797    i.rt_stk_check      RTX_CM4.lib(rt_system.o)
    0x080138d8   0x00000028   Code   RO         4566    i.rt_switch_req     RTX_CM4.lib(rt_task.o)
    0x08013900   0x000000cc   Code   RO         4567    i.rt_sys_init       RTX_CM4.lib(rt_task.o)
    0x080139cc   0x00000078   Code   RO         4568    i.rt_sys_start      RTX_CM4.lib(rt_task.o)
    0x08013a44   0x00000040   Code   RO         5799    i.rt_systick        RTX_CM4.lib(rt_system.o)
    0x08013a84   0x00000012   Code   RO         3990    i.rt_tid2ptcb       RTX_CM4.lib(rt_cmsis.o)
    0x08013a96   0x00000002   PAD
    0x08013a98   0x00000034   Code   RO         3991    i.rt_timer_insert   RTX_CM4.lib(rt_cmsis.o)
    0x08013acc   0x0000003c   Code   RO         3992    i.rt_timer_remove   RTX_CM4.lib(rt_cmsis.o)
    0x08013b08   0x00000088   Code   RO         4569    i.rt_tsk_create     RTX_CM4.lib(rt_task.o)
    0x08013b90   0x0000017c   Code   RO         4570    i.rt_tsk_delete     RTX_CM4.lib(rt_task.o)
    0x08013d0c   0x00000030   Code   RO         4571    i.rt_tsk_pass       RTX_CM4.lib(rt_task.o)
    0x08013d3c   0x0000007c   Code   RO         4572    i.rt_tsk_prio       RTX_CM4.lib(rt_task.o)
    0x08013db8   0x00000010   Code   RO         4573    i.rt_tsk_self       RTX_CM4.lib(rt_task.o)
    0x08013dc8   0x00000012   Code   RO         3993    i.svcDelay          RTX_CM4.lib(rt_cmsis.o)
    0x08013dda   0x00000002   PAD
    0x08013ddc   0x00000070   Code   RO         3994    i.svcKernelInitialize  RTX_CM4.lib(rt_cmsis.o)
    0x08013e4c   0x00000048   Code   RO         3996    i.svcKernelStart    RTX_CM4.lib(rt_cmsis.o)
    0x08013e94   0x00000024   Code   RO         3999    i.svcMessageCreate  RTX_CM4.lib(rt_cmsis.o)
    0x08013eb8   0x0000003a   Code   RO         4000    i.svcMessageGet     RTX_CM4.lib(rt_cmsis.o)
    0x08013ef2   0x0000001c   Code   RO         4002    i.svcMutexCreate    RTX_CM4.lib(rt_cmsis.o)
    0x08013f0e   0x00000022   Code   RO         4004    i.svcMutexRelease   RTX_CM4.lib(rt_cmsis.o)
    0x08013f30   0x00000036   Code   RO         4005    i.svcMutexWait      RTX_CM4.lib(rt_cmsis.o)
    0x08013f66   0x00000024   Code   RO         4012    i.svcSignalSet      RTX_CM4.lib(rt_cmsis.o)
    0x08013f8a   0x00000002   PAD
    0x08013f8c   0x00000070   Code   RO         4014    i.svcThreadCreate   RTX_CM4.lib(rt_cmsis.o)
    0x08013ffc   0x0000001c   Code   RO         4015    i.svcThreadGetId    RTX_CM4.lib(rt_cmsis.o)
    0x08014018   0x00000038   Code   RO         4018    i.svcThreadTerminate  RTX_CM4.lib(rt_cmsis.o)
    0x08014050   0x0000000a   Code   RO         4019    i.svcThreadYield    RTX_CM4.lib(rt_cmsis.o)
    0x0801405a   0x00000018   Code   RO         4020    i.svcTimerCall      RTX_CM4.lib(rt_cmsis.o)
    0x08014072   0x00000002   PAD
    0x08014074   0x00000038   Code   RO         4021    i.svcTimerCreate    RTX_CM4.lib(rt_cmsis.o)
    0x080140ac   0x00000064   Code   RO         4023    i.svcTimerStart     RTX_CM4.lib(rt_cmsis.o)
    0x08014110   0x0000005c   Code   RO         4029    i.sysTimerTick      RTX_CM4.lib(rt_cmsis.o)
    0x0801416c   0x00000290   Code   RO          266    i.th_GUI            th_gui.o
    0x080143fc   0x00000080   Code   RO          310    i.th_Touch          th_touch.o
    0x0801447c   0x0000005e   Code   RO         8119    x$fpl$dfix          fz_wm.l(dfix.o)
    0x080144da   0x00000026   Code   RO         8123    x$fpl$dfltu         fz_wm.l(dflt_clz.o)
    0x08014500   0x00000154   Code   RO         8129    x$fpl$dmul          fz_wm.l(dmul.o)
    0x08014654   0x0000009c   Code   RO         8149    x$fpl$dnaninf       fz_wm.l(dnaninf.o)
    0x080146f0   0x0000000c   Code   RO         8151    x$fpl$dretinf       fz_wm.l(dretinf.o)
    0x080146fc   0x0000000a   Code   RO         8272    x$fpl$fpinit        fz_wm.l(fpinit.o)
    0x08014706   0x00000000   Code   RO         8153    x$fpl$usenofp       fz_wm.l(usenofp.o)
    0x08014706   0x00000002   PAD
    0x08014708   0x00000010   Data   RO          268    .constdata          th_gui.o
    0x08014718   0x00000010   Data   RO          311    .constdata          th_touch.o
    0x08014728   0x00000004   Data   RO          454    .constdata          rtos_utils.o
    0x0801472c   0x00000008   Data   RO         1024    .constdata          led_746g_discovery.o
    0x08014734   0x00000056   Data   RO         1115    .constdata          rtx_conf_cm.o
    0x0801478a   0x00000010   Data   RO         2525    .constdata          stm32f7xx_hal_rcc.o
    0x0801479a   0x00000002   PAD
    0x0801479c   0x0000000c   Data   RO         3552    .constdata          gui_x_rte.o
    0x080147a8   0x00000008   Data   RO         3702    .constdata          lcdconf.o
    0x080147b0   0x00000018   Data   RO         4719    .constdata          GUI_CM4F_L.lib(guicc_1616i.o)
    0x080147c8   0x00000018   Data   RO         4734    .constdata          GUI_CM4F_L.lib(guicc_8666.o)
    0x080147e0   0x00000018   Data   RO         4750    .constdata          GUI_CM4F_L.lib(guicc_88666i.o)
    0x080147f8   0x00000018   Data   RO         4768    .constdata          GUI_CM4F_L.lib(guicc_m1555i.o)
    0x08014810   0x00000018   Data   RO         4788    .constdata          GUI_CM4F_L.lib(guicc_m4444i.o)
    0x08014828   0x00000018   Data   RO         4807    .constdata          GUI_CM4F_L.lib(guicc_m8888i.o)
    0x08014840   0x00000008   Data   RO         4954    .constdata          GUI_CM4F_L.lib(gui_core.o)
    0x08014848   0x00000014   Data   RO         5025    .constdata          GUI_CM4F_L.lib(gui_cursorcrossm.o)
    0x0801485c   0x0000000c   Data   RO         5026    .constdata          GUI_CM4F_L.lib(gui_cursorcrossm.o)
    0x08014868   0x00000008   Data   RO         5043    .constdata          GUI_CM4F_L.lib(gui_device.o)
    0x08014870   0x00000044   Data   RO         5083    .constdata          GUI_CM4F_L.lib(gui_drawline.o)
    0x080148b4   0x00000018   Data   RO         5219    .constdata          GUI_CM4F_L.lib(guicc_m565.o)
    0x080148cc   0x00000018   Data   RO         5238    .constdata          GUI_CM4F_L.lib(guicc_m888.o)
    0x080148e4   0x0000000c   Data   RO         5269    .constdata          GUI_CM4F_L.lib(lcd.o)
    0x080148f0   0x00000518   Data   RO         5456    .constdata          GUI_CM4F_L.lib(f6x8.o)
    0x08014e08   0x000001c0   Data   RO         5457    .constdata          GUI_CM4F_L.lib(f6x8.o)
    0x08014fc8   0x00000008   Data   RO         5458    .constdata          GUI_CM4F_L.lib(f6x8.o)
    0x08014fd0   0x00000014   Data   RO         5459    .constdata          GUI_CM4F_L.lib(f6x8.o)
    0x08014fe4   0x00000024   Data   RO         5460    .constdata          GUI_CM4F_L.lib(f6x8.o)
    0x08015008   0x00000010   Data   RO         5468    .constdata          GUI_CM4F_L.lib(f16_1.o)
    0x08015018   0x00000010   Data   RO         5469    .constdata          GUI_CM4F_L.lib(f16_1.o)
    0x08015028   0x00000010   Data   RO         5470    .constdata          GUI_CM4F_L.lib(f16_1.o)
    0x08015038   0x00000010   Data   RO         5471    .constdata          GUI_CM4F_L.lib(f16_1.o)
    0x08015048   0x00000010   Data   RO         5472    .constdata          GUI_CM4F_L.lib(f16_1.o)
    0x08015058   0x00000010   Data   RO         5473    .constdata          GUI_CM4F_L.lib(f16_1.o)
    0x08015068   0x00000010   Data   RO         5474    .constdata          GUI_CM4F_L.lib(f16_1.o)
    0x08015078   0x00000010   Data   RO         5475    .constdata          GUI_CM4F_L.lib(f16_1.o)
    0x08015088   0x00000010   Data   RO         5476    .constdata          GUI_CM4F_L.lib(f16_1.o)
    0x08015098   0x00000020   Data   RO         5477    .constdata          GUI_CM4F_L.lib(f16_1.o)
    0x080150b8   0x00000010   Data   RO         5478    .constdata          GUI_CM4F_L.lib(f16_1.o)
    0x080150c8   0x00000010   Data   RO         5479    .constdata          GUI_CM4F_L.lib(f16_1.o)
    0x080150d8   0x00000010   Data   RO         5480    .constdata          GUI_CM4F_L.lib(f16_1.o)
    0x080150e8   0x00000010   Data   RO         5481    .constdata          GUI_CM4F_L.lib(f16_1.o)
    0x080150f8   0x00000020   Data   RO         5482    .constdata          GUI_CM4F_L.lib(f16_1.o)
    0x08015118   0x00000010   Data   RO         5483    .constdata          GUI_CM4F_L.lib(f16_1.o)
    0x08015128   0x00000010   Data   RO         5484    .constdata          GUI_CM4F_L.lib(f16_1.o)
    0x08015138   0x00000010   Data   RO         5485    .constdata          GUI_CM4F_L.lib(f16_1.o)
    0x08015148   0x00000010   Data   RO         5486    .constdata          GUI_CM4F_L.lib(f16_1.o)
    0x08015158   0x00000010   Data   RO         5487    .constdata          GUI_CM4F_L.lib(f16_1.o)
    0x08015168   0x00000010   Data   RO         5488    .constdata          GUI_CM4F_L.lib(f16_1.o)
    0x08015178   0x00000010   Data   RO         5489    .constdata          GUI_CM4F_L.lib(f16_1.o)
    0x08015188   0x00000010   Data   RO         5490    .constdata          GUI_CM4F_L.lib(f16_1.o)
    0x08015198   0x00000010   Data   RO         5491    .constdata          GUI_CM4F_L.lib(f16_1.o)
    0x080151a8   0x00000010   Data   RO         5492    .constdata          GUI_CM4F_L.lib(f16_1.o)
    0x080151b8   0x00000010   Data   RO         5493    .constdata          GUI_CM4F_L.lib(f16_1.o)
    0x080151c8   0x00000010   Data   RO         5494    .constdata          GUI_CM4F_L.lib(f16_1.o)
    0x080151d8   0x00000010   Data   RO         5495    .constdata          GUI_CM4F_L.lib(f16_1.o)
    0x080151e8   0x00000020   Data   RO         5496    .constdata          GUI_CM4F_L.lib(f16_1.o)
    0x08015208   0x00000020   Data   RO         5497    .constdata          GUI_CM4F_L.lib(f16_1.o)
    0x08015228   0x00000020   Data   RO         5498    .constdata          GUI_CM4F_L.lib(f16_1.o)
    0x08015248   0x00000010   Data   RO         5499    .constdata          GUI_CM4F_L.lib(f16_1.o)
    0x08015258   0x00000020   Data   RO         5500    .constdata          GUI_CM4F_L.lib(f16_1.o)
    0x08015278   0x00000020   Data   RO         5501    .constdata          GUI_CM4F_L.lib(f16_1.o)
    0x08015298   0x00000020   Data   RO         5502    .constdata          GUI_CM4F_L.lib(f16_1.o)
    0x080152b8   0x00000020   Data   RO         5503    .constdata          GUI_CM4F_L.lib(f16_1.o)
    0x080152d8   0x00000020   Data   RO         5504    .constdata          GUI_CM4F_L.lib(f16_1.o)
    0x080152f8   0x00000020   Data   RO         5505    .constdata          GUI_CM4F_L.lib(f16_1.o)
    0x08015318   0x00000020   Data   RO         5506    .constdata          GUI_CM4F_L.lib(f16_1.o)
    0x08015338   0x00000020   Data   RO         5507    .constdata          GUI_CM4F_L.lib(f16_1.o)
    0x08015358   0x00000020   Data   RO         5508    .constdata          GUI_CM4F_L.lib(f16_1.o)
    0x08015378   0x00000020   Data   RO         5509    .constdata          GUI_CM4F_L.lib(f16_1.o)
    0x08015398   0x00000020   Data   RO         5510    .constdata          GUI_CM4F_L.lib(f16_1.o)
    0x080153b8   0x00000020   Data   RO         5511    .constdata          GUI_CM4F_L.lib(f16_1.o)
    0x080153d8   0x00000010   Data   RO         5512    .constdata          GUI_CM4F_L.lib(f16_1.o)
    0x080153e8   0x00000010   Data   RO         5513    .constdata          GUI_CM4F_L.lib(f16_1.o)
    0x080153f8   0x00000010   Data   RO         5514    .constdata          GUI_CM4F_L.lib(f16_1.o)
    0x08015408   0x00000010   Data   RO         5515    .constdata          GUI_CM4F_L.lib(f16_1.o)
    0x08015418   0x00000020   Data   RO         5516    .constdata          GUI_CM4F_L.lib(f16_1.o)
    0x08015438   0x00000020   Data   RO         5517    .constdata          GUI_CM4F_L.lib(f16_1.o)
    0x08015458   0x00000020   Data   RO         5518    .constdata          GUI_CM4F_L.lib(f16_1.o)
    0x08015478   0x00000020   Data   RO         5519    .constdata          GUI_CM4F_L.lib(f16_1.o)
    0x08015498   0x00000020   Data   RO         5520    .constdata          GUI_CM4F_L.lib(f16_1.o)
    0x080154b8   0x00000020   Data   RO         5521    .constdata          GUI_CM4F_L.lib(f16_1.o)
    0x080154d8   0x00000020   Data   RO         5522    .constdata          GUI_CM4F_L.lib(f16_1.o)
    0x080154f8   0x00000010   Data   RO         5523    .constdata          GUI_CM4F_L.lib(f16_1.o)
    0x08015508   0x00000020   Data   RO         5524    .constdata          GUI_CM4F_L.lib(f16_1.o)
    0x08015528   0x00000020   Data   RO         5525    .constdata          GUI_CM4F_L.lib(f16_1.o)
    0x08015548   0x00000020   Data   RO         5526    .constdata          GUI_CM4F_L.lib(f16_1.o)
    0x08015568   0x00000020   Data   RO         5527    .constdata          GUI_CM4F_L.lib(f16_1.o)
    0x08015588   0x00000020   Data   RO         5528    .constdata          GUI_CM4F_L.lib(f16_1.o)
    0x080155a8   0x00000020   Data   RO         5529    .constdata          GUI_CM4F_L.lib(f16_1.o)
    0x080155c8   0x00000020   Data   RO         5530    .constdata          GUI_CM4F_L.lib(f16_1.o)
    0x080155e8   0x00000020   Data   RO         5531    .constdata          GUI_CM4F_L.lib(f16_1.o)
    0x08015608   0x00000010   Data   RO         5532    .constdata          GUI_CM4F_L.lib(f16_1.o)
    0x08015618   0x00000010   Data   RO         5533    .constdata          GUI_CM4F_L.lib(f16_1.o)
    0x08015628   0x00000010   Data   RO         5534    .constdata          GUI_CM4F_L.lib(f16_1.o)
    0x08015638   0x00000010   Data   RO         5535    .constdata          GUI_CM4F_L.lib(f16_1.o)
    0x08015648   0x00000010   Data   RO         5536    .constdata          GUI_CM4F_L.lib(f16_1.o)
    0x08015658   0x00000010   Data   RO         5537    .constdata          GUI_CM4F_L.lib(f16_1.o)
    0x08015668   0x00000020   Data   RO         5538    .constdata          GUI_CM4F_L.lib(f16_1.o)
    0x08015688   0x00000010   Data   RO         5539    .constdata          GUI_CM4F_L.lib(f16_1.o)
    0x08015698   0x00000010   Data   RO         5540    .constdata          GUI_CM4F_L.lib(f16_1.o)
    0x080156a8   0x00000010   Data   RO         5541    .constdata          GUI_CM4F_L.lib(f16_1.o)
    0x080156b8   0x00000010   Data   RO         5542    .constdata          GUI_CM4F_L.lib(f16_1.o)
    0x080156c8   0x00000010   Data   RO         5543    .constdata          GUI_CM4F_L.lib(f16_1.o)
    0x080156d8   0x00000010   Data   RO         5544    .constdata          GUI_CM4F_L.lib(f16_1.o)
    0x080156e8   0x00000010   Data   RO         5545    .constdata          GUI_CM4F_L.lib(f16_1.o)
    0x080156f8   0x00000010   Data   RO         5546    .constdata          GUI_CM4F_L.lib(f16_1.o)
    0x08015708   0x00000010   Data   RO         5547    .constdata          GUI_CM4F_L.lib(f16_1.o)
    0x08015718   0x00000010   Data   RO         5548    .constdata          GUI_CM4F_L.lib(f16_1.o)
    0x08015728   0x00000010   Data   RO         5549    .constdata          GUI_CM4F_L.lib(f16_1.o)
    0x08015738   0x00000010   Data   RO         5550    .constdata          GUI_CM4F_L.lib(f16_1.o)
    0x08015748   0x00000010   Data   RO         5551    .constdata          GUI_CM4F_L.lib(f16_1.o)
    0x08015758   0x00000010   Data   RO         5552    .constdata          GUI_CM4F_L.lib(f16_1.o)
    0x08015768   0x00000010   Data   RO         5553    .constdata          GUI_CM4F_L.lib(f16_1.o)
    0x08015778   0x00000010   Data   RO         5554    .constdata          GUI_CM4F_L.lib(f16_1.o)
    0x08015788   0x00000010   Data   RO         5555    .constdata          GUI_CM4F_L.lib(f16_1.o)
    0x08015798   0x00000010   Data   RO         5556    .constdata          GUI_CM4F_L.lib(f16_1.o)
    0x080157a8   0x00000010   Data   RO         5557    .constdata          GUI_CM4F_L.lib(f16_1.o)
    0x080157b8   0x00000010   Data   RO         5558    .constdata          GUI_CM4F_L.lib(f16_1.o)
    0x080157c8   0x00000010   Data   RO         5559    .constdata          GUI_CM4F_L.lib(f16_1.o)
    0x080157d8   0x00000010   Data   RO         5560    .constdata          GUI_CM4F_L.lib(f16_1.o)
    0x080157e8   0x00000010   Data   RO         5561    .constdata          GUI_CM4F_L.lib(f16_1.o)
    0x080157f8   0x00000010   Data   RO         5562    .constdata          GUI_CM4F_L.lib(f16_1.o)
    0x08015808   0x00000010   Data   RO         5563    .constdata          GUI_CM4F_L.lib(f16_1.o)
    0x08015818   0x00000300   Data   RO         5564    .constdata          GUI_CM4F_L.lib(f16_1.o)
    0x08015b18   0x0000000c   Data   RO         5565    .constdata          GUI_CM4F_L.lib(f16_1.o)
    0x08015b24   0x00000024   Data   RO         5566    .constdata          GUI_CM4F_L.lib(f16_1.o)
    0x08015b48   0x00000020   Data   RO         5573    .constdata          GUI_CM4F_L.lib(f32_1.o)
    0x08015b68   0x00000020   Data   RO         5574    .constdata          GUI_CM4F_L.lib(f32_1.o)
    0x08015b88   0x00000040   Data   RO         5575    .constdata          GUI_CM4F_L.lib(f32_1.o)
    0x08015bc8   0x00000040   Data   RO         5576    .constdata          GUI_CM4F_L.lib(f32_1.o)
    0x08015c08   0x00000040   Data   RO         5577    .constdata          GUI_CM4F_L.lib(f32_1.o)
    0x08015c48   0x00000040   Data   RO         5578    .constdata          GUI_CM4F_L.lib(f32_1.o)
    0x08015c88   0x00000020   Data   RO         5579    .constdata          GUI_CM4F_L.lib(f32_1.o)
    0x08015ca8   0x00000040   Data   RO         5580    .constdata          GUI_CM4F_L.lib(f32_1.o)
    0x08015ce8   0x00000040   Data   RO         5581    .constdata          GUI_CM4F_L.lib(f32_1.o)
    0x08015d28   0x00000060   Data   RO         5582    .constdata          GUI_CM4F_L.lib(f32_1.o)
    0x08015d88   0x00000040   Data   RO         5583    .constdata          GUI_CM4F_L.lib(f32_1.o)
    0x08015dc8   0x00000040   Data   RO         5584    .constdata          GUI_CM4F_L.lib(f32_1.o)
    0x08015e08   0x00000040   Data   RO         5585    .constdata          GUI_CM4F_L.lib(f32_1.o)
    0x08015e48   0x00000040   Data   RO         5586    .constdata          GUI_CM4F_L.lib(f32_1.o)
    0x08015e88   0x00000060   Data   RO         5587    .constdata          GUI_CM4F_L.lib(f32_1.o)
    0x08015ee8   0x00000040   Data   RO         5588    .constdata          GUI_CM4F_L.lib(f32_1.o)
    0x08015f28   0x00000040   Data   RO         5589    .constdata          GUI_CM4F_L.lib(f32_1.o)
    0x08015f68   0x00000040   Data   RO         5590    .constdata          GUI_CM4F_L.lib(f32_1.o)
    0x08015fa8   0x00000040   Data   RO         5591    .constdata          GUI_CM4F_L.lib(f32_1.o)
    0x08015fe8   0x00000040   Data   RO         5592    .constdata          GUI_CM4F_L.lib(f32_1.o)
    0x08016028   0x00000040   Data   RO         5593    .constdata          GUI_CM4F_L.lib(f32_1.o)
    0x08016068   0x00000040   Data   RO         5594    .constdata          GUI_CM4F_L.lib(f32_1.o)
    0x080160a8   0x00000040   Data   RO         5595    .constdata          GUI_CM4F_L.lib(f32_1.o)
    0x080160e8   0x00000020   Data   RO         5596    .constdata          GUI_CM4F_L.lib(f32_1.o)
    0x08016108   0x00000040   Data   RO         5597    .constdata          GUI_CM4F_L.lib(f32_1.o)
    0x08016148   0x00000040   Data   RO         5598    .constdata          GUI_CM4F_L.lib(f32_1.o)
    0x08016188   0x00000040   Data   RO         5599    .constdata          GUI_CM4F_L.lib(f32_1.o)
    0x080161c8   0x00000040   Data   RO         5600    .constdata          GUI_CM4F_L.lib(f32_1.o)
    0x08016208   0x00000060   Data   RO         5601    .constdata          GUI_CM4F_L.lib(f32_1.o)
    0x08016268   0x00000060   Data   RO         5602    .constdata          GUI_CM4F_L.lib(f32_1.o)
    0x080162c8   0x00000060   Data   RO         5603    .constdata          GUI_CM4F_L.lib(f32_1.o)
    0x08016328   0x00000060   Data   RO         5604    .constdata          GUI_CM4F_L.lib(f32_1.o)
    0x08016388   0x00000060   Data   RO         5605    .constdata          GUI_CM4F_L.lib(f32_1.o)
    0x080163e8   0x00000060   Data   RO         5606    .constdata          GUI_CM4F_L.lib(f32_1.o)
    0x08016448   0x00000060   Data   RO         5607    .constdata          GUI_CM4F_L.lib(f32_1.o)
    0x080164a8   0x00000060   Data   RO         5608    .constdata          GUI_CM4F_L.lib(f32_1.o)
    0x08016508   0x00000060   Data   RO         5609    .constdata          GUI_CM4F_L.lib(f32_1.o)
    0x08016568   0x00000060   Data   RO         5610    .constdata          GUI_CM4F_L.lib(f32_1.o)
    0x080165c8   0x00000080   Data   RO         5611    .constdata          GUI_CM4F_L.lib(f32_1.o)
    0x08016648   0x00000060   Data   RO         5612    .constdata          GUI_CM4F_L.lib(f32_1.o)
    0x080166a8   0x00000060   Data   RO         5613    .constdata          GUI_CM4F_L.lib(f32_1.o)
    0x08016708   0x00000060   Data   RO         5614    .constdata          GUI_CM4F_L.lib(f32_1.o)
    0x08016768   0x00000060   Data   RO         5615    .constdata          GUI_CM4F_L.lib(f32_1.o)
    0x080167c8   0x00000060   Data   RO         5616    .constdata          GUI_CM4F_L.lib(f32_1.o)
    0x08016828   0x00000020   Data   RO         5617    .constdata          GUI_CM4F_L.lib(f32_1.o)
    0x08016848   0x00000020   Data   RO         5618    .constdata          GUI_CM4F_L.lib(f32_1.o)
    0x08016868   0x00000020   Data   RO         5619    .constdata          GUI_CM4F_L.lib(f32_1.o)
    0x08016888   0x00000020   Data   RO         5620    .constdata          GUI_CM4F_L.lib(f32_1.o)
    0x080168a8   0x00000060   Data   RO         5621    .constdata          GUI_CM4F_L.lib(f32_1.o)
    0x08016908   0x00000060   Data   RO         5622    .constdata          GUI_CM4F_L.lib(f32_1.o)
    0x08016968   0x00000060   Data   RO         5623    .constdata          GUI_CM4F_L.lib(f32_1.o)
    0x080169c8   0x00000060   Data   RO         5624    .constdata          GUI_CM4F_L.lib(f32_1.o)
    0x08016a28   0x00000060   Data   RO         5625    .constdata          GUI_CM4F_L.lib(f32_1.o)
    0x08016a88   0x00000060   Data   RO         5626    .constdata          GUI_CM4F_L.lib(f32_1.o)
    0x08016ae8   0x00000060   Data   RO         5627    .constdata          GUI_CM4F_L.lib(f32_1.o)
    0x08016b48   0x00000040   Data   RO         5628    .constdata          GUI_CM4F_L.lib(f32_1.o)
    0x08016b88   0x00000060   Data   RO         5629    .constdata          GUI_CM4F_L.lib(f32_1.o)
    0x08016be8   0x00000060   Data   RO         5630    .constdata          GUI_CM4F_L.lib(f32_1.o)
    0x08016c48   0x00000060   Data   RO         5631    .constdata          GUI_CM4F_L.lib(f32_1.o)
    0x08016ca8   0x00000060   Data   RO         5632    .constdata          GUI_CM4F_L.lib(f32_1.o)
    0x08016d08   0x00000060   Data   RO         5633    .constdata          GUI_CM4F_L.lib(f32_1.o)
    0x08016d68   0x00000060   Data   RO         5634    .constdata          GUI_CM4F_L.lib(f32_1.o)
    0x08016dc8   0x00000060   Data   RO         5635    .constdata          GUI_CM4F_L.lib(f32_1.o)
    0x08016e28   0x00000060   Data   RO         5636    .constdata          GUI_CM4F_L.lib(f32_1.o)
    0x08016e88   0x00000040   Data   RO         5637    .constdata          GUI_CM4F_L.lib(f32_1.o)
    0x08016ec8   0x00000040   Data   RO         5638    .constdata          GUI_CM4F_L.lib(f32_1.o)
    0x08016f08   0x00000040   Data   RO         5639    .constdata          GUI_CM4F_L.lib(f32_1.o)
    0x08016f48   0x00000040   Data   RO         5640    .constdata          GUI_CM4F_L.lib(f32_1.o)
    0x08016f88   0x00000040   Data   RO         5641    .constdata          GUI_CM4F_L.lib(f32_1.o)
    0x08016fc8   0x00000040   Data   RO         5642    .constdata          GUI_CM4F_L.lib(f32_1.o)
    0x08017008   0x00000060   Data   RO         5643    .constdata          GUI_CM4F_L.lib(f32_1.o)
    0x08017068   0x00000040   Data   RO         5644    .constdata          GUI_CM4F_L.lib(f32_1.o)
    0x080170a8   0x00000040   Data   RO         5645    .constdata          GUI_CM4F_L.lib(f32_1.o)
    0x080170e8   0x00000040   Data   RO         5646    .constdata          GUI_CM4F_L.lib(f32_1.o)
    0x08017128   0x00000040   Data   RO         5647    .constdata          GUI_CM4F_L.lib(f32_1.o)
    0x08017168   0x00000040   Data   RO         5648    .constdata          GUI_CM4F_L.lib(f32_1.o)
    0x080171a8   0x00000020   Data   RO         5649    .constdata          GUI_CM4F_L.lib(f32_1.o)
    0x080171c8   0x00000020   Data   RO         5650    .constdata          GUI_CM4F_L.lib(f32_1.o)
    0x080171e8   0x00000020   Data   RO         5651    .constdata          GUI_CM4F_L.lib(f32_1.o)
    0x08017208   0x00000020   Data   RO         5652    .constdata          GUI_CM4F_L.lib(f32_1.o)
    0x08017228   0x00000040   Data   RO         5653    .constdata          GUI_CM4F_L.lib(f32_1.o)
    0x08017268   0x00000040   Data   RO         5654    .constdata          GUI_CM4F_L.lib(f32_1.o)
    0x080172a8   0x00000040   Data   RO         5655    .constdata          GUI_CM4F_L.lib(f32_1.o)
    0x080172e8   0x00000040   Data   RO         5656    .constdata          GUI_CM4F_L.lib(f32_1.o)
    0x08017328   0x00000040   Data   RO         5657    .constdata          GUI_CM4F_L.lib(f32_1.o)
    0x08017368   0x00000040   Data   RO         5658    .constdata          GUI_CM4F_L.lib(f32_1.o)
    0x080173a8   0x00000040   Data   RO         5659    .constdata          GUI_CM4F_L.lib(f32_1.o)
    0x080173e8   0x00000040   Data   RO         5660    .constdata          GUI_CM4F_L.lib(f32_1.o)
    0x08017428   0x00000060   Data   RO         5661    .constdata          GUI_CM4F_L.lib(f32_1.o)
    0x08017488   0x00000040   Data   RO         5662    .constdata          GUI_CM4F_L.lib(f32_1.o)
    0x080174c8   0x00000040   Data   RO         5663    .constdata          GUI_CM4F_L.lib(f32_1.o)
    0x08017508   0x00000040   Data   RO         5664    .constdata          GUI_CM4F_L.lib(f32_1.o)
    0x08017548   0x00000040   Data   RO         5665    .constdata          GUI_CM4F_L.lib(f32_1.o)
    0x08017588   0x00000040   Data   RO         5666    .constdata          GUI_CM4F_L.lib(f32_1.o)
    0x080175c8   0x00000040   Data   RO         5667    .constdata          GUI_CM4F_L.lib(f32_1.o)
    0x08017608   0x00000040   Data   RO         5668    .constdata          GUI_CM4F_L.lib(f32_1.o)
    0x08017648   0x00000300   Data   RO         5669    .constdata          GUI_CM4F_L.lib(f32_1.o)
    0x08017948   0x0000000c   Data   RO         5670    .constdata          GUI_CM4F_L.lib(f32_1.o)
    0x08017954   0x00000024   Data   RO         5671    .constdata          GUI_CM4F_L.lib(f32_1.o)
    0x08017978   0x00000034   Data   RO         5713    .constdata          GUI_CM4F_L.lib(guidrv_lin_24.o)
    0x080179ac   0x00000018   Data   RO         6229    .constdata          GUI_CM4F_L.lib(guicc_16.o)
    0x080179c4   0x00000010   Data   RO         6239    .constdata          GUI_CM4F_L.lib(gui__divtbl_15_255.o)
    0x080179d4   0x00000100   Data   RO         6246    .constdata          GUI_CM4F_L.lib(gui__divtbl_255_15.o)
    0x08017ad4   0x00000100   Data   RO         6253    .constdata          GUI_CM4F_L.lib(gui__divtbl_255_31.o)
    0x08017bd4   0x00000100   Data   RO         6260    .constdata          GUI_CM4F_L.lib(gui__divtbl_255_63.o)
    0x08017cd4   0x00000020   Data   RO         6267    .constdata          GUI_CM4F_L.lib(gui__divtbl_31_255.o)
    0x08017cf4   0x00000040   Data   RO         6274    .constdata          GUI_CM4F_L.lib(gui__divtbl_63_255.o)
    0x08017d34   0x00000014   Data   RO         6361    .constdata          GUI_CM4F_L.lib(gui_cursorarrowm.o)
    0x08017d48   0x0000000c   Data   RO         6362    .constdata          GUI_CM4F_L.lib(gui_cursorarrowm.o)
    0x08017d54   0x0000007e   Data   RO         6369    .constdata          GUI_CM4F_L.lib(gui_cursorcrossmpx.o)
    0x08017dd2   0x00000002   PAD
    0x08017dd4   0x0000000c   Data   RO         6376    .constdata          GUI_CM4F_L.lib(gui_cursorpal.o)
    0x08017de0   0x0000000c   Data   RO         6377    .constdata          GUI_CM4F_L.lib(gui_cursorpal.o)
    0x08017dec   0x00000034   Data   RO         6510    .constdata          GUI_CM4F_L.lib(gui_sprite.o)
    0x08017e20   0x00000010   Data   RO         6591    .constdata          GUI_CM4F_L.lib(gui_uc_encodenone.o)
    0x08017e30   0x00000018   Data   RO         6608    .constdata          GUI_CM4F_L.lib(guicc_0.o)
    0x08017e48   0x00000018   Data   RO         6632    .constdata          GUI_CM4F_L.lib(guicc_8888.o)
    0x08017e60   0x00000100   Data   RO         6675    .constdata          GUI_CM4F_L.lib(lcd_mirror.o)
    0x08017f60   0x00000010   Data   RO         6706    .constdata          GUI_CM4F_L.lib(f16_ascii.o)
    0x08017f70   0x00000010   Data   RO         6707    .constdata          GUI_CM4F_L.lib(f16_ascii.o)
    0x08017f80   0x00000010   Data   RO         6708    .constdata          GUI_CM4F_L.lib(f16_ascii.o)
    0x08017f90   0x00000010   Data   RO         6709    .constdata          GUI_CM4F_L.lib(f16_ascii.o)
    0x08017fa0   0x00000010   Data   RO         6710    .constdata          GUI_CM4F_L.lib(f16_ascii.o)
    0x08017fb0   0x00000020   Data   RO         6711    .constdata          GUI_CM4F_L.lib(f16_ascii.o)
    0x08017fd0   0x00000020   Data   RO         6712    .constdata          GUI_CM4F_L.lib(f16_ascii.o)
    0x08017ff0   0x00000010   Data   RO         6713    .constdata          GUI_CM4F_L.lib(f16_ascii.o)
    0x08018000   0x00000010   Data   RO         6714    .constdata          GUI_CM4F_L.lib(f16_ascii.o)
    0x08018010   0x00000010   Data   RO         6715    .constdata          GUI_CM4F_L.lib(f16_ascii.o)
    0x08018020   0x00000010   Data   RO         6716    .constdata          GUI_CM4F_L.lib(f16_ascii.o)
    0x08018030   0x00000010   Data   RO         6717    .constdata          GUI_CM4F_L.lib(f16_ascii.o)
    0x08018040   0x00000010   Data   RO         6718    .constdata          GUI_CM4F_L.lib(f16_ascii.o)
    0x08018050   0x00000010   Data   RO         6719    .constdata          GUI_CM4F_L.lib(f16_ascii.o)
    0x08018060   0x00000010   Data   RO         6720    .constdata          GUI_CM4F_L.lib(f16_ascii.o)
    0x08018070   0x00000010   Data   RO         6721    .constdata          GUI_CM4F_L.lib(f16_ascii.o)
    0x08018080   0x00000010   Data   RO         6722    .constdata          GUI_CM4F_L.lib(f16_ascii.o)
    0x08018090   0x00000010   Data   RO         6723    .constdata          GUI_CM4F_L.lib(f16_ascii.o)
    0x080180a0   0x00000010   Data   RO         6724    .constdata          GUI_CM4F_L.lib(f16_ascii.o)
    0x080180b0   0x00000010   Data   RO         6725    .constdata          GUI_CM4F_L.lib(f16_ascii.o)
    0x080180c0   0x00000010   Data   RO         6726    .constdata          GUI_CM4F_L.lib(f16_ascii.o)
    0x080180d0   0x00000010   Data   RO         6727    .constdata          GUI_CM4F_L.lib(f16_ascii.o)
    0x080180e0   0x00000010   Data   RO         6728    .constdata          GUI_CM4F_L.lib(f16_ascii.o)
    0x080180f0   0x00000010   Data   RO         6729    .constdata          GUI_CM4F_L.lib(f16_ascii.o)
    0x08018100   0x00000010   Data   RO         6730    .constdata          GUI_CM4F_L.lib(f16_ascii.o)
    0x08018110   0x00000010   Data   RO         6731    .constdata          GUI_CM4F_L.lib(f16_ascii.o)
    0x08018120   0x00000010   Data   RO         6732    .constdata          GUI_CM4F_L.lib(f16_ascii.o)
    0x08018130   0x00000010   Data   RO         6733    .constdata          GUI_CM4F_L.lib(f16_ascii.o)
    0x08018140   0x00000010   Data   RO         6734    .constdata          GUI_CM4F_L.lib(f16_ascii.o)
    0x08018150   0x00000010   Data   RO         6735    .constdata          GUI_CM4F_L.lib(f16_ascii.o)
    0x08018160   0x00000010   Data   RO         6736    .constdata          GUI_CM4F_L.lib(f16_ascii.o)
    0x08018170   0x00000010   Data   RO         6737    .constdata          GUI_CM4F_L.lib(f16_ascii.o)
    0x08018180   0x00000020   Data   RO         6738    .constdata          GUI_CM4F_L.lib(f16_ascii.o)
    0x080181a0   0x00000020   Data   RO         6739    .constdata          GUI_CM4F_L.lib(f16_ascii.o)
    0x080181c0   0x00000020   Data   RO         6740    .constdata          GUI_CM4F_L.lib(f16_ascii.o)
    0x080181e0   0x00000020   Data   RO         6741    .constdata          GUI_CM4F_L.lib(f16_ascii.o)
    0x08018200   0x00000020   Data   RO         6742    .constdata          GUI_CM4F_L.lib(f16_ascii.o)
    0x08018220   0x00000020   Data   RO         6743    .constdata          GUI_CM4F_L.lib(f16_ascii.o)
    0x08018240   0x00000010   Data   RO         6744    .constdata          GUI_CM4F_L.lib(f16_ascii.o)
    0x08018250   0x00000020   Data   RO         6745    .constdata          GUI_CM4F_L.lib(f16_ascii.o)
    0x08018270   0x00000020   Data   RO         6746    .constdata          GUI_CM4F_L.lib(f16_ascii.o)
    0x08018290   0x00000010   Data   RO         6747    .constdata          GUI_CM4F_L.lib(f16_ascii.o)
    0x080182a0   0x00000010   Data   RO         6748    .constdata          GUI_CM4F_L.lib(f16_ascii.o)
    0x080182b0   0x00000020   Data   RO         6749    .constdata          GUI_CM4F_L.lib(f16_ascii.o)
    0x080182d0   0x00000010   Data   RO         6750    .constdata          GUI_CM4F_L.lib(f16_ascii.o)
    0x080182e0   0x00000020   Data   RO         6751    .constdata          GUI_CM4F_L.lib(f16_ascii.o)
    0x08018300   0x00000020   Data   RO         6752    .constdata          GUI_CM4F_L.lib(f16_ascii.o)
    0x08018320   0x00000020   Data   RO         6753    .constdata          GUI_CM4F_L.lib(f16_ascii.o)
    0x08018340   0x00000020   Data   RO         6754    .constdata          GUI_CM4F_L.lib(f16_ascii.o)
    0x08018360   0x00000020   Data   RO         6755    .constdata          GUI_CM4F_L.lib(f16_ascii.o)
    0x08018380   0x00000020   Data   RO         6756    .constdata          GUI_CM4F_L.lib(f16_ascii.o)
    0x080183a0   0x00000020   Data   RO         6757    .constdata          GUI_CM4F_L.lib(f16_ascii.o)
    0x080183c0   0x00000010   Data   RO         6758    .constdata          GUI_CM4F_L.lib(f16_ascii.o)
    0x080183d0   0x00000020   Data   RO         6759    .constdata          GUI_CM4F_L.lib(f16_ascii.o)
    0x080183f0   0x00000020   Data   RO         6760    .constdata          GUI_CM4F_L.lib(f16_ascii.o)
    0x08018410   0x00000020   Data   RO         6761    .constdata          GUI_CM4F_L.lib(f16_ascii.o)
    0x08018430   0x00000010   Data   RO         6762    .constdata          GUI_CM4F_L.lib(f16_ascii.o)
    0x08018440   0x00000020   Data   RO         6763    .constdata          GUI_CM4F_L.lib(f16_ascii.o)
    0x08018460   0x00000010   Data   RO         6764    .constdata          GUI_CM4F_L.lib(f16_ascii.o)
    0x08018470   0x00000010   Data   RO         6765    .constdata          GUI_CM4F_L.lib(f16_ascii.o)
    0x08018480   0x00000010   Data   RO         6766    .constdata          GUI_CM4F_L.lib(f16_ascii.o)
    0x08018490   0x00000010   Data   RO         6767    .constdata          GUI_CM4F_L.lib(f16_ascii.o)
    0x080184a0   0x00000010   Data   RO         6768    .constdata          GUI_CM4F_L.lib(f16_ascii.o)
    0x080184b0   0x00000010   Data   RO         6769    .constdata          GUI_CM4F_L.lib(f16_ascii.o)
    0x080184c0   0x00000010   Data   RO         6770    .constdata          GUI_CM4F_L.lib(f16_ascii.o)
    0x080184d0   0x00000010   Data   RO         6771    .constdata          GUI_CM4F_L.lib(f16_ascii.o)
    0x080184e0   0x00000010   Data   RO         6772    .constdata          GUI_CM4F_L.lib(f16_ascii.o)
    0x080184f0   0x00000010   Data   RO         6773    .constdata          GUI_CM4F_L.lib(f16_ascii.o)
    0x08018500   0x00000010   Data   RO         6774    .constdata          GUI_CM4F_L.lib(f16_ascii.o)
    0x08018510   0x00000010   Data   RO         6775    .constdata          GUI_CM4F_L.lib(f16_ascii.o)
    0x08018520   0x00000010   Data   RO         6776    .constdata          GUI_CM4F_L.lib(f16_ascii.o)
    0x08018530   0x00000010   Data   RO         6777    .constdata          GUI_CM4F_L.lib(f16_ascii.o)
    0x08018540   0x00000010   Data   RO         6778    .constdata          GUI_CM4F_L.lib(f16_ascii.o)
    0x08018550   0x00000010   Data   RO         6779    .constdata          GUI_CM4F_L.lib(f16_ascii.o)
    0x08018560   0x00000010   Data   RO         6780    .constdata          GUI_CM4F_L.lib(f16_ascii.o)
    0x08018570   0x00000010   Data   RO         6781    .constdata          GUI_CM4F_L.lib(f16_ascii.o)
    0x08018580   0x00000010   Data   RO         6782    .constdata          GUI_CM4F_L.lib(f16_ascii.o)
    0x08018590   0x00000020   Data   RO         6783    .constdata          GUI_CM4F_L.lib(f16_ascii.o)
    0x080185b0   0x00000010   Data   RO         6784    .constdata          GUI_CM4F_L.lib(f16_ascii.o)
    0x080185c0   0x00000010   Data   RO         6785    .constdata          GUI_CM4F_L.lib(f16_ascii.o)
    0x080185d0   0x00000010   Data   RO         6786    .constdata          GUI_CM4F_L.lib(f16_ascii.o)
    0x080185e0   0x00000010   Data   RO         6787    .constdata          GUI_CM4F_L.lib(f16_ascii.o)
    0x080185f0   0x00000010   Data   RO         6788    .constdata          GUI_CM4F_L.lib(f16_ascii.o)
    0x08018600   0x00000010   Data   RO         6789    .constdata          GUI_CM4F_L.lib(f16_ascii.o)
    0x08018610   0x00000010   Data   RO         6790    .constdata          GUI_CM4F_L.lib(f16_ascii.o)
    0x08018620   0x00000010   Data   RO         6791    .constdata          GUI_CM4F_L.lib(f16_ascii.o)
    0x08018630   0x00000010   Data   RO         6792    .constdata          GUI_CM4F_L.lib(f16_ascii.o)
    0x08018640   0x00000020   Data   RO         6793    .constdata          GUI_CM4F_L.lib(f16_ascii.o)
    0x08018660   0x00000010   Data   RO         6794    .constdata          GUI_CM4F_L.lib(f16_ascii.o)
    0x08018670   0x00000010   Data   RO         6795    .constdata          GUI_CM4F_L.lib(f16_ascii.o)
    0x08018680   0x00000010   Data   RO         6796    .constdata          GUI_CM4F_L.lib(f16_ascii.o)
    0x08018690   0x00000010   Data   RO         6797    .constdata          GUI_CM4F_L.lib(f16_ascii.o)
    0x080186a0   0x00000010   Data   RO         6798    .constdata          GUI_CM4F_L.lib(f16_ascii.o)
    0x080186b0   0x00000010   Data   RO         6799    .constdata          GUI_CM4F_L.lib(f16_ascii.o)
    0x080186c0   0x00000010   Data   RO         6800    .constdata          GUI_CM4F_L.lib(f16_ascii.o)
    0x080186d0   0x00000300   Data   RO         6801    .constdata          GUI_CM4F_L.lib(f16_ascii.o)
    0x080189d0   0x0000000c   Data   RO         6802    .constdata          GUI_CM4F_L.lib(f16_ascii.o)
    0x080189dc   0x00000020   Data   RO         6810    .constdata          GUI_CM4F_L.lib(f32_ascii.o)
    0x080189fc   0x00000020   Data   RO         6811    .constdata          GUI_CM4F_L.lib(f32_ascii.o)
    0x08018a1c   0x00000040   Data   RO         6812    .constdata          GUI_CM4F_L.lib(f32_ascii.o)
    0x08018a5c   0x00000040   Data   RO         6813    .constdata          GUI_CM4F_L.lib(f32_ascii.o)
    0x08018a9c   0x00000040   Data   RO         6814    .constdata          GUI_CM4F_L.lib(f32_ascii.o)
    0x08018adc   0x00000060   Data   RO         6815    .constdata          GUI_CM4F_L.lib(f32_ascii.o)
    0x08018b3c   0x00000060   Data   RO         6816    .constdata          GUI_CM4F_L.lib(f32_ascii.o)
    0x08018b9c   0x00000020   Data   RO         6817    .constdata          GUI_CM4F_L.lib(f32_ascii.o)
    0x08018bbc   0x00000040   Data   RO         6818    .constdata          GUI_CM4F_L.lib(f32_ascii.o)
    0x08018bfc   0x00000040   Data   RO         6819    .constdata          GUI_CM4F_L.lib(f32_ascii.o)
    0x08018c3c   0x00000040   Data   RO         6820    .constdata          GUI_CM4F_L.lib(f32_ascii.o)
    0x08018c7c   0x00000040   Data   RO         6821    .constdata          GUI_CM4F_L.lib(f32_ascii.o)
    0x08018cbc   0x00000020   Data   RO         6822    .constdata          GUI_CM4F_L.lib(f32_ascii.o)
    0x08018cdc   0x00000040   Data   RO         6823    .constdata          GUI_CM4F_L.lib(f32_ascii.o)
    0x08018d1c   0x00000020   Data   RO         6824    .constdata          GUI_CM4F_L.lib(f32_ascii.o)
    0x08018d3c   0x00000020   Data   RO         6825    .constdata          GUI_CM4F_L.lib(f32_ascii.o)
    0x08018d5c   0x00000040   Data   RO         6826    .constdata          GUI_CM4F_L.lib(f32_ascii.o)
    0x08018d9c   0x00000040   Data   RO         6827    .constdata          GUI_CM4F_L.lib(f32_ascii.o)
    0x08018ddc   0x00000040   Data   RO         6828    .constdata          GUI_CM4F_L.lib(f32_ascii.o)
    0x08018e1c   0x00000040   Data   RO         6829    .constdata          GUI_CM4F_L.lib(f32_ascii.o)
    0x08018e5c   0x00000040   Data   RO         6830    .constdata          GUI_CM4F_L.lib(f32_ascii.o)
    0x08018e9c   0x00000040   Data   RO         6831    .constdata          GUI_CM4F_L.lib(f32_ascii.o)
    0x08018edc   0x00000040   Data   RO         6832    .constdata          GUI_CM4F_L.lib(f32_ascii.o)
    0x08018f1c   0x00000040   Data   RO         6833    .constdata          GUI_CM4F_L.lib(f32_ascii.o)
    0x08018f5c   0x00000040   Data   RO         6834    .constdata          GUI_CM4F_L.lib(f32_ascii.o)
    0x08018f9c   0x00000040   Data   RO         6835    .constdata          GUI_CM4F_L.lib(f32_ascii.o)
    0x08018fdc   0x00000020   Data   RO         6836    .constdata          GUI_CM4F_L.lib(f32_ascii.o)
    0x08018ffc   0x00000020   Data   RO         6837    .constdata          GUI_CM4F_L.lib(f32_ascii.o)
    0x0801901c   0x00000040   Data   RO         6838    .constdata          GUI_CM4F_L.lib(f32_ascii.o)
    0x0801905c   0x00000040   Data   RO         6839    .constdata          GUI_CM4F_L.lib(f32_ascii.o)
    0x0801909c   0x00000040   Data   RO         6840    .constdata          GUI_CM4F_L.lib(f32_ascii.o)
    0x080190dc   0x00000040   Data   RO         6841    .constdata          GUI_CM4F_L.lib(f32_ascii.o)
    0x0801911c   0x00000080   Data   RO         6842    .constdata          GUI_CM4F_L.lib(f32_ascii.o)
    0x0801919c   0x00000060   Data   RO         6843    .constdata          GUI_CM4F_L.lib(f32_ascii.o)
    0x080191fc   0x00000060   Data   RO         6844    .constdata          GUI_CM4F_L.lib(f32_ascii.o)
    0x0801925c   0x00000060   Data   RO         6845    .constdata          GUI_CM4F_L.lib(f32_ascii.o)
    0x080192bc   0x00000060   Data   RO         6846    .constdata          GUI_CM4F_L.lib(f32_ascii.o)
    0x0801931c   0x00000060   Data   RO         6847    .constdata          GUI_CM4F_L.lib(f32_ascii.o)
    0x0801937c   0x00000060   Data   RO         6848    .constdata          GUI_CM4F_L.lib(f32_ascii.o)
    0x080193dc   0x00000060   Data   RO         6849    .constdata          GUI_CM4F_L.lib(f32_ascii.o)
    0x0801943c   0x00000060   Data   RO         6850    .constdata          GUI_CM4F_L.lib(f32_ascii.o)
    0x0801949c   0x00000020   Data   RO         6851    .constdata          GUI_CM4F_L.lib(f32_ascii.o)
    0x080194bc   0x00000040   Data   RO         6852    .constdata          GUI_CM4F_L.lib(f32_ascii.o)
    0x080194fc   0x00000060   Data   RO         6853    .constdata          GUI_CM4F_L.lib(f32_ascii.o)
    0x0801955c   0x00000040   Data   RO         6854    .constdata          GUI_CM4F_L.lib(f32_ascii.o)
    0x0801959c   0x00000060   Data   RO         6855    .constdata          GUI_CM4F_L.lib(f32_ascii.o)
    0x080195fc   0x00000060   Data   RO         6856    .constdata          GUI_CM4F_L.lib(f32_ascii.o)
    0x0801965c   0x00000060   Data   RO         6857    .constdata          GUI_CM4F_L.lib(f32_ascii.o)
    0x080196bc   0x00000060   Data   RO         6858    .constdata          GUI_CM4F_L.lib(f32_ascii.o)
    0x0801971c   0x00000060   Data   RO         6859    .constdata          GUI_CM4F_L.lib(f32_ascii.o)
    0x0801977c   0x00000060   Data   RO         6860    .constdata          GUI_CM4F_L.lib(f32_ascii.o)
    0x080197dc   0x00000060   Data   RO         6861    .constdata          GUI_CM4F_L.lib(f32_ascii.o)
    0x0801983c   0x00000040   Data   RO         6862    .constdata          GUI_CM4F_L.lib(f32_ascii.o)
    0x0801987c   0x00000060   Data   RO         6863    .constdata          GUI_CM4F_L.lib(f32_ascii.o)
    0x080198dc   0x00000060   Data   RO         6864    .constdata          GUI_CM4F_L.lib(f32_ascii.o)
    0x0801993c   0x00000080   Data   RO         6865    .constdata          GUI_CM4F_L.lib(f32_ascii.o)
    0x080199bc   0x00000060   Data   RO         6866    .constdata          GUI_CM4F_L.lib(f32_ascii.o)
    0x08019a1c   0x00000060   Data   RO         6867    .constdata          GUI_CM4F_L.lib(f32_ascii.o)
    0x08019a7c   0x00000060   Data   RO         6868    .constdata          GUI_CM4F_L.lib(f32_ascii.o)
    0x08019adc   0x00000020   Data   RO         6869    .constdata          GUI_CM4F_L.lib(f32_ascii.o)
    0x08019afc   0x00000020   Data   RO         6870    .constdata          GUI_CM4F_L.lib(f32_ascii.o)
    0x08019b1c   0x00000020   Data   RO         6871    .constdata          GUI_CM4F_L.lib(f32_ascii.o)
    0x08019b3c   0x00000040   Data   RO         6872    .constdata          GUI_CM4F_L.lib(f32_ascii.o)
    0x08019b7c   0x00000040   Data   RO         6873    .constdata          GUI_CM4F_L.lib(f32_ascii.o)
    0x08019bbc   0x00000040   Data   RO         6874    .constdata          GUI_CM4F_L.lib(f32_ascii.o)
    0x08019bfc   0x00000040   Data   RO         6875    .constdata          GUI_CM4F_L.lib(f32_ascii.o)
    0x08019c3c   0x00000040   Data   RO         6876    .constdata          GUI_CM4F_L.lib(f32_ascii.o)
    0x08019c7c   0x00000040   Data   RO         6877    .constdata          GUI_CM4F_L.lib(f32_ascii.o)
    0x08019cbc   0x00000040   Data   RO         6878    .constdata          GUI_CM4F_L.lib(f32_ascii.o)
    0x08019cfc   0x00000040   Data   RO         6879    .constdata          GUI_CM4F_L.lib(f32_ascii.o)
    0x08019d3c   0x00000020   Data   RO         6880    .constdata          GUI_CM4F_L.lib(f32_ascii.o)
    0x08019d5c   0x00000040   Data   RO         6881    .constdata          GUI_CM4F_L.lib(f32_ascii.o)
    0x08019d9c   0x00000040   Data   RO         6882    .constdata          GUI_CM4F_L.lib(f32_ascii.o)
    0x08019ddc   0x00000020   Data   RO         6883    .constdata          GUI_CM4F_L.lib(f32_ascii.o)
    0x08019dfc   0x00000020   Data   RO         6884    .constdata          GUI_CM4F_L.lib(f32_ascii.o)
    0x08019e1c   0x00000040   Data   RO         6885    .constdata          GUI_CM4F_L.lib(f32_ascii.o)
    0x08019e5c   0x00000020   Data   RO         6886    .constdata          GUI_CM4F_L.lib(f32_ascii.o)
    0x08019e7c   0x00000060   Data   RO         6887    .constdata          GUI_CM4F_L.lib(f32_ascii.o)
    0x08019edc   0x00000040   Data   RO         6888    .constdata          GUI_CM4F_L.lib(f32_ascii.o)
    0x08019f1c   0x00000040   Data   RO         6889    .constdata          GUI_CM4F_L.lib(f32_ascii.o)
    0x08019f5c   0x00000040   Data   RO         6890    .constdata          GUI_CM4F_L.lib(f32_ascii.o)
    0x08019f9c   0x00000040   Data   RO         6891    .constdata          GUI_CM4F_L.lib(f32_ascii.o)
    0x08019fdc   0x00000040   Data   RO         6892    .constdata          GUI_CM4F_L.lib(f32_ascii.o)
    0x0801a01c   0x00000040   Data   RO         6893    .constdata          GUI_CM4F_L.lib(f32_ascii.o)
    0x0801a05c   0x00000020   Data   RO         6894    .constdata          GUI_CM4F_L.lib(f32_ascii.o)
    0x0801a07c   0x00000040   Data   RO         6895    .constdata          GUI_CM4F_L.lib(f32_ascii.o)
    0x0801a0bc   0x00000040   Data   RO         6896    .constdata          GUI_CM4F_L.lib(f32_ascii.o)
    0x0801a0fc   0x00000060   Data   RO         6897    .constdata          GUI_CM4F_L.lib(f32_ascii.o)
    0x0801a15c   0x00000040   Data   RO         6898    .constdata          GUI_CM4F_L.lib(f32_ascii.o)
    0x0801a19c   0x00000040   Data   RO         6899    .constdata          GUI_CM4F_L.lib(f32_ascii.o)
    0x0801a1dc   0x00000040   Data   RO         6900    .constdata          GUI_CM4F_L.lib(f32_ascii.o)
    0x0801a21c   0x00000040   Data   RO         6901    .constdata          GUI_CM4F_L.lib(f32_ascii.o)
    0x0801a25c   0x00000020   Data   RO         6902    .constdata          GUI_CM4F_L.lib(f32_ascii.o)
    0x0801a27c   0x00000040   Data   RO         6903    .constdata          GUI_CM4F_L.lib(f32_ascii.o)
    0x0801a2bc   0x00000040   Data   RO         6904    .constdata          GUI_CM4F_L.lib(f32_ascii.o)
    0x0801a2fc   0x000002f8   Data   RO         6905    .constdata          GUI_CM4F_L.lib(f32_ascii.o)
    0x0801a5f4   0x0000000c   Data   RO         6906    .constdata          GUI_CM4F_L.lib(f32_ascii.o)
    0x0801a600   0x00000074   Data   RO         6931    .constdata          GUI_CM4F_L.lib(guidev_32.o)
    0x0801a674   0x00000018   Data   RO         6973    .constdata          GUI_CM4F_L.lib(guidev_usagebm.o)
    0x0801a68c   0x00000008   Data   RO         6991    .constdata          GUI_CM4F_L.lib(guidev_writetoactiveopaque.o)
    0x0801a694   0x0000003c   Data   RO         7193    .constdata          GUI_CM4F_L.lib(gui_cursorarrowmpx.o)
    0x0801a6d0   0x00000020   Data   RO         8306    Region$$Table       anon$$obj.o


    Execution Region RW_IRAM1 (Base: 0x20010000, Size: 0x00004b70, Max: 0x00040000, ABSOLUTE, COMPRESSED[0x00000080])

    Base Addr    Size         Type   Attr      Idx    E Section Name        Object

    0x20010000   0x0000000d   Data   RW          269    .data               th_gui.o
    0x2001000d   0x00000003   PAD
    0x20010010   0x00000012   Data   RW          312    .data               th_touch.o
    0x20010022   0x00000002   PAD
    0x20010024   0x00000004   Data   RW          455    .data               rtos_utils.o
    0x20010028   0x0000002e   Data   RW          497    .data               ft5336.o
    0x20010056   0x00000002   Data   RW          827    .data               stm32746g_discovery_sdram.o
    0x20010058   0x0000000a   Data   RW          911    .data               stm32746g_discovery_ts.o
    0x20010062   0x00000002   PAD
    0x20010064   0x00000024   Data   RW         1116    .data               rtx_conf_cm.o
    0x20010088   0x00000004   Data   RW         3230    .data               system_stm32f7xx.o
    0x2001008c   0x00000010   Data   RW         3553    .data               gui_x_rte.o
    0x2001009c   0x0000002c   Data   RW         3703    .data               lcdconf.o
    0x200100c8   0x00000008   Data   RW         4032    .data               RTX_CM4.lib(rt_cmsis.o)
    0x200100d0   0x00000008   Data   RW         4575    .data               RTX_CM4.lib(rt_task.o)
    0x200100d8   0x00000004   Data   RW         4651    .data               RTX_CM4.lib(rt_time.o)
    0x200100dc   0x00000008   Data   RW         4769    .data               GUI_CM4F_L.lib(guicc_m1555i.o)
    0x200100e4   0x00000008   Data   RW         4789    .data               GUI_CM4F_L.lib(guicc_m4444i.o)
    0x200100ec   0x00000008   Data   RW         4808    .data               GUI_CM4F_L.lib(guicc_m8888i.o)
    0x200100f4   0x00000028   Data   RW         4830    .data               GUI_CM4F_L.lib(gui__alpha.o)
    0x2001011c   0x00000008   Data   RW         4899    .data               GUI_CM4F_L.lib(gui_alloc.o)
    0x20010124   0x0000002c   Data   RW         4955    .data               GUI_CM4F_L.lib(gui_core.o)
    0x20010150   0x00000004   Data   RW         4960    .data               GUI_CM4F_L.lib(gui_core.o)
    0x20010154   0x00000004   Data   RW         4961    .data               GUI_CM4F_L.lib(gui_core.o)
    0x20010158   0x00000002   Data   RW         4963    .data               GUI_CM4F_L.lib(gui_core.o)
    0x2001015a   0x00000002   PAD
    0x2001015c   0x00000004   Data   RW         4965    .data               GUI_CM4F_L.lib(gui_core.o)
    0x20010160   0x00000002   Data   RW         4966    .data               GUI_CM4F_L.lib(gui_core.o)
    0x20010162   0x00000002   Data   RW         4967    .data               GUI_CM4F_L.lib(gui_core.o)
    0x20010164   0x0000000c   Data   RW         5002    .data               GUI_CM4F_L.lib(gui_curs1.o)
    0x20010170   0x00000024   Data   RW         5144    .data               GUI_CM4F_L.lib(gui_multibuf.o)
    0x20010194   0x00000008   Data   RW         5171    .data               GUI_CM4F_L.lib(gui_selectlayer.o)
    0x2001019c   0x00000008   Data   RW         5220    .data               GUI_CM4F_L.lib(guicc_m565.o)
    0x200101a4   0x00000008   Data   RW         5239    .data               GUI_CM4F_L.lib(guicc_m888.o)
    0x200101ac   0x00000004   Data   RW         5270    .data               GUI_CM4F_L.lib(lcd.o)
    0x200101b0   0x00000010   Data   RW         5302    .data               GUI_CM4F_L.lib(lcd_color.o)
    0x200101c0   0x00000008   Data   RW         5802    .data               RTX_CM4.lib(rt_system.o)
    0x200101c8   0x00000008   Data   RW         6090    .data               RTX_CM4.lib(rt_robin.o)
    0x200101d0   0x00000001   Data   RW         6170    .data               RTX_CM4.lib(hal_cm.o)
    0x200101d1   0x00000003   PAD
    0x200101d4   0x00000004   Data   RW         6408    .data               GUI_CM4F_L.lib(gui_fillpolygon.o)
    0x200101d8   0x0000001c   Data   RW         6570    .data               GUI_CM4F_L.lib(gui_task.o)
    0x200101f4   0x00000064   Data   RW         7060    .data               GUI_CM4F_L.lib(wm.o)
    0x20010258   0x00000014   Data   RW         7166    .data               GUI_CM4F_L.lib(gui__managecache.o)
    0x2001026c   0x00000010   Data   RW         7259    .data               GUI_CM4F_L.lib(gui_onkey.o)
    0x2001027c   0x0000000c   Data   RW         7324    .data               GUI_CM4F_L.lib(gui_waitevent.o)
    0x20010288   0x00000004   Data   RW         7435    .data               GUI_CM4F_L.lib(wm__sendmessage.o)
    0x2001028c   0x00000004   Data   RW         7569    .data               GUI_CM4F_L.lib(gui_charline.o)
    0x20010290   0x00000894   Zero   RW           12    .bss                main.o
    0x20010b24   0x0000001e   Zero   RW          267    .bss                th_gui.o
    0x20010b42   0x00000002   PAD
    0x20010b44   0x00000010   Zero   RW          453    .bss                rtos_utils.o
    0x20010b54   0x00000078   Zero   RW          621    .bss                stm32746g_discovery.o
    0x20010bcc   0x00000100   Zero   RW          826    .bss                stm32746g_discovery_sdram.o
    0x20010ccc   0x00000028   Zero   RW          910    .bss                stm32746g_discovery_ts.o
    0x20010cf4   0x00000004   PAD
    0x20010cf8   0x00003070   Zero   RW         1114    .bss                rtx_conf_cm.o
    0x20013d68   0x00000028   Zero   RW         3551    .bss                gui_x_rte.o
    0x20013d90   0x000004e8   Zero   RW         3701    .bss                lcdconf.o
    0x20014278   0x00000034   Zero   RW         4574    .bss                RTX_CM4.lib(rt_task.o)
    0x200142ac   0x000000cc   Zero   RW         4898    .bss                GUI_CM4F_L.lib(gui_alloc.o)
    0x20014378   0x00000070   Zero   RW         4953    .bss                GUI_CM4F_L.lib(gui_core.o)
    0x200143e8   0x00000028   Zero   RW         5001    .bss                GUI_CM4F_L.lib(gui_curs1.o)
    0x20014410   0x00000030   Zero   RW         5932    .bss                RTX_CM4.lib(rt_list.o)
    0x20014440   0x00000018   Zero   RW         6407    .bss                GUI_CM4F_L.lib(gui_fillpolygon.o)
    0x20014458   0x00000018   Zero   RW         7058    .bss                GUI_CM4F_L.lib(wm.o)
    0x20014470   0x00000058   Zero   RW         7258    .bss                GUI_CM4F_L.lib(gui_onkey.o)
    0x200144c8   0x00000048   Zero   RW         7530    .bss                GUI_CM4F_L.lib(wm_touch.o)
    0x20014510   0x00000060   Zero   RW         8065    .bss                c_w.l(libspace.o)
    0x20014570   0x00000200   Zero   RW         3218    HEAP                startup_stm32f746xx.o
    0x20014770   0x00000400   Zero   RW         3217    STACK               startup_stm32f746xx.o



  Load Region LR$$.ARM.__AT_0x20000000 (Base: 0x20000000, Size: 0x00000000, Max: 0x00005a00, ABSOLUTE)

    Execution Region ER$$.ARM.__AT_0x20000000 (Base: 0x20000000, Size: 0x00005a00, Max: 0x00005a00, ABSOLUTE, UNINIT)

    Base Addr    Size         Type   Attr      Idx    E Section Name        Object

    0x20000000   0x00005a00   Zero   RW         3699    .ARM.__AT_0x20000000  lcdconf.o



  Load Region LR$$.ARM.__AT_0xC0000000 (Base: 0xc0000000, Size: 0x00000000, Max: 0x0005fa00, ABSOLUTE)

    Execution Region ER$$.ARM.__AT_0xC0000000 (Base: 0xc0000000, Size: 0x0005fa00, Max: 0x0005fa00, ABSOLUTE, UNINIT)

    Base Addr    Size         Type   Attr      Idx    E Section Name        Object

    0xc0000000   0x0005fa00   Zero   RW         3700    .ARM.__AT_0xC0000000  lcdconf.o



  Load Region LR$$.ARM.__AT_0xC0200000 (Base: 0xc0200000, Size: 0x00000000, Max: 0x00200000, ABSOLUTE)

    Execution Region ER$$.ARM.__AT_0xC0200000 (Base: 0xc0200000, Size: 0x00200000, Max: 0x00200000, ABSOLUTE, UNINIT)

    Base Addr    Size         Type   Attr      Idx    E Section Name        Object

    0xc0200000   0x00200000   Zero   RW         3637    .ARM.__AT_0xC0200000  guiconf.o



  Load Region LR$$.ARM.__AT_0xC0400000 (Base: 0xc0400000, Size: 0x00000000, Max: 0x00001000, ABSOLUTE)

    Execution Region ER$$.ARM.__AT_0xC0400000 (Base: 0xc0400000, Size: 0x00001000, Max: 0x00001000, ABSOLUTE, UNINIT)

    Base Addr    Size         Type   Attr      Idx    E Section Name        Object

    0xc0400000   0x00001000   Zero   RW           11    .ARM.__AT_0xC0400000  main.o


==============================================================================

Image component sizes


      Code (inc. data)   RO Data    RW Data    ZI Data      Debug   Object Name

       406         44          0          0          0       4295   adc config.o
       492         28          0          0          0       7688   analyzer.o
       900         52          0         46          0      17839   ft5336.o
       130         30         12         16         40       5078   gui_x_rte.o
        28          8          0          0    2097152        571   guiconf.o
       368         42          0          0          0       2646   lcd_x.o
      3876        522          8         44     415976      39879   lcdconf.o
        64          8          8          0          0       2195   led_746g_discovery.o
       724         48          0          0       6292     577866   main.o
        24         10          4          4         16       1171   rtos_utils.o
       136         26         86         36      12400       9531   rtx_conf_cm.o
        64         26        456          0       1536        908   startup_stm32f746xx.o
       676         48          0          0        120       8344   stm32746g_discovery.o
       748         66          0          2        256       4710   stm32746g_discovery_sdram.o
       768         62          0         10         40       5854   stm32746g_discovery_ts.o
       104          6          0          0          0       3236   stm32f7xx_hal.o
      1556         60          0          0          0       9048   stm32f7xx_hal_adc.o
         2          0          0          0          0       1117   stm32f7xx_hal_adc_ex.o
       390         26          0          0          0      37318   stm32f7xx_hal_cortex.o
     14128        152          0          0          0      12508   stm32f7xx_hal_dma.o
       556         52          0          0          0       3213   stm32f7xx_hal_gpio.o
      1824         26          0          0          0      12684   stm32f7xx_hal_i2c.o
      2116         12          0          0          0      13573   stm32f7xx_hal_ltdc.o
       144          8          0          0          0       1392   stm32f7xx_hal_pwr_ex.o
      2216         46         16          0          0       5001   stm32f7xx_hal_rcc.o
      1948         16          0          0          0       2340   stm32f7xx_hal_rcc_ex.o
       164          0          0          0          0       3516   stm32f7xx_hal_sdram.o
       368          0          0          0          0       3748   stm32f7xx_ll_fmc.o
       100         18          0          4          0       1429   system_stm32f7xx.o
       960        254         16         13         30       2976   th_gui.o
       164         24         16         18          0       1818   th_touch.o
        88          0          0          0          0       2096   touch_746g_discovery.o

    ----------------------------------------------------------------------
     36252       1720        656        200    2533864     805588   Object Totals
         0          0         32          0          0          0   (incl. Generated)
        20          0          2          7          6          0   (incl. Padding)

    ----------------------------------------------------------------------

      Code (inc. data)   RO Data    RW Data    ZI Data      Debug   Library Member Name

         0          0       2880          0          0          0   f16_1.o
         0          0       2684          0          0          0   f16_ascii.o
         0          0       7728          0          0          0   f32_1.o
         0          0       7204          0          0          0   f32_ascii.o
         0          0       1816          0          0          0   f6x8.o
       144         10          0          0          0        248   gui_2dlib.o
       898         56          0         40          0       1148   gui__alpha.o
       664          0          0          0          0        384   gui__compactpixelindices.o
         0          0         16          0          0          0   gui__divtbl_15_255.o
         0          0        256          0          0          0   gui__divtbl_255_15.o
         0          0        256          0          0          0   gui__divtbl_255_31.o
         0          0        256          0          0          0   gui__divtbl_255_63.o
         0          0         32          0          0          0   gui__divtbl_31_255.o
         0          0         64          0          0          0   gui__divtbl_63_255.o
       322          0          0          0          0        156   gui__expandpixelindices.o
        58          0          0          0          0        116   gui__intersectrect.o
        82          0          0          0          0        128   gui__intersectrects.o
       216          8          0         20          0        252   gui__managecache.o
        76          0          0          0          0        124   gui__memset.o
      1814        102          0          8        204       2760   gui_alloc.o
        46          0          0          0          0        128   gui_alloc_alloczero.o
        60          0          0          0          0        124   gui_calccolordist.o
       164         20          0          0          0        500   gui_char.o
       458         36          0          4          0        760   gui_charline.o
       394         12          0          0          0        492   gui_charm.o
       316         10          0          0          0        624   gui_charp.o
       188          4          0          0          0        140   gui_circ.o
       440         66          8         62        112       1120   gui_core.o
       564         66          0         12         40       1252   gui_curs1.o
         0          0         32          0          0          0   gui_cursorarrowm.o
         0          0         60          0          0          0   gui_cursorarrowmpx.o
         0          0         32          0          0          0   gui_cursorcrossm.o
         0          0        126          0          0          0   gui_cursorcrossmpx.o
         0          0         24          0          0          0   gui_cursorpal.o
       434         34          8          0          0       1108   gui_device.o
       264          4          0          0          0        136   gui_dispstring.o
        40          6          0          0          0        136   gui_dispstringat.o
        52          4          0          0          0        140   gui_dispstringhcenter.o
       244         14          0          0          0        280   gui_drawbitmap.o
      1196         34         68          0          0       1308   gui_drawline.o
        92         10          0          0          0        252   gui_drawpoint.o
       532         22          0          4         24        272   gui_fillpolygon.o
        88          4          0          0          0        132   gui_fillrect.o
       160          0          0          0          0        248   gui_getbitmappixelindex.o
        48          0          0          0          0        248   gui_getcolor.o
        24          4          0          0          0        124   gui_getdrawmode.o
        66         12          0          0          0        360   gui_goto.o
        88          0          0          0          0        124   gui_mergerect.o
        30          0          0          0          0        116   gui_moverect.o
        44          6          0         36          0        116   gui_multibuf.o
        16          4          0         16         88        116   gui_onkey.o
        56          0          0          0          0        116   gui_rectsintersect.o
       206         14          0          8          0        764   gui_selectlayer.o
        26          0          0          0          0        128   gui_selectlcd.o
        44          0          0          0          0        256   gui_setcolor.o
        24          0          0          0          0        124   gui_setdrawmode.o
        32          6          0          0          0        128   gui_setfont.o
        64         16          0          0          0        136   gui_setorg.o
        32          6          0          0          0        128   gui_settextalign.o
      6618         94         52          0          0       4436   gui_sprite.o
       364         42          0         28          0        768   gui_task.o
        84         10          0          0          0        264   gui_uc.o
        18          0         16          0          0        464   gui_uc_encodenone.o
        16          4          0         12          0        116   gui_waitevent.o
       198          0         24          0          0        388   guicc_0.o
       172          0         24          0          0        376   guicc_16.o
       228         36         24          0          0        636   guicc_1616i.o
       190          0         24          0          0        356   guicc_8666.o
       194         18         24          0          0        636   guicc_88666i.o
        36          0         24          0          0        480   guicc_8888.o
         2          0          0          0          0        116   guicc_8888_index2color.o
         2          0          0          0          0        116   guicc_888_index2color.o
       290         32         24          8          0        768   guicc_m1555i.o
       312         22         24          8          0        768   guicc_m4444i.o
       258         46         24          8          0        652   guicc_m565.o
       142         16         24          8          0        636   guicc_m888.o
       184         12         24          8          0        644   guicc_m8888i.o
        30          0          0          0          0        124   guicc_m8888i_index2color.o
        20          0          0          0          0        116   guicc_m888_index2color.o
       770         40          0          0          0       1060   guidev.o
      2368         62        116          0          0       2256   guidev_32.o
        68          4          0          0          0        124   guidev_clear.o
        40          0          0          0          0        128   guidev_getdataptr.o
        84          0          0          0          0        260   guidev_usage.o
       424          4         24          0          0        748   guidev_usagebm.o
       400         14          0          0          0        144   guidev_writetoactivealpha.o
      1854         18          8          0          0        732   guidev_writetoactiveopaque.o
      5166        178         52          0          0       4516   guidrv_lin_24.o
      1730        118         12          4          0       2300   lcd.o
       276         30          0         16          0        748   lcd_color.o
        32         12          0          0          0        232   lcd_getcolorindex.o
       382         30          0          0          0       2252   lcd_getex.o
        26          0          0          0          0        128   lcd_getnumdisplays.o
         0          0        256          0          0          0   lcd_mirror.o
       504         18          0          0          0        280   lcd_readrect.o
        64          8          0          0          0        128   lcd_selectlcd.o
       344          0          0          0          0       1048   lcd_set.o
        48         10          0          0          0        128   lcd_setcliprectex.o
        36          4          0          0          0        128   lcd_updatecolorindices.o
      3024        136          0        100         24       4224   wm.o
        18          0          0          0          0        124   wm__getfirstsibling.o
        36          0          0          0          0        128   wm__getprevsibling.o
        60          6          0          4          0        136   wm__sendmessage.o
       136          0          0          0          0        140   wm_bringtobottom.o
        16          6          0          0          0        116   wm_criticalhandle.o
        32          0          0          0          0        128   wm_getclientrect.o
        24         10          0          0          0        116   wm_getdesktopwindow.o
        26          0          0          0          0        124   wm_getfirstchild.o
        26          0          0          0          0        124   wm_getparent.o
        38          0          0          0          0        140   wm_sendtoparent.o
         0          0          0          0         72          0   wm_touch.o
       268         24          0          1          0       4452   hal_cm.o
       408         34          0          0          0        816   hal_cm4.o
      1842        218          0          8          0      47300   rt_cmsis.o
       212         14          0          0          0       2028   rt_event.o
       566         44          0          0         48       9176   rt_list.o
       550         10          0          0          0       4185   rt_mailbox.o
       140          0          0          0          0       2045   rt_membox.o
       128          0          0          0          0       2419   rt_memory.o
       336         12          0          0          0       2201   rt_mutex.o
        96         22          0          8          0       1230   rt_robin.o
        52          4          0          0          0        613   rt_semaphore.o
       298         52          0          8          0       6439   rt_system.o
      1264        184          0          8         52      10563   rt_task.o
         6          0          0          4          0        684   rt_time.o
         4          4          0          0          0        200   svc_table.o
        90          0          0          0          0          0   __dczerorl2.o
         8          0          0          0          0         68   __main.o
       104          0          0          0          0         84   __printf.o
         0          0          0          0          0          0   __rtentry.o
        20          0          0          0          0          0   __rtentry2.o
         6          0          0          0          0          0   __rtentry4.o
        52          8          0          0          0          0   __scatter.o
        28          0          0          0          0          0   __scatter_zi.o
        48          6          0          0          0         96   _printf_char_common.o
         6          0          0          0          0          0   _printf_d.o
       120         16          0          0          0         92   _printf_dec.o
       178          0          0          0          0         88   _printf_intcommon.o
         0          0          0          0          0          0   _printf_percent.o
         4          0          0          0          0          0   _printf_percent_end.o
        10          0          0          0          0         68   _sputc.o
        16          0          0          0          0         68   aeabi_memset.o
        18          0          0          0          0         80   exit.o
         6          0          0          0          0        152   heapauxi.o
         0          0          0          0          0          0   indicate_semi.o
         2          0          0          0          0          0   libinit.o
         6          0          0          0          0          0   libinit2.o
         2          0          0          0          0          0   libshutdown.o
         2          0          0          0          0          0   libshutdown2.o
         8          4          0          0         96         68   libspace.o
       238          0          0          0          0        100   lludivv7m.o
        40          6          0          0          0         84   noretval__2sprintf.o
        68          0          0          0          0         68   rt_memclr.o
        78          0          0          0          0         80   rt_memclr_w.o
       138          0          0          0          0         68   rt_memcpy_v6.o
       100          0          0          0          0         80   rt_memcpy_w.o
       132          0          0          0          0         68   rt_memmove_v6.o
       122          0          0          0          0         80   rt_memmove_w.o
         2          0          0          0          0          0   rtexit.o
        10          0          0          0          0          0   rtexit2.o
        36          0          0          0          0         76   strncat.o
        86          0          0          0          0         76   strncpy.o
        12          4          0          0          0         68   sys_exit.o
        74          0          0          0          0         80   sys_stackheap_outer.o
         2          0          0          0          0         68   use_no_semi.o
        94          4          0          0          0        140   dfix.o
        38          0          0          0          0        116   dflt_clz.o
       340         12          0          0          0        152   dmul.o
       156          4          0          0          0        140   dnaninf.o
        12          0          0          0          0        116   dretinf.o
        10          0          0          0          0        116   fpinit.o
         0          0          0          0          0          0   usenofp.o

    ----------------------------------------------------------------------
     47012       2316      24352        456        760     150143   Library Totals
       104          0          2          5          0          0   (incl. Padding)

    ----------------------------------------------------------------------

      Code (inc. data)   RO Data    RW Data    ZI Data      Debug   Library Name

     38216       1630      24350        414        564      53152   GUI_CM4F_L.lib
      6170        622          0         37        100      94351   RTX_CM4.lib
      1872         44          0          0         96       1860   c_w.l
       650         20          0          0          0        780   fz_wm.l

    ----------------------------------------------------------------------
     47012       2316      24352        456        760     150143   Library Totals

    ----------------------------------------------------------------------

==============================================================================


      Code (inc. data)   RO Data    RW Data    ZI Data      Debug   

     83264       4036      25008        656    2534624     884243   Grand Totals
     83264       4036      25008        128    2534624     884243   ELF Image Totals (compressed)
     83264       4036      25008        128          0          0   ROM Totals

==============================================================================

    Total RO  Size (Code + RO Data)               108272 ( 105.73kB)
    Total RW  Size (RW Data + ZI Data)           2535280 (2475.86kB)
    Total ROM Size (Code + RO Data + RW Data)     108400 ( 105.86kB)

==============================================================================

